04-29 02:18:05.357 D/AGM: metadata( 2099): metadata_print: 106 Property Values: 
04-29 02:18:05.357 D/AGM: metadata( 2099): metadata_print: 108 0x1 
04-29 02:18:05.357 D/AGM: metadata( 2099): metadata_print: 108 0x3 
04-29 02:18:05.357 D/AGM: metadata( 2099): metadata_print: 108 0x2 
04-29 02:18:05.357 D/AGM: metadata( 2099): metadata_print: 108 0x5 
04-29 02:18:05.357 D/AGM: metadata( 2099): metadata_print: 115 ****************Metadata Done***************************
04-29 02:18:05.357 E/ACDB    ( 2099): AcdbCmdGetGraphAlias:3938 Error[19]: Unable to find graph key vector. No matching key value pairs were found
04-29 02:18:05.357 E/gsl     ( 2099): gsl_get_graph_alias:2280 acdb get graph alias failed 19, len 255
04-29 02:18:05.357 D/AGM: graph( 2099): print_graph_alias: 2499 gsl_get_graph_alias failed: ret = 19
04-29 02:18:05.357 I/gsl     ( 2099): gsl_send_spf_cmd:223 sending pkt opcode 0x1001000 token 0x148b5000
04-29 02:18:05.359 I/gsl     ( 2099): gsl_send_spf_cmd:274 rcvd pkt token : 0x148b5000
04-29 02:18:05.359 D/AGM: graph( 2099): graph_add: 1736 exit, ret 0
04-29 02:18:05.359 D/PAL: SessionAlsaPcm( 2099): setECRef: 4003: Exit, status: 0
04-29 02:18:05.359 I/PAL: SoundTriggerEngineGsl( 2099): setECRef: 1807: Exit, EC ref count : 1
04-29 02:18:05.359 I/PAL: StreamSoundTrigger( 2099): setECRef_l: 697: Exit, status 0
04-29 02:18:05.359 D/PAL: ResourceManager( 2099): checkandEnableECForRXStream_l: 4778: Exit. status: 0
04-29 02:18:05.359 D/PAL: ResourceManager( 2099): checkandEnableEC_l: 4835: Exit. status: 0
04-29 02:18:05.359 D/PAL: ResourceManager( 2099): registerDevice: 4888: Exit.
04-29 02:18:05.359 D/sixth_if_gift( 2099): sipa_payload_iv_compensation_ratio_msg: 1794: ch(0) close iv compensation
04-29 02:18:05.359 D/sixth_if_gift( 2099): sipa_payload_lp_protection_val: 1711: ch:0, f0(707), lpx(38526), re(6355098)
04-29 02:18:05.359 D/sixth_if_gift( 2099): sipa_payload_iv_compensation_ratio_msg: 1794: ch(1) close iv compensation
04-29 02:18:05.359 D/sixth_if_gift( 2099): sipa_payload_lp_protection_val: 1711: ch:1, f0(897), lpx(36795), re(6249995)
04-29 02:18:05.359 D/PAL_OplusPalCommon( 2099): getActiveStreamPcmId: 2116:  dir: 1, stream: 0xb40000792d713480, pcmDevId: 126
04-29 02:18:05.359 D/AGM: graph( 2099): graph_set_config: 1245 entry graph_handle 0x347534c
04-29 02:18:05.359 I/gsl     ( 2099): gsl_send_spf_cmd:223 sending pkt opcode 0x1001006 token 0x148b6000
04-29 02:18:05.360 I/gsl     ( 2099): gsl_send_spf_cmd:274 rcvd pkt token : 0x148b6000
04-29 02:18:05.360 D/AGM: graph( 2099): graph_set_config: 1253 exit, graph handle 0x347534c, ret 0
04-29 02:18:05.360 D/PAL_OplusSpeakerProtection( 2099): updateDynamicEQ: 749: updateDynamicEQ: mEqDynCtlVal=-1, mDeviceStartCount=1, ret=0
04-29 02:18:05.360 D/PAL: ResourceManager( 2099): checkAndSetDutyCycleParam: 7425: duty cycle for UPD not enabled
04-29 02:18:05.360 D/PAL: memLoggerBuilder( 2099): palStateQueueBuilder: 77: TIME IS:1777400285360
04-29 02:18:05.360 D/PAL: StreamPCM( 2099): start: 775: Exit. state 3, status 0
04-29 02:18:05.360 I/PAL: API( 2099): pal_stream_start: 574: Exit. status 0
04-29 02:18:05.361 E/PERFHAL-OPTSHANDLER( 2137): PERFHAL-OPTSHANDLER: unsupported() 909: Error: This resource is not supported
04-29 02:18:05.361 E/PERFHAL-RESOURCEQS( 2137): PERFHAL-RESOURCEQS: RemoveAndApply() 299: Failed to reset optimization here [18, 0]
04-29 02:18:05.361 I/[UAH_CLIENT]( 2137): UahRelease, handle:121999
04-29 02:18:05.361 I/AHAL_StreamOut_QTI( 2099): configure : usecase: DEEP_BUFFER_PLAYBACK IoHandle: 37 : stream is configured
04-29 02:18:05.361 I/AHAL_StreamOut_QTI( 2099): configure : usecase: DEEP_BUFFER_PLAYBACK IoHandle: 37 : completed in 111.845 ms [pal_stream_open: 54.2333, ms pal_stream_start: 57.5373 ms]
04-29 02:18:05.361 D/AudioFlinger( 2359): write() process 112 ms, mBufferMs 40
04-29 02:18:05.361 D/AudioFlinger( 2359): prepareTracks_l: track 2679 sid 22057 s=00664860 [OK] on thread 37, framesReady=5304, minFrames=1, isReady=1, isTerminated=0, isShare=1, Ignor=1, desirFs=1768
04-29 02:18:05.361 D/AudioResamplerDyn( 2359): AudioResamplerDyn reset
04-29 02:18:05.361 D/AFExtImpl( 2359): checkTrackBuffer1() track 0xb4000074e5768f18 get INFO from NEW, channelCount 2, pid 21887
04-29 02:18:05.361 D/AFExtImpl( 2359): AudioDetect init checkType: 511
04-29 02:18:05.361 D/AFExtImpl( 2359): initFromProperty() 0xb40000751a472900, sAdSwitch 1, typeCheck 511, logdumpEnable 0, pcmdumpEnable 0, trackPid 21887
04-29 02:18:05.361 D/AFExtImpl( 2359): checkPop new popHandleL 0xb40000751a580860
04-29 02:18:05.361 D/AFExtImpl( 2359): checkPop new popHandleLR 0xb40000751a581f20
04-29 02:18:05.361 D/AFExtImpl( 2359): checkZd new zdHandleL 0xb4000074e5757000
04-29 02:18:05.361 D/AFExtImpl( 2359): checkZd new zdHandleLR 0xb4000074f5419000
04-29 02:18:05.365 D/AdfrV32FrameRateUtils( 5372): animationVelocityCalculator: nullbounds: 0 0 1080 2376
04-29 02:18:05.365 D/AdfrV32FrameRateUtils( 5372): animationVelocityCalculator: nullbounds: 0 0 1080 2376
04-29 02:18:05.373 D/AdfrV32FrameRateUtils( 5372): animationVelocityCalculator: nullbounds: 0 0 1080 2376
04-29 02:18:05.373 D/AdfrV32FrameRateUtils( 5372): animationVelocityCalculator: nullbounds: 0 0 1080 2376
04-29 02:18:05.381 D/AdfrV32FrameRateUtils( 5372): animationVelocityCalculator: nullbounds: 0 0 1080 2376
04-29 02:18:05.381 D/AdfrV32FrameRateUtils( 5372): animationVelocityCalculator: nullbounds: 0 0 1080 2376
04-29 02:18:05.390 D/AdfrV32FrameRateUtils( 5372): animationVelocityCalculator: nullbounds: 0 0 1080 2376
04-29 02:18:05.390 D/AdfrV32FrameRateUtils( 5372): animationVelocityCalculator: nullbounds: 0 0 1080 2376
04-29 02:18:05.391 D/CommonApp-338-10639( 5752): transport layer data is invalid
04-29 02:18:05.391 D/ScorePolicy( 5752): handleScoreChanged: []
04-29 02:18:05.391 D/ScorePolicy( 5752): handleScoreChanged: []
04-29 02:18:05.391 D/ScorePolicy( 5752): handleScoreChanged: []
04-29 02:18:05.398 D/AdfrV32FrameRateUtils( 5372): animationVelocityCalculator: nullbounds: 0 0 1080 2376
04-29 02:18:05.398 D/AdfrV32FrameRateUtils( 5372): animationVelocityCalculator: nullbounds: 0 0 1080 2376
04-29 02:18:05.406 D/AdfrV32FrameRateUtils( 5372): animationVelocityCalculator: nullbounds: 0 0 1080 2376
04-29 02:18:05.406 D/AdfrV32FrameRateUtils( 5372): animationVelocityCalculator: nullbounds: 0 0 1080 2376
04-29 02:18:05.415 D/AdfrV32FrameRateUtils( 5372): animationVelocityCalculator: nullbounds: 0 0 1080 2376
04-29 02:18:05.415 D/AdfrV32FrameRateUtils( 5372): animationVelocityCalculator: nullbounds: 0 0 1080 2376
04-29 02:18:05.423 D/AdfrV32FrameRateUtils( 5372): animationVelocityCalculator: nullbounds: 0 0 1080 2376
04-29 02:18:05.423 D/AdfrV32FrameRateUtils( 5372): animationVelocityCalculator: nullbounds: 0 0 1080 2376
04-29 02:18:05.431 D/AdfrV32FrameRateUtils( 5372): animationVelocityCalculator: nullbounds: 0 0 1080 2376
04-29 02:18:05.431 D/AdfrV32FrameRateUtils( 5372): animationVelocityCalculator: nullbounds: 0 0 1080 2376
04-29 02:18:05.440 D/AdfrV32FrameRateUtils( 5372): animationVelocityCalculator: nullbounds: 0 0 1080 2376
04-29 02:18:05.440 D/AdfrV32FrameRateUtils( 5372): animationVelocityCalculator: nullbounds: 0 0 1080 2376
04-29 02:18:05.448 D/AudioFlinger( 2359): mixer(0xb4000074e9c0d300) throttle end: throttle time(52)
04-29 02:18:05.448 D/AdfrV32FrameRateUtils( 5372): animationVelocityCalculator: nullbounds: 0 0 1080 2376
04-29 02:18:05.448 D/AdfrV32FrameRateUtils( 5372): animationVelocityCalculator: nullbounds: 0 0 1080 2376
04-29 02:18:05.456 D/AdfrV32FrameRateUtils( 5372): animationVelocityCalculator: nullbounds: 0 0 1080 2376
04-29 02:18:05.456 D/AdfrV32FrameRateUtils( 5372): animationVelocityCalculator: nullbounds: 0 0 1080 2376
04-29 02:18:05.457 I/vendor.qti.bluetooth@1.0-ibs_handler( 2087): DeviceSleep: TX Awake, Sending SLEEP_IND
04-29 02:18:05.457 D/vendor.qti.bluetooth@1.0-ibs_handler( 2087): SerialClockVote: vote for UART CLK OFF
04-29 02:18:05.464 D/AdfrV32FrameRateUtils( 5372): animationVelocityCalculator: nullbounds: 0 0 1080 2376
04-29 02:18:05.465 D/AdfrV32FrameRateUtils( 5372): animationVelocityCalculator: nullbounds: 0 0 1080 2376
04-29 02:18:05.473 D/AdfrV32FrameRateUtils( 5372): animationVelocityCalculator: nullbounds: 0 0 1080 2376
04-29 02:18:05.473 D/AdfrV32FrameRateUtils( 5372): animationVelocityCalculator: nullbounds: 0 0 1080 2376
04-29 02:18:05.481 D/AdfrV32FrameRateUtils( 5372): animationVelocityCalculator: nullbounds: 0 0 1080 2376
04-29 02:18:05.481 D/AdfrV32FrameRateUtils( 5372): animationVelocityCalculator: nullbounds: 0 0 1080 2376
04-29 02:18:05.489 D/AdfrV32FrameRateUtils( 5372): animationVelocityCalculator: nullbounds: 0 0 1080 2376
04-29 02:18:05.490 D/AdfrV32FrameRateUtils( 5372): animationVelocityCalculator: nullbounds: 0 0 1080 2376
04-29 02:18:05.498 D/AdfrV32FrameRateUtils( 5372): animationVelocityCalculator: nullbounds: 0 0 1080 2376
04-29 02:18:05.498 D/AdfrV32FrameRateUtils( 5372): animationVelocityCalculator: nullbounds: 0 0 1080 2376
04-29 02:18:05.506 D/AdfrV32FrameRateUtils( 5372): animationVelocityCalculator: nullbounds: 0 0 1080 2376
04-29 02:18:05.506 D/AdfrV32FrameRateUtils( 5372): animationVelocityCalculator: nullbounds: 0 0 1080 2376
04-29 02:18:05.514 D/AdfrV32FrameRateUtils( 5372): animationVelocityCalculator: nullbounds: 0 0 1080 2376
04-29 02:18:05.515 D/AdfrV32FrameRateUtils( 5372): animationVelocityCalculator: nullbounds: 0 0 1080 2376
04-29 02:18:05.523 D/AdfrV32FrameRateUtils( 5372): animationVelocityCalculator: nullbounds: 0 0 1080 2376
04-29 02:18:05.523 D/AdfrV32FrameRateUtils( 5372): animationVelocityCalculator: nullbounds: 0 0 1080 2376
04-29 02:18:05.531 D/AdfrV32FrameRateUtils( 5372): animationVelocityCalculator: nullbounds: 0 0 1080 2376
04-29 02:18:05.531 D/AdfrV32FrameRateUtils( 5372): animationVelocityCalculator: nullbounds: 0 0 1080 2376
04-29 02:18:05.535 E/CwbService( 2125): Panel not support apl read or getDisplayPanelAplValue timeout 10ms.
04-29 02:18:05.535 D/SensorFeature( 2222): name=ssc_screenshot_info ,index = 22
04-29 02:18:05.535 D/SensorFeature( 2222): write 39 bytes:231523349761070,231523358094403,40440,0
04-29 02:18:05.539 D/AdfrV32FrameRateUtils( 5372): animationVelocityCalculator: nullbounds: 0 0 1080 2376
04-29 02:18:05.540 D/AdfrV32FrameRateUtils( 5372): animationVelocityCalculator: nullbounds: 0 0 1080 2376
04-29 02:18:05.548 D/AdfrV32FrameRateUtils( 5372): animationVelocityCalculator: nullbounds: 0 0 1080 2376
04-29 02:18:05.548 D/AdfrV32FrameRateUtils( 5372): animationVelocityCalculator: nullbounds: 0 0 1080 2376
04-29 02:18:05.556 D/AdfrV32FrameRateUtils( 5372): animationVelocityCalculator: nullbounds: 0 0 1080 2376
04-29 02:18:05.556 D/AdfrV32FrameRateUtils( 5372): animationVelocityCalculator: nullbounds: 0 0 1080 2376
04-29 02:18:05.564 D/AdfrV32FrameRateUtils( 5372): animationVelocityCalculator: nullbounds: 0 0 1080 2376
04-29 02:18:05.565 D/AdfrV32FrameRateUtils( 5372): animationVelocityCalculator: nullbounds: 0 0 1080 2376
04-29 02:18:05.573 D/AdfrV32FrameRateUtils( 5372): animationVelocityCalculator: nullbounds: 0 0 1080 2376
04-29 02:18:05.573 D/AdfrV32FrameRateUtils( 5372): animationVelocityCalculator: nullbounds: 0 0 1080 2376
04-29 02:18:05.581 D/AdfrV32FrameRateUtils( 5372): animationVelocityCalculator: nullbounds: 0 0 1080 2376
04-29 02:18:05.581 D/AdfrV32FrameRateUtils( 5372): animationVelocityCalculator: nullbounds: 0 0 1080 2376
04-29 02:18:05.586 D/UlPriorityPolicyForeground( 5471): match: config has not com.hai.music
04-29 02:18:05.589 D/AdfrV32FrameRateUtils( 5372): animationVelocityCalculator: nullbounds: 0 0 1080 2376
04-29 02:18:05.590 D/AdfrV32FrameRateUtils( 5372): animationVelocityCalculator: nullbounds: 0 0 1080 2376
04-29 02:18:05.598 D/AdfrV32FrameRateUtils( 5372): animationVelocityCalculator: nullbounds: 0 0 1080 2376
04-29 02:18:05.598 D/AdfrV32FrameRateUtils( 5372): animationVelocityCalculator: nullbounds: 0 0 1080 2376
04-29 02:18:05.606 D/AdfrV32FrameRateUtils( 5372): animationVelocityCalculator: nullbounds: 0 0 1080 2376
04-29 02:18:05.606 D/AdfrV32FrameRateUtils( 5372): animationVelocityCalculator: nullbounds: 0 0 1080 2376
04-29 02:18:05.608 D/vendor.qti.bluetooth@1.0-wake_lock( 2087): Release wakelock is released 
04-29 02:18:05.614 D/AdfrV32FrameRateUtils( 5372): animationVelocityCalculator: nullbounds: 0 0 1080 2376
04-29 02:18:05.615 D/AdfrV32FrameRateUtils( 5372): animationVelocityCalculator: nullbounds: 0 0 1080 2376
04-29 02:18:05.619 D/VRR [OTI-HW]( 2388): isStateReady 0
04-29 02:18:05.619 D/VRR [OTI-HW]( 2388): keep rate.
04-29 02:18:05.623 D/AdfrV32FrameRateUtils( 5372): animationVelocityCalculator: nullbounds: 0 0 1080 2376
04-29 02:18:05.623 D/AdfrV32FrameRateUtils( 5372): animationVelocityCalculator: nullbounds: 0 0 1080 2376
04-29 02:18:05.631 D/AdfrV32FrameRateUtils( 5372): animationVelocityCalculator: nullbounds: 0 0 1080 2376
04-29 02:18:05.631 D/AdfrV32FrameRateUtils( 5372): animationVelocityCalculator: nullbounds: 0 0 1080 2376
04-29 02:18:05.632 D/Badger/JNI(21887): eventDispatch start
04-29 02:18:05.632 I/Badger/NativeMain(21887): nativeSetServerTS start
04-29 02:18:05.639 D/AdfrV32FrameRateUtils( 5372): animationVelocityCalculator: nullbounds: 0 0 1080 2376
04-29 02:18:05.640 D/AdfrV32FrameRateUtils( 5372): animationVelocityCalculator: nullbounds: 0 0 1080 2376
04-29 02:18:05.648 D/AdfrV32FrameRateUtils( 5372): animationVelocityCalculator: nullbounds: 0 0 1080 2376
04-29 02:18:05.648 D/AdfrV32FrameRateUtils( 5372): animationVelocityCalculator: nullbounds: 0 0 1080 2376
04-29 02:18:05.656 D/AdfrV32FrameRateUtils( 5372): animationVelocityCalculator: nullbounds: 0 0 1080 2376
04-29 02:18:05.656 D/AdfrV32FrameRateUtils( 5372): animationVelocityCalculator: nullbounds: 0 0 1080 2376
04-29 02:18:05.657 E/KeymasterUtils( 1287): IKMHal_sendCmd failed with rsp_header->status: -28
04-29 02:18:05.657 E/KeyMasterHalDevice( 1287): abort_operation
04-29 02:18:05.657 E/KeyMasterHalDevice( 1287): ret: -28
04-29 02:18:05.657 E/KeymasterUtils( 1287): IKMHal_sendCmd failed with rsp_header->status: -28
04-29 02:18:05.657 E/KeyMasterHalDevice( 1287): abort_operation
04-29 02:18:05.657 E/KeyMasterHalDevice( 1287): ret: -28
04-29 02:18:05.664 D/AdfrV32FrameRateUtils( 5372): animationVelocityCalculator: nullbounds: 0 0 1080 2376
04-29 02:18:05.665 D/AdfrV32FrameRateUtils( 5372): animationVelocityCalculator: nullbounds: 0 0 1080 2376
04-29 02:18:05.673 D/AdfrV32FrameRateUtils( 5372): animationVelocityCalculator: nullbounds: 0 0 1080 2376
04-29 02:18:05.673 D/AdfrV32FrameRateUtils( 5372): animationVelocityCalculator: nullbounds: 0 0 1080 2376
04-29 02:18:05.681 D/AdfrV32FrameRateUtils( 5372): animationVelocityCalculator: nullbounds: 0 0 1080 2376
04-29 02:18:05.681 D/AdfrV32FrameRateUtils( 5372): animationVelocityCalculator: nullbounds: 0 0 1080 2376
04-29 02:18:05.689 D/AdfrV32FrameRateUtils( 5372): animationVelocityCalculator: nullbounds: 0 0 1080 2376
04-29 02:18:05.690 D/AdfrV32FrameRateUtils( 5372): animationVelocityCalculator: nullbounds: 0 0 1080 2376
04-29 02:18:05.698 D/AdfrV32FrameRateUtils( 5372): animationVelocityCalculator: nullbounds: 0 0 1080 2376
04-29 02:18:05.698 D/AdfrV32FrameRateUtils( 5372): animationVelocityCalculator: nullbounds: 0 0 1080 2376
04-29 02:18:05.706 D/AdfrV32FrameRateUtils( 5372): animationVelocityCalculator: nullbounds: 0 0 1080 2376
04-29 02:18:05.706 D/AdfrV32FrameRateUtils( 5372): animationVelocityCalculator: nullbounds: 0 0 1080 2376
04-29 02:18:05.710 D/AS.AudioService( 3543): uid 1000, callingApp = android.uid.system:1000
04-29 02:18:05.714 D/AdfrV32FrameRateUtils( 5372): animationVelocityCalculator: nullbounds: 0 0 1080 2376
04-29 02:18:05.715 D/AdfrV32FrameRateUtils( 5372): animationVelocityCalculator: nullbounds: 0 0 1080 2376
04-29 02:18:05.723 D/AdfrV32FrameRateUtils( 5372): animationVelocityCalculator: nullbounds: 0 0 1080 2376
04-29 02:18:05.723 D/AdfrV32FrameRateUtils( 5372): animationVelocityCalculator: nullbounds: 0 0 1080 2376
04-29 02:18:05.731 D/AdfrV32FrameRateUtils( 5372): animationVelocityCalculator: nullbounds: 0 0 1080 2376
04-29 02:18:05.731 D/AdfrV32FrameRateUtils( 5372): animationVelocityCalculator: nullbounds: 0 0 1080 2376
04-29 02:18:05.739 D/AdfrV32FrameRateUtils( 5372): animationVelocityCalculator: nullbounds: 0 0 1080 2376
04-29 02:18:05.740 D/AdfrV32FrameRateUtils( 5372): animationVelocityCalculator: nullbounds: 0 0 1080 2376
04-29 02:18:05.745 I/sensors-hal( 2094): handle_oplus_wise_rgb_event:182, high_pwm_light: lux 1.598603, cct 5300.000000, brl/algo/ir 949.0/2.0/0.0, r/g/b/c 68.508537/41.968765/29.546734/138.981506, ts 231523333634301, cnt 14589, flag 40440
04-29 02:18:05.748 D/AdfrV32FrameRateUtils( 5372): animationVelocityCalculator: nullbounds: 0 0 1080 2376
04-29 02:18:05.748 D/AdfrV32FrameRateUtils( 5372): animationVelocityCalculator: nullbounds: 0 0 1080 2376
04-29 02:18:05.751 V/DeepThinker( 9572): BroadcastReceiverWrapper: onReceive, start dispatch android.media.ACTION_AUDIO_PLAYBACK_STATE_CHANGED
04-29 02:18:05.751 V/DeepThinker( 9572): BroadcastReceiverWrapper: onReceive, finish dispatch android.media.ACTION_AUDIO_PLAYBACK_STATE_CHANGED  category : null  Time consuming : 0 ms
04-29 02:18:05.752 D/OplusWifiNoaAdapter( 3543): state is 205
04-29 02:18:05.752 D/OplusSmartScanUtils( 3543): Set low latency scan mode 
04-29 02:18:05.752 D/OplusSmartScanUtils( 3543): wifiTypes =  [STA]
04-29 02:18:05.753 W/Battery ( 6283): DeepThinkerProxy: onEventStateChanged DeviceEventResult :	eventType is :205	eventStateType is :0	pid is : 21887		packageName is : com.ss.android.ugc.aweme
04-29 02:18:05.753 D/OplusSmartScanUtils( 3543): cmd: driver SETDWELLTIME ACTIVE MAX 30
04-29 02:18:05.753 D/OplusSmartScanUtils( 3543): cmd: driver SETDWELLTIME PASSIVE MAX 30
04-29 02:18:05.753 D/OplusSmartScanUtils( 3543): cmd: driver CONCSETDWELLTIME ACTIVE MAX 30
04-29 02:18:05.753 D/OplusSmartScanUtils( 3543): cmd: driver CONCSETDWELLTIME PASSIVE MAX 30
04-29 02:18:05.754 E/wpa_supplicant( 5059): wpa_driver_nl80211_driver_cmd: failed to issue private commands, ret:-1, errno:524
04-29 02:18:05.754 D/OplusSmartScanUtils( 3543): cmd: driver SETBURSTTIME STA 30
04-29 02:18:05.754 E/OplusSmartScanUtils( 3543): doStringCommand error 
04-29 02:18:05.755 D/AS.AudioService( 3543): uid 1000, callingApp = android.uid.system:1000
04-29 02:18:05.756 D/AdfrV32FrameRateUtils( 5372): animationVelocityCalculator: nullbounds: 0 0 1080 2376
04-29 02:18:05.756 D/AdfrV32FrameRateUtils( 5372): animationVelocityCalculator: nullbounds: 0 0 1080 2376
04-29 02:18:05.764 D/AdfrV32FrameRateUtils( 5372): animationVelocityCalculator: nullbounds: 0 0 1080 2376
04-29 02:18:05.764 D/AdfrV32FrameRateUtils( 5372): animationVelocityCalculator: nullbounds: 0 0 1080 2376
04-29 02:18:05.773 D/AdfrV32FrameRateUtils( 5372): animationVelocityCalculator: nullbounds: 0 0 1080 2376
04-29 02:18:05.773 D/AdfrV32FrameRateUtils( 5372): animationVelocityCalculator: nullbounds: 0 0 1080 2376
04-29 02:18:05.781 D/AdfrV32FrameRateUtils( 5372): animationVelocityCalculator: nullbounds: 0 0 1080 2376
04-29 02:18:05.781 D/AdfrV32FrameRateUtils( 5372): animationVelocityCalculator: nullbounds: 0 0 1080 2376
04-29 02:18:05.789 D/AdfrV32FrameRateUtils( 5372): animationVelocityCalculator: nullbounds: 0 0 1080 2376
04-29 02:18:05.789 D/AdfrV32FrameRateUtils( 5372): animationVelocityCalculator: nullbounds: 0 0 1080 2376
04-29 02:18:05.798 D/AdfrV32FrameRateUtils( 5372): animationVelocityCalculator: nullbounds: 0 0 1080 2376
04-29 02:18:05.798 D/AdfrV32FrameRateUtils( 5372): animationVelocityCalculator: nullbounds: 0 0 1080 2376
04-29 02:18:05.806 D/AdfrV32FrameRateUtils( 5372): animationVelocityCalculator: nullbounds: 0 0 1080 2376
04-29 02:18:05.806 D/AdfrV32FrameRateUtils( 5372): animationVelocityCalculator: nullbounds: 0 0 1080 2376
04-29 02:18:05.814 D/AdfrV32FrameRateUtils( 5372): animationVelocityCalculator: nullbounds: 0 0 1080 2376
04-29 02:18:05.814 D/AdfrV32FrameRateUtils( 5372): animationVelocityCalculator: nullbounds: 0 0 1080 2376
04-29 02:18:05.818 E/CwbService( 2125): Panel not support apl read or getDisplayPanelAplValue timeout 10ms.
04-29 02:18:05.818 D/SensorFeature( 2222): name=ssc_screenshot_info ,index = 22
04-29 02:18:05.818 D/SensorFeature( 2222): write 39 bytes:231523632848987,231523641182320,40441,0
04-29 02:18:05.823 D/AdfrV32FrameRateUtils( 5372): animationVelocityCalculator: nullbounds: 0 0 1080 2376
04-29 02:18:05.823 D/AdfrV32FrameRateUtils( 5372): animationVelocityCalculator: nullbounds: 0 0 1080 2376
04-29 02:18:05.831 D/AdfrV32FrameRateUtils( 5372): animationVelocityCalculator: nullbounds: 0 0 1080 2376
04-29 02:18:05.831 D/AdfrV32FrameRateUtils( 5372): animationVelocityCalculator: nullbounds: 0 0 1080 2376
04-29 02:18:05.839 D/AdfrV32FrameRateUtils( 5372): animationVelocityCalculator: nullbounds: 0 0 1080 2376
04-29 02:18:05.839 D/AdfrV32FrameRateUtils( 5372): set frameRate in trantion end, leash=Surface(name=Task=24511)/@0xe8303fb, transaction=android.view.SurfaceControl$Transaction@ef12c77, precisionType=2, typeId=20101, typeEnable=false
04-29 02:18:05.840 D/AdfrV32FrameRateUtils( 5372): animationVelocityCalculator: nullbounds: 0 0 1080 2376
04-29 02:18:05.840 D/AdfrV32FrameRateUtils( 5372): set frameRate in trantion end, leash=Surface(name=Task=24509)/@0x532a18a, transaction=android.view.SurfaceControl$Transaction@ef12c77, precisionType=2, typeId=20101, typeEnable=false
04-29 02:18:05.840 D/OplusShellTransition( 5372): DefaultTransitionHandler#onAnimFinish=> transition=android.os.BinderProxy@c514b7e, backAnimContinue=false
04-29 02:18:05.840 V/WindowManagerShell( 5372): Transition animation finished (aborted=false), notifying core (#5668) android.os.BinderProxy@c514b7e@0
04-29 02:18:05.840 D/SplitScreen-->AppLockManager( 5372): setStartFromSafeControl mStartFromSafeControl=false
04-29 02:18:05.841 D/ShellTaskOrganizerExt( 5372): adjust change for exiting mini task: -1
04-29 02:18:05.842 D/Transition( 3543): finishTransition ar ActivityRecord{130954631 u0 com.hai.music/.MainActivity t24511 f} isExiting}, isVisibleRequested=false, state=DESTROYED, visibleAtTransitionEndTokens={ActivityRecord{251237729 u0 com.ss.android.ugc.aweme/.splash.SplashActivity t24509}}, this=TransitionRecord{aac6a3f id=5668 track=0 type=CLOSE flags=0x0 state=2 c=[
04-29 02:18:05.842 D/Transition( 3543):    ChangeInfo{f829f0c container=Display{#0 state=ON size=1080x2376 ROTATION_0} flags=0x0}
04-29 02:18:05.842 D/Transition( 3543):    ChangeInfo{15a7598 container=Task{78b0174 #24509 type=standard A=10331:com.ss.android.ugc.aweme} flags=0x30}
04-29 02:18:05.842 D/Transition( 3543):    ChangeInfo{65b9055 container=ActivityRecord{130954631 u0 com.hai.music/.MainActivity t24511 f} isExiting} flags=0x0}
04-29 02:18:05.842 D/Transition( 3543):    ChangeInfo{1b48a6a container=DefaultTaskDisplayArea@237509074 flags=0x0}
04-29 02:18:05.842 D/Transition( 3543):    ChangeInfo{4076b5b container=ActivityRecord{251237729 u0 com.ss.android.ugc.aweme/.splash.SplashActivity t24509} flags=0x0}
04-29 02:18:05.842 D/Transition( 3543):    ChangeInfo{ee891f1 container=Task{f1c935a #24511 type=standard A=10639:com.hai.music} flags=0x0}
04-29 02:18:05.842 D/Transition( 3543): ]
04-29 02:18:05.842 D/Transition( 3543): }
04-29 02:18:05.842 D/ActivityTaskManager( 3543): commitVisibility: ActivityRecord{130954631 u0 com.hai.music/.MainActivity t24511 f} isExiting}: visible=false visibleRequested=false, isInTransition=false 
04-29 02:18:05.842 D/WindowManager( 3543): NFW_setClientVisible:ActivityRecord{130954631 u0 com.hai.music/.MainActivity t24511 f} isExiting} clientVisible:false
04-29 02:18:05.842 E/IPCThreadState( 3543): Binder transaction failure. id: 94721804, BR_*: 29189, error: -22 (Invalid argument)
04-29 02:18:05.842 W/ActivityManager( 3543): pid 3543 system sent binder code 7 with flags 1 to frozen apps and got error -32
04-29 02:18:05.842 D/ActivityManager( 3543): Too many transaction errors, throttling freezer binder callback.
04-29 02:18:05.843 W/WindowManager( 3543): Exception thrown during dispatchAppVisibility Window{6327aea u0 com.hai.music/com.hai.music.MainActivity EXITING}
04-29 02:18:05.843 W/WindowManager( 3543): android.os.DeadObjectException
04-29 02:18:05.843 W/WindowManager( 3543): 	at android.os.BinderProxy.transactNative(Native Method)
04-29 02:18:05.843 W/WindowManager( 3543): 	at android.os.BinderProxy.transact(BinderProxy.java:685)
04-29 02:18:05.843 W/WindowManager( 3543): 	at android.view.IWindow$Stub$Proxy.dispatchAppVisibility(IWindow.java:609)
04-29 02:18:05.843 W/WindowManager( 3543): 	at com.android.server.wm.WindowState.sendAppVisibilityToClients(WindowState.java:3644)
04-29 02:18:05.843 W/WindowManager( 3543): 	at com.android.server.wm.WindowContainer.sendAppVisibilityToClients(WindowContainer.java:1499)
04-29 02:18:05.843 W/WindowManager( 3543): 	at com.android.server.wm.WindowToken.setClientVisible(WindowToken.java:427)
04-29 02:18:05.843 W/WindowManager( 3543): 	at com.android.server.wm.ActivityRecord.setClientVisible(ActivityRecord.java:8317)
04-29 02:18:05.843 W/WindowManager( 3543): 	at com.android.server.wm.ActivityRecord.commitVisibility(ActivityRecord.java:6830)
04-29 02:18:05.843 W/WindowManager( 3543): 	at com.android.server.wm.Transition.finishTransition(Transition.java:1700)
04-29 02:18:05.843 W/WindowManager( 3543): 	at com.android.server.wm.TransitionController.finishTransition(TransitionController.java:1171)
04-29 02:18:05.843 W/WindowManager( 3543): 	at com.android.server.wm.WindowOrganizerController.finishTransition(WindowOrganizerController.java:595)
04-29 02:18:05.843 W/WindowManager( 3543): 	at android.window.IWindowOrganizerController$Stub.onTransact(IWindowOrganizerController.java:376)
04-29 02:18:05.843 W/WindowManager( 3543): 	at com.android.server.wm.WindowOrganizerController.onTransact(WindowOrganizerController.java:238)
04-29 02:18:05.843 W/WindowManager( 3543): 	at android.os.Binder.execTransactInternal(Binder.java:1444)
04-29 02:18:05.843 W/WindowManager( 3543): 	at android.os.Binder.execTransact(Binder.java:1378)
04-29 02:18:05.843 W/Process ( 3543): Unable to open /proc/18477/status
04-29 02:18:05.843 I/WindowManager( 3543): Window{6327aea u0 com.hai.music/com.hai.music.MainActivity EXITING} state from HAS_DRAWN to DRAW_PENDING; reason: resetDrawState
04-29 02:18:05.843 D/Transition( 3543): finishTransition ar ActivityRecord{251237729 u0 com.ss.android.ugc.aweme/.splash.SplashActivity t24509}, isVisibleRequested=true, state=RESUMED, visibleAtTransitionEndTokens={ActivityRecord{251237729 u0 com.ss.android.ugc.aweme/.splash.SplashActivity t24509}}, this=TransitionRecord{aac6a3f id=5668 track=0 type=CLOSE flags=0x0 state=2 c=[
04-29 02:18:05.843 D/Transition( 3543):    ChangeInfo{f829f0c container=Display{#0 state=ON size=1080x2376 ROTATION_0} flags=0x0}
04-29 02:18:05.843 D/Transition( 3543):    ChangeInfo{15a7598 container=Task{78b0174 #24509 type=standard A=10331:com.ss.android.ugc.aweme} flags=0x30}
04-29 02:18:05.843 D/Transition( 3543):    ChangeInfo{65b9055 container=ActivityRecord{130954631 u0 com.hai.music/.MainActivity t24511 f} isExiting} flags=0x0}
04-29 02:18:05.843 D/Transition( 3543):    ChangeInfo{1b48a6a container=DefaultTaskDisplayArea@237509074 flags=0x0}
04-29 02:18:05.843 D/Transition( 3543):    ChangeInfo{4076b5b container=ActivityRecord{251237729 u0 com.ss.android.ugc.aweme/.splash.SplashActivity t24509} flags=0x0}
04-29 02:18:05.843 D/Transition( 3543):    ChangeInfo{ee891f1 container=Task{f1c935a #24511 type=standard A=10639:com.hai.music} flags=0x0}
04-29 02:18:05.843 D/Transition( 3543): ]
04-29 02:18:05.843 D/Transition( 3543): }
04-29 02:18:05.843 I/OplusAppSwitchManagerService( 3543):  handleAppVisible , r = ActivityRecord{251237729 u0 com.ss.android.ugc.aweme/.splash.SplashActivity t24509}
04-29 02:18:05.843 D/WindowManager( 3543): NFW_findFocusedWindowIfNeeded:Window{37983f2 u0 com.ss.android.ugc.aweme/com.ss.android.ugc.aweme.splash.SplashActivity} mCurrentFocus:Window{37983f2 u0 com.ss.android.ugc.aweme/com.ss.android.ugc.aweme.splash.SplashActivity}
04-29 02:18:05.845 W/MTS_DySceneDetector(24703): [m]setParameters, live message sender is null, uid: 10331
04-29 02:18:05.845 I/TaskOrganizerController( 3543): onTaskInfoChanged taskid 24511 config { mBounds=Rect(0, 0 - 1080, 2376) mAppBounds=Rect(0, 0 - 1080, 2376) mMaxBounds=Rect(0, 0 - 1080, 2376) mDisplayRotation=ROTATION_0 mWindowingMode=fullscreen mActivityType=standard mAlwaysOnTop=undefined mRotation=ROTATION_0}
04-29 02:18:05.845 E/MTS_HbOptimizer(24703): [m]notifyGameInfoForHbOn No valid strategy
04-29 02:18:05.845 D/OplusFlexibleDragToSplitAnimController( 3543): visibleFlexibleTaskInfos delete:24511
04-29 02:18:05.845 E/FlexibleWindowManagerService( 3543): notifyTaskObserverToAttachController not need to notify!
04-29 02:18:05.845 I/FlexibleWindowManagerService( 3543): onFlexibleWindowTaskInfoChanged, return for cur task not embedded
04-29 02:18:05.845 D/SnapshotCache( 3543): removeRunningEntry id: 24511, callers=com.android.server.wm.SnapshotCache.onAppRemoved:91 com.android.server.wm.AbsAppSnapshotController.onAppRemoved:762 com.android.server.wm.SnapshotController.onAppRemoved:97 
04-29 02:18:05.845 D/ActivityTaskManager( 3543): removeAppToken: ActivityRecord{130954631 u0 com.hai.music/.MainActivity t24511 f}} delayed=false parent=Task{f1c935a #24511 type=standard A=10639:com.hai.music} animating=false Callers=com.android.server.wm.ActivityRecord.removeImmediately:5344 com.android.server.wm.WindowToken.removeIfPossible:267 com.android.server.wm.WindowToken.handleCompleteDeferredRemoval:273 com.android.server.wm.WindowContainer.handleCompleteDeferredRemoval:1646 
04-29 02:18:05.845 D/WindowManager( 3543): NFW_findFocusedWindowIfNeeded:Window{37983f2 u0 com.ss.android.ugc.aweme/com.ss.android.ugc.aweme.splash.SplashActivity} mCurrentFocus:Window{37983f2 u0 com.ss.android.ugc.aweme/com.ss.android.ugc.aweme.splash.SplashActivity}
04-29 02:18:05.847 I/WindowManager( 3543): Window{6327aea u0 com.hai.music/com.hai.music.MainActivity EXITING} state from DRAW_PENDING to NO_SURFACE; reason: destroySurface
04-29 02:18:05.848 D/OplusMirageWindowManagerService( 3543): onTaskRemoved displayid:0 taskId:24511 callers:com.android.server.wm.MirageWindowManagerExtImpl.onTaskRemoved:47 com.android.server.wm.TaskDisplayArea.removeChildTask:391 com.android.server.wm.TaskDisplayArea.removeChild:380 com.android.server.wm.WindowContainer.removeImmediately:1098 com.android.server.wm.TaskFragment.removeImmediately:3767 
04-29 02:18:05.848 I/OplusScreenSecurityMask( 3543): onStackRemoved task = Task{f1c935a #24511 type=standard A=10639:com.hai.music} record = null displayId = 0
04-29 02:18:05.848 D/OplusAlwaysAliveManager( 3543): removing: 24511, ComponentInfo{com.hai.music/com.hai.music.MainActivity}
04-29 02:18:05.849 D/OplusTransitionController( 3543): finishTransition, transition: TransitionRecord{aac6a3f id=5668 track=0 type=CLOSE flags=0x0 state=4 c=[
04-29 02:18:05.849 D/OplusTransitionController( 3543):    ChangeInfo{f829f0c container=Display{#0 state=ON size=1080x2376 ROTATION_0} flags=0x0}
04-29 02:18:05.849 D/OplusTransitionController( 3543):    ChangeInfo{15a7598 container=Task{78b0174 #24509 type=standard A=10331:com.ss.android.ugc.aweme} flags=0x30}
04-29 02:18:05.849 D/OplusTransitionController( 3543):    ChangeInfo{65b9055 container=ActivityRecord{130954631 u0 com.hai.music/.MainActivity t-1 f}} flags=0x0}
04-29 02:18:05.849 D/OplusTransitionController( 3543):    ChangeInfo{1b48a6a container=DefaultTaskDisplayArea@237509074 flags=0x0}
04-29 02:18:05.849 D/OplusTransitionController( 3543):    ChangeInfo{4076b5b container=ActivityRecord{251237729 u0 com.ss.android.ugc.aweme/.splash.SplashActivity t24509} flags=0x0}
04-29 02:18:05.849 D/OplusTransitionController( 3543):    ChangeInfo{ee891f1 container=Task{f1c935a #24511 type=standard A=10639:com.hai.music} flags=0x0}
04-29 02:18:05.849 D/OplusTransitionController( 3543): ]
04-29 02:18:05.849 D/OplusTransitionController( 3543): }
04-29 02:18:05.849 D/FlexibleTaskTransitionController( 3543):  finishTransition pendingRecentToFlexibleTask:null,isRotationTransition:false ,pendingRecentToFlexible:null ,transition:TransitionRecord{aac6a3f id=5668 track=0 type=CLOSE flags=0x0 state=4 c=[
04-29 02:18:05.849 D/FlexibleTaskTransitionController( 3543):    ChangeInfo{f829f0c container=Display{#0 state=ON size=1080x2376 ROTATION_0} flags=0x0}
04-29 02:18:05.849 D/FlexibleTaskTransitionController( 3543):    ChangeInfo{15a7598 container=Task{78b0174 #24509 type=standard A=10331:com.ss.android.ugc.aweme} flags=0x30}
04-29 02:18:05.849 D/FlexibleTaskTransitionController( 3543):    ChangeInfo{65b9055 container=ActivityRecord{130954631 u0 com.hai.music/.MainActivity t-1 f}} flags=0x0}
04-29 02:18:05.849 D/FlexibleTaskTransitionController( 3543):    ChangeInfo{1b48a6a container=DefaultTaskDisplayArea@237509074 flags=0x0}
04-29 02:18:05.849 D/FlexibleTaskTransitionController( 3543):    ChangeInfo{4076b5b container=ActivityRecord{251237729 u0 com.ss.android.ugc.aweme/.splash.SplashActivity t24509} flags=0x0}
04-29 02:18:05.849 D/FlexibleTaskTransitionController( 3543):    ChangeInfo{ee891f1 container=Task{f1c935a #24511 type=standard A=10639:com.hai.music} flags=0x0}
04-29 02:18:05.849 D/FlexibleTaskTransitionController( 3543): ]
04-29 02:18:05.849 D/FlexibleTaskTransitionController( 3543): }
04-29 02:18:05.849 D/SnapshotCache( 3543): removeRunningEntry id: 24509, callers=com.android.server.wm.SnapshotCache.onIdRemoved:107 com.android.server.wm.TaskSnapshotController.removeAndDeleteSnapshot:398 com.android.server.wm.SnapshotController.onTransitionFinish:254 
04-29 02:18:05.849 D/TransitionControllerExtImpl( 3543): NFW_send RECOMPUTE_FOCUS in finishTransition
04-29 02:18:05.850 D/ShellTaskOrganizer( 5372): onTransitionFinish, isRecent:false
04-29 02:18:05.850 V/WindowManagerShell( 5372): Track 0 became idle
04-29 02:18:05.850 V/WindowManagerShell( 5372): All active transition animations finished
04-29 02:18:05.850 D/CoreBackPreview( 3543):  return markWindowHasDrawn mComposed: false  mWaitTransition: false
04-29 02:18:05.850 D/ActivityTaskManager( 3543): Clearing startingData for activity=ActivityRecord{104490018 u0 com.android.launcher/.Launcher t2} mStartingData=null mStartingSurface=null
04-29 02:18:05.850 D/ShellTaskOrganizerExt( 5372): visibleFlexibleTaskInfos delete:24511
04-29 02:18:05.850 D/ShellTaskOrganizerExt( 5372): isOnCanvas size:0
04-29 02:18:05.850 D/ShellTaskOrganizerExt( 5372): isOnThreeFlexibleCanvas size:0
04-29 02:18:05.850 I/Quality-ScreenOnOffLogProcessor(12075): withInScreenOnOffRange mIsScreenOn:true refTime:1777400285329 mRecentScreenOnTime:1777399375978 mRecentScreenOffTime:1777399375766
04-29 02:18:05.851 D/OplusFlexibleWindowMinimizedManagerHelper( 3543): onTaskVanished taskInfo:24511 task:Task{f1c935a #24511 type=standard A=10639:com.hai.music}
04-29 02:18:05.851 D/OplusFlexibleDragToSplitAnimController( 3543): visibleFlexibleTaskInfos delete:24511
04-29 02:18:05.851 D/FlexibleTaskController( 3543): no need releaseFlexibleCaptionView or destroyFlexibleDragLeash when non-caption-view-task vanished, task=Task{f1c935a #24511 type=standard A=10639:com.hai.music}
04-29 02:18:05.851 D/FlexibleWindowManagerService( 3543): notifyFlexibleTaskVanish taskId : 24511 is not taskEmbedded
04-29 02:18:05.851 D/FlexibleWindowManagerService( 3543): onFlexibleWindowTaskVanished: task = 24511,size:1
04-29 02:18:05.851 D/ShellTaskOrganizer( 5372): Task vanished taskId=24511
04-29 02:18:05.851 D/OplusFlexibleWindowMinimizedManagerHelper( 3543): onTaskVanished taskInfo:24511 task:Task{f1c935a #24511 type=standard A=10639:com.hai.music}
04-29 02:18:05.851 D/OplusFlexibleDragToSplitAnimController( 3543): visibleFlexibleTaskInfos delete:24511
04-29 02:18:05.851 D/FlexibleTaskController( 3543): no need releaseFlexibleCaptionView or destroyFlexibleDragLeash when non-caption-view-task vanished, task=Task{f1c935a #24511 type=standard A=10639:com.hai.music}
04-29 02:18:05.851 D/FlexibleWindowManagerService( 3543): notifyFlexibleTaskVanish taskId : 24511 is not taskEmbedded
04-29 02:18:05.851 D/FlexibleWindowManagerService( 3543): onFlexibleWindowTaskVanished: task = 24511,size:1
04-29 02:18:05.851 D/ShellTaskOrganizerExt( 5372): visibleFlexibleTaskInfos delete:24511
04-29 02:18:05.851 D/ShellTaskOrganizerExt( 5372): isOnCanvas size:0
04-29 02:18:05.851 D/ShellTaskOrganizerExt( 5372): isOnThreeFlexibleCanvas size:0
04-29 02:18:05.851 D/FlexibleSeekBarManager( 5372): removeAlpha for taskId=24511
04-29 02:18:05.852 E/EmbeddedWindowTaskOrganizer( 5763): onTaskVanished: get unknown taskId=24511
04-29 02:18:05.852 E/EmbeddedWindowTaskOrganizer( 5763): onTaskVanished: get unknown taskId=24511
04-29 02:18:05.852 I/TaskStackChangeListeners( 5763): onTaskRemoved(), cur=24511
04-29 02:18:05.852 D/ZoomController( 5372): onTaskRemoved
04-29 02:18:05.852 I/TaskStackChangeListeners( 5763): onTaskRemoved(), cur=24511
04-29 02:18:05.852 I/SystemUiProxy( 5763): SystemUiProxy#getRecentTasks isInGoRecentsAnim: false
04-29 02:18:05.852 D/ZoomController( 5372): onTaskRemoved
04-29 02:18:05.852 D/VRR [OPlusRefreshRatePolicy]( 3543): setRefreshRatePolicy policy=POLICY_SYSTEM, refreshRate=120, statusOn=false
04-29 02:18:05.853 D/VRR [OPlusRefreshRatePolicy]( 3543): setRefreshRatePolicy policy=POLICY_SYSTEM, refreshRate=90, statusOn=true
04-29 02:18:05.853 W/SettingsProvider( 3543): notifyForSettingsChange delay for adfr_policy_change, value: 3214, delta: 0, lastNotifyTimestamp: 175985741, minInterval: 10
04-29 02:18:05.853 D/VRR [OPlusRefreshRateService]( 3543):  setDirectorStates [flag: 1, state: 0, directorStateOff: 0]
04-29 02:18:05.853 D/RefreshRate( 3543): Refresh rate changing from 120.00001 to 90.0,maxRefreshRate=90.0 FOR:{
04-29 02:18:05.853 D/RefreshRate( 3543):     | COURSE[; Win preferred rateId=1, appReqFirst=false, data= RateData{PreferredRefreshRateData{mPreferredRefreshRateId=[1, 2, 2, 1],isAnimBoost=true}} ;win name:com.ss.android.ugc.aweme/com.ss.android.ugc.aweme.splash.SplashActivity]
04-29 02:18:05.853 D/RefreshRate( 3543):     | VOTES[PRIORITY_WINDOW_REQUEST -> Vote{mRefreshRate=90.0, mMinRefreshRate=90.0, mRequestSource=null};]
04-29 02:18:05.853 D/RefreshRate( 3543):     | TIME:2026-04-28 18:18:05}
04-29 02:18:05.853 D/DisplayModeDirector( 3543): setAppRequest displayId : 0  modeId: 6  requestedRefreshRate: 0.0  requestedMinRefreshRateRange: 0.0  requestedMaxRefreshRateRange: 90.0
04-29 02:18:05.853 D/VRR [RefreshRateDirector]( 2388): updateState mState = 1
04-29 02:18:05.853 I/OplusBinderProxy( 3543): pb uid: 10358 pid: 6011 desc: android.database.IContentObserver/2
04-29 02:18:05.853 I/OplusBinderProxy( 3543): pb uid: 10360 pid: 14014 desc: android.database.IContentObserver/2
04-29 02:18:05.853 D/ActivityTaskManager( 3543): Skipping, invisible task: Task{95d2aa3 #2 type=undefined I=com.android.launcher/.Launcher}
04-29 02:18:05.853 D/ActivityTaskManager( 3543): after skip size:5,pre-Filtered:com.ss.android.ugc.aweme # com.hai.music # app.landrop.landrop_flutter # com.xingin.xhs # com.tencent.mm # 
04-29 02:18:05.854 D/WindowManager( 3543): NFW_findFocusedWindowIfNeeded:Window{37983f2 u0 com.ss.android.ugc.aweme/com.ss.android.ugc.aweme.splash.SplashActivity} mCurrentFocus:Window{37983f2 u0 com.ss.android.ugc.aweme/com.ss.android.ugc.aweme.splash.SplashActivity}
04-29 02:18:05.854 D/DisplayManagerServiceExtImpl( 3543): scheduleTraversalLocked intraversal=false
04-29 02:18:05.854 D/DisplayManagerService( 3543): MSG_REQUEST_TRAVERSAL pendingCompleted=false
04-29 02:18:05.854 D/Transition( 3543): finishTransaction-onCommitted syncId=5668
04-29 02:18:05.855 D/CoreBackPreview( 3543):  return markWindowHasDrawn mComposed: false  mWaitTransition: false
04-29 02:18:05.855 D/ActivityTaskManager( 3543): Clearing startingData for activity=ActivityRecord{104490018 u0 com.android.launcher/.Launcher t2} mStartingData=null mStartingSurface=null
04-29 02:18:05.855 D/DisplayManagerService( 3543): performTraversalInternal pendingTraversal
04-29 02:18:05.856 D/DisplayDevice( 3543): setLayerStackLocked id=local:4630946685746860179 token=android.os.BinderProxy@bc896b9 stack=0->0
04-29 02:18:05.856 D/LocalDisplayAdapter( 3543): setDesiredDisplayModeSpecsAsync: display unique id = local:4630946685746860179, display mode specs = defaultMode=6 allowGroupSwitching=false primaryRanges=physical: (0.0 120.00001) render:  (0.0 90.0) appRequestRanges=physical: (0.0 120.00001) render:  (0.0 90.0) idleScreenRefreshRate=null
04-29 02:18:05.856 D/SurfaceFlinger( 2388): VRR [SurfaceFlinger] setDesiredDisplayModeSpecs, from process 3543, 6, 0, primaryRanges = [ 0.000000, 120.000008, 0.000000, 90.000000 ], appRequestRanges = [ 0.000000, 120.000008, 0.000000 90.000000 ]
04-29 02:18:05.856 I/RefreshRateSelector( 2388): Display 4630946685746860179 policy changed
04-29 02:18:05.856 I/RefreshRateSelector( 2388): Previous: {defaultModeId=4, allowGroupSwitching=false, primaryRanges={physical=[120.00 Hz, 120.00 Hz], render=[120.00 Hz, 120.00 Hz]}, appRequestRanges={physical=[120.00 Hz, 120.00 Hz], render=[120.00 Hz, 120.00 Hz]} idleScreenConfig=nullptr}
04-29 02:18:05.856 I/RefreshRateSelector( 2388): Current:  DisplayManagerPolicy{defaultModeId=6, allowGroupSwitching=false, primaryRanges={physical=[0.00 Hz, 120.00 Hz], render=[0.00 Hz, 90.00 Hz]}, appRequestRanges={physical=[0.00 Hz, 120.00 Hz], render=[0.00 Hz, 90.00 Hz]} idleScreenConfig=nullptr}
04-29 02:18:05.856 I/RefreshRateSelector( 2388): 0 mode changes were performed under the previous policy
04-29 02:18:05.856 D/SurfaceFlinger( 2388): VRR [SurfaceFlinger] applyRefreshRateSelectorPolicy: 6 (90.00 Hz), policy: {defaultModeId=6, allowGroupSwitching=false, primaryRanges={physical=[0.00 Hz, 120.00 Hz], render=[0.00 Hz, 90.00 Hz]}, appRequestRanges={physical=[0.00 Hz, 120.00 Hz], render=[0.00 Hz, 90.00 Hz]} idleScreenConfig=nullptr}
04-29 02:18:05.856 D/SurfaceFlinger( 2388): VRR [SurfaceFlinger] setDesiredActiveMode: displayId: 4630946685746860179, renderRate: 90, vsyncRate: 90, event: 1
04-29 02:18:05.856 D/DisplayModeController( 2388): setDesiredMode 4630946685746860179 {mode={fps=90.00 Hz, modePtr={id=6, vsyncRate=90.00 Hz, peakRefreshRate=90.00 Hz}}, emitEvent=true, force=false}
04-29 02:18:05.856 D/OplusFeatureDMR[display=0]( 3543): onConfigChanged threadId=70 threadName=OplusDisplayWorkHandler physicalDisplayId=4630946685746860179 modeId=4  
04-29 02:18:05.856 D/VRR [OTI]( 2388): handleIdle from 0 to 0
04-29 02:18:05.856 D/VRR [OTI-HW]( 2388): isStateReady 0
04-29 02:18:05.856 D/VRR [OTI-HW]( 2388): keep rate.
04-29 02:18:05.856 I/SystemUiProxy( 5763): SystemUiProxy#getRecentTasks isInGoRecentsAnim: false
04-29 02:18:05.856 W/UserAwareMgr( 3543): event can not be released, id: 2020, count: 2, releasePid: 5763
04-29 02:18:05.857 D/ActivityTaskManager( 3543): Skipping, invisible task: Task{95d2aa3 #2 type=undefined I=com.android.launcher/.Launcher}
04-29 02:18:05.857 D/ActivityTaskManager( 3543): after skip size:5,pre-Filtered:com.ss.android.ugc.aweme # com.hai.music # app.landrop.landrop_flutter # com.xingin.xhs # com.tencent.mm # 
04-29 02:18:05.859 D/CoreBackPreview( 3543):  return markWindowHasDrawn mComposed: false  mWaitTransition: false
04-29 02:18:05.859 D/ActivityTaskManager( 3543): Clearing startingData for activity=ActivityRecord{104490018 u0 com.android.launcher/.Launcher t2} mStartingData=null mStartingSurface=null
04-29 02:18:05.862 E/BpTransactionCompletedListener( 2388): Failed to transact (-32)
04-29 02:18:05.862 E/BpTransactionCompletedListener( 2388): Failed to transact (-32)
04-29 02:18:05.862 I/HWC2    ( 2388): [0] setActiveConfigWithConstraints[6]
04-29 02:18:05.862 I/SDM     ( 2125): SDMDisplayIris::SetActiveConfigToIrisWrapper: SetActiveConfigToIrisWrapper [6] on id_: 0
04-29 02:18:05.862 W/SDM     ( 2125): SDMDisplayIris::SetActiveConfigToIrisWrapper: HWC SetActiveConfig [2], switch to [1264x2780@90]
04-29 02:18:05.863 I/SDM     ( 2125): SDMDisplayIris::SetActiveConfigToIrisWrapper: SetActiveConfigToIrisWrapper [2] on id_: 0
04-29 02:18:05.863 W/SDM     ( 2125): SDMDisplayIris::SetActiveConfigToIrisWrapper: HWC SetActiveConfig [2], switch to [1264x2780@90]
04-29 02:18:05.863 W/SDM     ( 2125): HWDeviceDRM::GetSupportedBitClkRate: Requested rate not supported: 1012000000
04-29 02:18:05.863 I/SDM     ( 2125): HWDeviceDRM::UpdateMixerAttributes: Mixer WxH 1264x2780-1 for Peripheral
04-29 02:18:05.863 I/CwbService( 2125): CwbService::notifyConfigChange: display:0, config:6 size:4, sec.size():0
04-29 02:18:05.864 D/SDM     ( 2125): HWDeviceDRM::SetupAtomic: APUIR: m_isswitchfps 2
04-29 02:18:05.870 D/OplusFeatureDMR[display=0]( 3543): onConfigChanged threadId=70 threadName=OplusDisplayWorkHandler physicalDisplayId=4630946685746860179 modeId=6  
04-29 02:18:05.870 D/VRR [OTI-HW]( 2388): isStateReady 0
04-29 02:18:05.870 D/VRR [OTI-HW]( 2388): keep rate.
04-29 02:18:05.870 I/DisplayDeviceRepository( 3543): Display device changed render timings: "鍐呯疆灞忓箷", renderFrameRate=90.0, presentationDeadlineNanos=14111110, appVsyncOffsetNanos=6555557, frameRateOverrides=[]
04-29 02:18:05.870 D/LogicalDisplayExt( 3543): set displayInfo flag FLAG_ROTATES_WITH_CONTENT
04-29 02:18:05.870 D/DisplayManagerService( 3543): Delivering display event: displayId=0, event=EVENT_DISPLAY_REFRESH_RATE_CHANGED
04-29 02:18:05.870 D/WindowManager( 3543): DeferredDisplayUpdater: partially applying DisplayInfo(1080 x 2376) immediately
04-29 02:18:05.870 E/OplusGestureAnimationManagerPolicy( 3543): mScreenHeight:2376 mScreenWidth:1080 mRotation:0
04-29 02:18:05.871 I/OplusBinderProxy( 3543): pb uid: 10358 pid: 6011 desc: android.hardware.display.IDisplayManagerCallback/1
04-29 02:18:05.871 D/OplusVFXScreenEffectFeature( 3543): notifySFCompatWindowStateChange entered false
04-29 02:18:05.871 D/[PREVIEW]( 2388): SF obtain preview_adapter: 0
04-29 02:18:05.871 D/[PREVIEW]( 2388): TabletPreviewAdapter::parallel world 0
04-29 02:18:05.871 D/FSS_FoldScreenBlackCoverController( 3543): displayChangeToOn, dc:Display{#0 state=ON size=1080x2376 ROTATION_0}
04-29 02:18:05.871 D/SDM     ( 2125): HWDeviceDRM::SetupAtomic: APUIR: m_isswitchfps 1
04-29 02:18:05.871 I/OplusBinderProxy( 3543): pb uid: 10360 pid: 14014 desc: android.hardware.display.IDisplayManagerCallback/1
04-29 02:18:05.871 I/OplusBinderProxy( 3543): pb uid: 10360 pid: 15364 desc: android.hardware.display.IDisplayManagerCallback/1
04-29 02:18:05.871 I/OplusBinderProxy( 3543): pb uid: 99910360 pid: 18012 desc: android.hardware.display.IDisplayManagerCallback/1
04-29 02:18:05.871 I/OplusBinderProxy( 3543): pb uid: 10360 pid: 25675 desc: android.hardware.display.IDisplayManagerCallback/1
04-29 02:18:05.873 D/AudioBoost( 2359): audioSchedBoost, pid=2359, tid=5197, enable=1, ret=0
04-29 02:18:05.873 D/AudioFlingerExtImpl( 2359): AudioFlingerExtImpl oplusSetParameters: keyvalue screen_state=on
04-29 02:18:05.873 D/DeviceHalAidl( 2359): [default] setParameters: parameters: "screen_state=on"
04-29 02:18:05.873 I/PAL: ResourceManager( 2099): setParameter: 11709: Screen State:1
04-29 02:18:05.873 D/DeviceHalAidl( 2359): [usb] setParameters: parameters: "screen_state=on"
04-29 02:18:05.873 D/AHAL_Module( 2099): updateScreenState: usb: 1
04-29 02:18:05.873 D/DeviceHalAidl( 2359): [r_submix] setParameters: parameters: "screen_state=on"
04-29 02:18:05.873 D/AHAL_Module( 2099): updateScreenState: r_submix: 1
04-29 02:18:05.873 D/DeviceHalAidl( 2359): [bluetooth] setParameters: parameters: "screen_state=on"
04-29 02:18:05.873 D/AHAL_Module( 2099): updateScreenState: bluetooth: 1
04-29 02:18:05.873 D/DeviceHalAidl( 2359): [binaural_record] setParameters: parameters: "screen_state=on"
04-29 02:18:05.873 D/AHAL_Module( 2099): updateScreenState: bluetooth: 1
04-29 02:18:05.873 D/DeviceHalAidl( 2359): [virtual] setParameters: parameters: "screen_state=on"
04-29 02:18:05.873 D/AHAL_Module( 2099): updateScreenState: stub: 1
04-29 02:18:05.874 D/AudioBoost( 2359): audioSchedBoost, pid=2359, tid=5197, enable=0, ret=0
04-29 02:18:05.875 D/Colorful_SmoothTransitionProxy( 5354): onDisplayChanged state:2, displayId:0, isScreenOn:true 
04-29 02:18:05.875 D/VFX:DisplayUtils( 5354): surface resolution: 1264 x 2780, refreshRate: 90.0
04-29 02:18:05.875 I/VFX:DisplayUtils( 5354): Display params updating - old: 120.00001Hz, new: 90.0Hz
04-29 02:18:05.875 D/BufferedFrameRenderer( 5354): Display changed (system callback) - refreshRate: 90.0, size: 1264x2780
04-29 02:18:05.875 I/VFX:DisplayUtils( 5354): Display changed - refreshRate: 90.0, size: 1264x2780
04-29 02:18:05.875 I/KeyguardDisplayManager( 5372): onDisplayChanged displayId: 0
04-29 02:18:05.875 I/SystemUi--Keyguard( 5372): KeyguardDisplayManagerExImpl-->orientationChanged=false, presentationDisplayChanged=false, lastPresentationWidth=1080, lastPresentationHeight=2376, lastPresentationDensity=480
04-29 02:18:05.875 I/GameSpaceUI.RotationManager( 3596): onDisplayChanged, displayId = 0
04-29 02:18:05.875 D/CoreBackPreview( 3543):  return markWindowHasDrawn mComposed: false  mWaitTransition: false
04-29 02:18:05.875 D/ActivityTaskManager( 3543): Clearing startingData for activity=ActivityRecord{104490018 u0 com.android.launcher/.Launcher t2} mStartingData=null mStartingSurface=null
04-29 02:18:05.883 D/SDM     ( 2125): HWDeviceDRM::SetupAtomic: APUIR: m_isswitchfps 0
04-29 02:18:05.918 D/BatteryChargeControl( 2234): bcc get no support from charging protocol
04-29 02:18:05.920 D/VRR [OPlusRefreshRateService]( 3543): handleConfigIdChange physicalDisplayId: 4630946685746860179 configId: 6 renderPeriod: 11111111
04-29 02:18:05.921 D/VRR [OPlusGameStatusManager]( 3543): updateGameState mOSyncFeatureSwitch: false mIsGamePolicy: false
04-29 02:18:05.921 D/VRR [OPlusGameStatusManager]( 3543): updateGameAccelerationStatus pkgName: com.ss.android.ugc.aweme mOSyncFeatureSwitch: false mIsGamePolicy: false mHeartStop: false mHasFlickerRisk: false mForceAcceleration: false mToastReady: false enable: false
