--------- beginning of main
04-29 02:17:31.878 E/ANDR-PERF-LM( 2137): APE_FEATURE: runAsyncPeriodic() 574: Improper Initialization or Engines disabled
04-29 02:17:31.893 D/BatteryChargeControl( 2234): bcc get no support from charging protocol
04-29 02:17:32.624 D/CommonApp-338-10639( 5752): transport layer data is invalid
04-29 02:17:32.625 D/ScorePolicy( 5752): handleScoreChanged: []
04-29 02:17:32.625 D/ScorePolicy( 5752): handleScoreChanged: []
04-29 02:17:32.625 D/ScorePolicy( 5752): handleScoreChanged: []
--------- beginning of system
04-29 02:17:32.660 D/osense.compress( 3543): com.tencent.mm do shrink, target ratio = 89, final ratio = 90, cur ratio = 84
04-29 02:17:32.878 E/ANDR-PERF-LM( 2137): APE_FEATURE: runAsyncPeriodic() 574: Improper Initialization or Engines disabled
04-29 02:17:32.893 D/BatteryChargeControl( 2234): bcc get no support from charging protocol
04-29 02:17:32.962 D/RadioProxyJ[0]( 5752): [62475]> getRRCStatus
04-29 02:17:32.962 D/QmiNasClient( 2705): getRRCStatus - enter
04-29 02:17:32.964 D/QmiNasClient( 2705): getRRCStatus callback - enter
04-29 02:17:32.964 D/QmiNasClient( 2705): getRRCStatus result.rsp.rrcStatusInfo.rrcStatus = 0
04-29 02:17:32.964 D/NasProxy( 2705): handleMessage msg is 4001
04-29 02:17:32.964 D/RadioProxy( 2705): getRRCStatus : response cb for instance 0
04-29 02:17:32.965 D/RadioProxyJ[0]( 5752): [62475]< getRRCStatusResponse 0
04-29 02:17:32.965 D/CoexRfService( 5752): report RRC state:false
04-29 02:17:33.093 V/AlarmManager( 3543): sending alarm Alarm{80f3da4 type 1 origWhen 1777400253093 whenElapsed 231490926 android} uid 1000 whenElapsed 231490926 windowLength 0 maxWhenElapsed 231490926 repeatInterval 0 action null component null tag StorgaeBandInfoAlarmTag flags 0x9 procName system_server
04-29 02:17:33.094 D/OplusProxyWakeLock( 3543): acquireProxyWakeLock, prevent uid: 10413 tag:*alar...   WorkSource{1000 chains=WorkChain{(10413), (1000, JobScheduler)}}/WorkChain{(10413), (1000, JobScheduler)}
04-29 02:17:33.094 E/OplusStorageUFSBandwidth( 3543): storage_io_metrics_path is /proc/oplus_storage/io_metrics/forever/
04-29 02:17:33.095 E/OplusStorageUFSBandwidth( 3543): Bandwidth - Read: 0.00 MB/s, Write: 0.00 MB/s
04-29 02:17:33.095 E/OplusStorageUFSBandwidth( 3543): Task time: 1ms
04-29 02:17:33.097 E/OplusStorageUFSBandwidth( 3543): Alarm set to trigger in 10 seconds
04-29 02:17:33.160 D/gaia-GaiaConnectChecker( 8929): start connect check++
04-29 02:17:33.543 E/WifiHAL ( 2097): wifi_get_cached_scan_results: Wifi Cached Scan Result not supported by driver
04-29 02:17:33.543 E/WifiStaIfaceAidlImpl( 3543): getCachedScanData failed with service-specific exception: android.os.ServiceSpecificException:  (code 4)
04-29 02:17:33.550 D/VendorWifiService( 5752): onEvent event:9,action:1
04-29 02:17:33.558 D/ScorerUtils( 3543): isLowTraffic: txTputKBps=0, rxTputKBps=0
04-29 02:17:33.558 D/OplusWifiPower_TriggerCenter( 3543): mComponentCallback: wifistat
04-29 02:17:33.645 I/SDM     ( 2125): DisplayBuiltIn::IdlePowerCollapse: IPC received, disabling partial update for one frame
04-29 02:17:33.647 D/CommonApp-338-10639( 5752): transport layer data is invalid
04-29 02:17:33.650 D/ScorePolicy( 5752): handleScoreChanged: []
04-29 02:17:33.650 D/ScorePolicy( 5752): handleScoreChanged: []
04-29 02:17:33.650 D/ScorePolicy( 5752): handleScoreChanged: []
04-29 02:17:33.654 D/HLog-HLog( 9916): [metis]updateMemoryCache existPushInfo : 
04-29 02:17:33.655 D/HLog-UpMgr( 9916): [metis]閰嶇疆鏄惁鏈夊彉鏇?: true
04-29 02:17:33.655 D/HLog-HLog( 9916): [metis]findCurrentTraceDto existPushInfo : 
04-29 02:17:33.655 D/HLog-UpMgr( 9916): [metis]妫€鏌ラ厤缃槸鍚︽湁鏇存柊 !
04-29 02:17:33.661 I/SDM     ( 2125): DisplayBuiltIn::IdlePowerCollapse: IPC received, disabling partial update for one frame
04-29 02:17:33.764 W/Settings( 3543): Setting notification_bubbles has moved from android.provider.Settings.Global to android.provider.Settings.Secure, returning read-only value.
04-29 02:17:33.764 W/Settings( 3543): Setting apply_ramping_ringer has moved from android.provider.Settings.Global to android.provider.Settings.System, returning read-only value.
04-29 02:17:33.766 W/SettingsStatsUtil( 3543): Can not parse value to float: +network
04-29 02:17:33.768 W/SettingsStatsUtil( 3543): Can not parse value to float: +network
04-29 02:17:33.881 E/ANDR-PERF-LM( 2137): APE_FEATURE: runAsyncPeriodic() 574: Improper Initialization or Engines disabled
04-29 02:17:33.893 D/BatteryChargeControl( 2234): bcc get no support from charging protocol
04-29 02:17:34.067 E/PERFHAL-PERFCTRL( 2137): PERFHAL-PERFCTRL: chk_core_online_poll_loop() 748: poll() has timed out for /sys/kernel/msm_performance/events/cpu_hotplug
04-29 02:17:34.067 E/PERFHAL-PERFCTRL( 2137): PERFHAL-PERFCTRL: chk_core_online_poll_loop() 743: Block on poll()
04-29 02:17:34.506 I/SDM     ( 2125): DisplayBuiltIn::IdlePowerCollapse: IPC received, disabling partial update for one frame
04-29 02:17:34.672 D/CommonApp-338-10639( 5752): transport layer data is invalid
04-29 02:17:34.672 D/ScorePolicy( 5752): handleScoreChanged: []
04-29 02:17:34.672 D/ScorePolicy( 5752): handleScoreChanged: []
04-29 02:17:34.672 D/ScorePolicy( 5752): handleScoreChanged: []
04-29 02:17:34.881 E/ANDR-PERF-LM( 2137): APE_FEATURE: runAsyncPeriodic() 574: Improper Initialization or Engines disabled
04-29 02:17:34.894 D/BatteryChargeControl( 2234): bcc get no support from charging protocol
04-29 02:17:35.048 D/OplusNetKit( 3543): interface name from LP: [rmnet_data3]
04-29 02:17:35.049 D/OplusNetKit( 3543): interface name from LP: [wlan0]
04-29 02:17:35.049 D/OplusNetKit( 3543): in getLpByInterface name from LP: [rmnet_data3]
04-29 02:17:35.049 D/OplusNetKit( 3543): in getLpByInterface name from LP: [wlan0]
04-29 02:17:35.049 D/OplusNetKit( 3543): in getLpByInterface name from LP: [rmnet_data3]
04-29 02:17:35.049 D/OplusNetKit( 3543): in getLpByInterface name from LP: [wlan0]
04-29 02:17:35.084 D/OplusArpKit( 3543): sendGatewayMacAddress ifaceName=wlan0 gatewayMac=00:**:**:**:35:b2 gatewayIp=192.168.2.***
04-29 02:17:35.085 D/OplusNetKit( 3543): in getLpByInterface name from LP: [rmnet_data3]
04-29 02:17:35.085 D/OplusNetKit( 3543): in getLpByInterface name from LP: [wlan0]
04-29 02:17:35.095 V/AlarmManager( 3543): sending alarm Alarm{6f906c2 type 1 origWhen 1777400255095 whenElapsed 231492928 android} uid 1000 whenElapsed 231492928 windowLength 0 maxWhenElapsed 231492928 repeatInterval 0 action null component null tag StorgaeBandInfoAlarmTag flags 0x9 procName system_server
04-29 02:17:35.095 D/OplusProxyWakeLock( 3543): acquireProxyWakeLock, prevent uid: 10413 tag:*alar...   WorkSource{1000 chains=WorkChain{(10413), (1000, JobScheduler)}}/WorkChain{(10413), (1000, JobScheduler)}
04-29 02:17:35.096 E/OplusStorageUFSBandwidth( 3543): storage_io_metrics_path is /proc/oplus_storage/io_metrics/forever/
04-29 02:17:35.096 E/OplusStorageUFSBandwidth( 3543): Bandwidth - Read: 0.00 MB/s, Write: 0.00 MB/s
04-29 02:17:35.096 E/OplusStorageUFSBandwidth( 3543): Task time: 0ms
04-29 02:17:35.098 E/OplusStorageUFSBandwidth( 3543): Alarm set to trigger in 10 seconds
04-29 02:17:35.699 D/CommonApp-338-10639( 5752): transport layer data is invalid
04-29 02:17:35.699 D/ScorePolicy( 5752): handleScoreChanged: []
04-29 02:17:35.700 D/ScorePolicy( 5752): handleScoreChanged: []
04-29 02:17:35.700 D/ScorePolicy( 5752): handleScoreChanged: []
04-29 02:17:35.794 D/UlPriorityPolicyForeground( 5471): match: config has not com.hai.music
04-29 02:17:35.885 E/ANDR-PERF-LM( 2137): APE_FEATURE: runAsyncPeriodic() 574: Improper Initialization or Engines disabled
04-29 02:17:35.895 D/BatteryChargeControl( 2234): bcc get no support from charging protocol
04-29 02:17:35.898 I/Osense-BaseDecisionMaker( 3543): notifySceneToAthenaPolicy: SCENE_IDLE_RECOVER, bundle: Bundle[{scene=SCENE_IDLE_RECOVER}]
04-29 02:17:35.900 I/Osense-BaseDecisionMaker( 3543): scene: SCENE_IDLE_RECOVER, excutingPolicy: respreload
04-29 02:17:35.900 D/Osense-BaseDecisionMaker( 3543): invoke process preload policy
04-29 02:17:35.901 I/Osense-BaseDecisionMaker( 3543): scene: SCENE_IDLE_RECOVER, excutingPolicy: clear
04-29 02:17:35.901 D/Osense-BaseDecisionMaker( 3543): invoke clear policy,type: unforbid
04-29 02:17:35.901 I/OsenseKillAction( 3543): KillAction: skip reason: non-low-mem-req, req_id=13933, enable=true, scene=SCENE_IDLE_RECOVER, type=unforbid, cchOnly=false, appcare=0, bloM=false, bloP=false
04-29 02:17:35.966 D/RadioProxyJ[0]( 5752): [62476]> getRRCStatus
04-29 02:17:35.967 D/QmiNasClient( 2705): getRRCStatus - enter
04-29 02:17:35.968 D/QmiNasClient( 2705): getRRCStatus callback - enter
04-29 02:17:35.968 D/QmiNasClient( 2705): getRRCStatus result.rsp.rrcStatusInfo.rrcStatus = 0
04-29 02:17:35.968 D/NasProxy( 2705): handleMessage msg is 4001
04-29 02:17:35.969 D/RadioProxy( 2705): getRRCStatus : response cb for instance 0
04-29 02:17:35.969 D/RadioProxyJ[0]( 5752): [62476]< getRRCStatusResponse 0
04-29 02:17:35.969 D/CoexRfService( 5752): report RRC state:false
04-29 02:17:36.003 D/ShellSubscriberWorkerThread(12075): the first 8 bytes empty, and RestData length > 8 
04-29 02:17:36.083 E/OplusArpPeer_euclid_psw( 3543): ARP read failure: android.system.ErrnoException: read failed: EAGAIN (Try again)
04-29 02:17:36.085 E/OplusArpPeer_euclid_psw( 3543):  OplusArpPeer close
04-29 02:17:36.248 D/osense.compress( 3543): try do inactive compress task
04-29 02:17:36.328 D/healthd ( 2091): system healthd: battery l=45 v=3787 t=34.0 h=2 st=2 c=26 fc=6100000 cc=406 chg=u
04-29 02:17:36.333 D/ChargerInfo( 2234): getInfo: type: 0x1, update: 1
04-29 02:17:36.333 D/ChargerInfo( 2234): chargerInfoUpdateThread: update start
04-29 02:17:36.335 D/ChargerInfo( 2234): enableTx: path(/proc/wireless/enable_tx): not exist
04-29 02:17:36.335 D/ChargerInfo( 2234): wlsAdapterPower: path(/sys/class/oplus_chg/wireless/max_w_power): not exist
04-29 02:17:36.335 D/ChargerInfo( 2234): unknown: path(/sys/class/oplus_chg/ac/online) and backupPath(/sys/class/power_supply/ac/online) not exist
04-29 02:17:36.335 D/ChargerInfo( 2234): unknown: path(/sys/class/oplus_chg/ac/online) and backupPath(/sys/class/power_supply/ac/online) not exist
04-29 02:17:36.336 D/ChargerInfo( 2234): get_ui_charge_icon_type: [0 0] [0 0] 1
04-29 02:17:36.336 D/ChargerInfo( 2234): unknown: path(/sys/class/oplus_chg/ac/online) and backupPath(/sys/class/power_supply/ac/online) not exist
04-29 02:17:36.336 D/ChargerInfo( 2234): unknown: path(/sys/class/oplus_chg/ac/online) and backupPath(/sys/class/power_supply/ac/online) not exist
04-29 02:17:36.336 E/ChargerInfo( 2234): SingleHyperPath not found
04-29 02:17:36.336 D/ChargerInfo( 2234): chargerInfoUpdateThread: update end
04-29 02:17:36.336 D/ChargerInfo( 2234): chargerInfoUpdateThread: update wait
04-29 02:17:36.336 D/ChargerInfo( 2234): enableTx: path(/proc/wireless/enable_tx): not exist
04-29 02:17:36.336 D/ChargerInfo( 2234): wlsAdapterPower: path(/sys/class/oplus_chg/wireless/max_w_power): not exist
04-29 02:17:36.336 D/ChargerInfo( 2234): getInfo: {"Update":{"batteryFcc":6003,"batteryRm":2222,"bddLeakCurr":0,"bmsStatus":0,"bypassChgStatus":2,"chargeTimeRemaining":0,"cpaPower":2,"enableTx":"0","fastCharge":0,"isSupportSpeedCharge":0,"notifyCode":0,"otgOnline":1,"ppsChargePower":0,"ppsCharging":0,"shortCHwStatus":0,"shortIcOtpStatus":0,"uiIconType":0,"uiPower":0,"usbStatus":0,"wlsAdapterPower":0}}
04-29 02:17:36.337 D/BatteryStatsImplExtImpl( 3543): mActiveProcesses size = 69
04-29 02:17:36.420 D/vendor.oplus.hardware.charger-V10-service( 2234): ret_value:119, read content:,340,334,3787,3782,33,44,45,1,1,0,44,4942,45,1,4480,600,500,0,7,1400,7,0,1,0,2,0,0,0,1,5845,93,0,2222,5166,0,0,0,0,0,0
04-29 02:17:36.420 D/vendor.oplus.hardware.charger-V10-service( 2234): gmtime: 2026-04-29-02-17-36
04-29 02:17:36.420 D/vendor.oplus.hardware.charger-V10-service( 2234): usb_online:1, ac_online:-2147483648, wireless_online:-2147483648
04-29 02:17:36.567 I/SDM     ( 2125): DisplayBuiltIn::IdlePowerCollapse: IPC received, disabling partial update for one frame
04-29 02:17:36.578 E/WifiHAL ( 2097): wifi_get_cached_scan_results: Wifi Cached Scan Result not supported by driver
04-29 02:17:36.578 E/WifiStaIfaceAidlImpl( 3543): getCachedScanData failed with service-specific exception: android.os.ServiceSpecificException:  (code 4)
04-29 02:17:36.581 D/OplusSlaFastSwitch( 3543): Network Capabiliteis changed 338
04-29 02:17:36.582 D/WifiStatusTracker( 5372): mNetworkCallback onCapabilitiesChanged network:338 mPrimaryNetworkId:338
04-29 02:17:36.585 I/SmartDataSwitchValidator( 5471): unexpected network onCapabilitiesChanged
04-29 02:17:36.586 D/SubsysEventListenerManager( 5752): mDefaultNetworkCb onCapabilitiesChanged
04-29 02:17:36.586 D/NetworkService[0]( 5752): default onCapabilitiesChanged
04-29 02:17:36.586 D/SubsysEventListenerManager( 5752): onCapabilitiesChanged
04-29 02:17:36.586 D/DataChannelEvent( 5752): getCurDataChannel, channel:1
04-29 02:17:36.587 D/DataChannelEvent( 5752): onChanged, update to data channel wifi
04-29 02:17:36.587 D/WifiStatusTracker( 5372): mNetworkCallback onCapabilitiesChanged network:338 mPrimaryNetworkId:338
04-29 02:17:36.587 D/DataStateTracker( 5752): getCurDataChannel, channel:1
04-29 02:17:36.588 E/GameStatsDelay( 5471): onLinkPropertiesChanged 338,wlan0
04-29 02:17:36.588 D/VendorWifiService( 5752): onEvent event:9,action:1
04-29 02:17:36.588 D/OplusSlaNetworkManager( 3543): isPrimaryWifi:true network:338
04-29 02:17:36.590 D/WifiPickerTracker( 5372): handleNetworkCapabilitiesChanged network:338
04-29 02:17:36.591 D/QCNEJ/NativeAidlConnector( 5661): -> SND notifyDefaultNetworkChanged(1)
04-29 02:17:36.591 D/cneJni  ( 5661): sendDefaultNwMsg start
04-29 02:17:36.591 I/WifiPickerTracker( 5372): wifi connected status realConnectedWifiEntry not null: true
04-29 02:17:36.592 I/SDM     ( 2125): DisplayBuiltIn::IdlePowerCollapse: IPC received, disabling partial update for one frame
04-29 02:17:36.592 D/MultiNetworkStatsMonitor( 3543): wifi network 338 nc changed, primary=true, iface=wlan0
04-29 02:17:36.592 D/OplusInterfaceMonitor( 3543): interface:wlan0 primary:true
04-29 02:17:36.592 D/cneJni  ( 5661): sendWifiStatus start
04-29 02:17:36.592 I/CardConfig.RxNetworkMonitor( 9155): onNetworkStateChange, current:true, last:true [base|com.oplus.pantanal.ums|2.0.44-25e9612]
04-29 02:17:36.592 D/txpwrJni( 5516): sendNetworkInfo start
04-29 02:17:36.592 D/txpwrJni( 5516): sendNetworkInfo RatType 0
04-29 02:17:36.594 W/OPLUS_LOG_LOAD( 9283): ==LOGS PROG INFO, prog(com.heytap.accessory) ==
04-29 02:17:36.594 I/PTC.DISC.WifiConnectivityObserver( 9283): Receive NetworkCapabilitiesChanged.
04-29 02:17:36.597 I/SettingImpl( 9283): domestic quick device toggle value is 1
04-29 02:17:36.597 D/ScorerUtils( 3543): isLowTraffic: txTputKBps=0, rxTputKBps=0
04-29 02:17:36.598 D/OplusWifiPower_TriggerCenter( 3543): mComponentCallback: wifistat
04-29 02:17:36.598 W/ONET_cdo_connect(22709): onCapabilitiesChanged 3718,cellular:false,wifi:true,isEthernetAvailable:false,metered:false
04-29 02:17:36.600 I/SystemUi--Statusbar( 5372): NetworkController.WifiSignalController-->handleStatusUpdated state=3 enabled=true connected=true isDefaultNetwork=true rssi=-42 level=4 statusLabel=null isDirty=false
04-29 02:17:36.600 I/SystemUi--Statusbar( 5372): NetworkController.WifiSignalController-->handleStatusUpdated state=3 enabled=true connected=true isDefaultNetwork=true rssi=-42 level=4 statusLabel=null isDirty=false
04-29 02:17:36.600 I/SystemUi--Statusbar( 5372): NetworkController.WifiSignalController-->handleStatusUpdated state=3 enabled=true connected=true isDefaultNetwork=true rssi=-42 level=4 statusLabel=null isDirty=false
04-29 02:17:36.601 D/AudioManager( 9283): isBluetoothScoOn()=false, calling application:com.heytap.accessory
04-29 02:17:36.601 I/Qsb-NetworkObserver(16871): update networkType=1 Thread=ConnectivityThread
04-29 02:17:36.602 D/NetWorkMonitor(13887): postOnNetStateChange : old state =WIFI,new state =WIFI
04-29 02:17:36.602 W/IPCThreadState( 3543): Sending oneway calls to frozen process.
04-29 02:17:36.602 W/IPCThreadState( 3543): Sending oneway calls to frozen process.
04-29 02:17:36.602 D/OplusHansManager ( 3543): 3543/1000 to 17822/99910257 | android.os.IMessenger | 1 reason default_unfreezeForKernel
04-29 02:17:36.603 W/PTC.DISC.NetRegisterCentral( 9283): registerLanInfo failed. msg=Inactive desc=wlanAvailable(repeat=0)
04-29 02:17:36.603 D/Track.TrackUpload( 1863): onCapabilitiesChanged is calling.
04-29 02:17:36.603 D/NetWorkMonitor(13947): postOnNetStateChange : old state =WIFI,new state =WIFI
04-29 02:17:36.603 I/AIUnit-NetworkPublisher( 1863): onNetworkChanged [onCapabilitiesChanged, 338]
04-29 02:17:36.603 D/OplusHansManager ( 3543): 3543/1000 to 17822/99910257 | android.os.IMessenger | 1 reason default_unfreezeForKernel
04-29 02:17:36.603 D/OplusHansManager ( 3543): 3543/1000 to 26063/10346 | android.os.IMessenger | 1 reason default_unfreezeForKernel
04-29 02:17:36.603 D/OplusHansManager ( 3543): 3543/1000 to 26063/10346 | android.os.IMessenger | 1 reason default_unfreezeForKernel
04-29 02:17:36.604 W/ONET_network_AndroidNetworkMonitor( 8112): wifi onCapabilitiesChanged network:338 networkCapabilities:[ Transports: WIFI Capabilities: NOT_METERED&INTERNET&NOT_RESTRICTED&TRUSTED&NOT_VPN&VALIDATED&NOT_ROAMING&FOREGROUND&NOT_CONGESTED&NOT_SUSPENDED&NOT_VCN_MANAGED&NOT_BANDWIDTH_CONSTRAINED LinkUpBandwidth>=17578Kbps LinkDnBandwidth>=107336Kbps TransportInfo: <SSID: <unknown ssid>, BSSID: 02:00:00:00:00:00, MAC: 02:00:00:00:00:00, IP: /192.168.2.20, Security type: 2, Supplicant state: COMPLETED, Wi-Fi standard: 11ax, RSSI: -42, Link speed: 1921Mbps, Tx Link speed: 1921Mbps, Max Supported Tx Link speed: 2401Mbps, Rx Link speed: 1633Mbps, Max Supported Rx Link speed: 2401Mbps, Frequency: 5220MHz, Net ID: -1, Metered hint: false, score: 60, isUsable: true, CarrierMerged: false, SubscriptionId: -1, IsPrimary: -1, Trusted: true, Restricted: false, Ephemeral: false, OEM paid: false, OEM private: false, OSU AP: false, FQDN: <none>, Provider friendly name: <none>, Requesting package name: <none><none>MLO Information: , Is TID-To-Link negotiation supported by the AP: false, AP MLD Address: <none>, AP MLO Link Id: <none>, AP MLO Affiliated links: <none>, Vendor Data: <none>> SignalStrength: -42 UnderlyingNetworks: Null]
04-29 02:17:36.691 I/SDM     ( 2125): DisplayBuiltIn::IdlePowerCollapse: IPC received, disabling partial update for one frame
04-29 02:17:36.720 D/CommonApp-338-10639( 5752): transport layer data is invalid
04-29 02:17:36.720 D/ScorePolicy( 5752): handleScoreChanged: []
04-29 02:17:36.720 D/ScorePolicy( 5752): handleScoreChanged: []
04-29 02:17:36.720 D/ScorePolicy( 5752): handleScoreChanged: []
04-29 02:17:36.872 E/midasd  ( 7677): getTotalFlipsFromSf mCurFrameCount: 4012560
04-29 02:17:36.873 I/midasd  ( 7677): DisplayAgent updateDisplayDevInfo getRenderFps mFps:120 mRenderFps:0 mWidth:1080 mHeight:2376
04-29 02:17:36.885 E/ANDR-PERF-LM( 2137): APE_FEATURE: runAsyncPeriodic() 574: Improper Initialization or Engines disabled
04-29 02:17:36.895 D/BatteryChargeControl( 2234): bcc get no support from charging protocol
04-29 02:17:37.073 E/PERFHAL-PERFCTRL( 2137): PERFHAL-PERFCTRL: chk_core_online_poll_loop() 748: poll() has timed out for /sys/kernel/msm_performance/events/cpu_hotplug
04-29 02:17:37.073 E/PERFHAL-PERFCTRL( 2137): PERFHAL-PERFCTRL: chk_core_online_poll_loop() 743: Block on poll()
04-29 02:17:37.097 V/AlarmManager( 3543): sending alarm Alarm{bd4cd0e type 1 origWhen 1777400257097 whenElapsed 231494930 android} uid 1000 whenElapsed 231494930 windowLength 0 maxWhenElapsed 231494930 repeatInterval 0 action null component null tag StorgaeBandInfoAlarmTag flags 0x9 procName system_server
04-29 02:17:37.098 D/OplusProxyWakeLock( 3543): acquireProxyWakeLock, prevent uid: 10413 tag:*alar...   WorkSource{1000 chains=WorkChain{(10413), (1000, JobScheduler)}}/WorkChain{(10413), (1000, JobScheduler)}
04-29 02:17:37.098 E/OplusStorageUFSBandwidth( 3543): storage_io_metrics_path is /proc/oplus_storage/io_metrics/forever/
04-29 02:17:37.099 E/OplusStorageUFSBandwidth( 3543): Bandwidth - Read: 0.00 MB/s, Write: 0.00 MB/s
04-29 02:17:37.099 E/OplusStorageUFSBandwidth( 3543): Task time: 1ms
04-29 02:17:37.101 E/OplusStorageUFSBandwidth( 3543): Alarm set to trigger in 10 seconds
04-29 02:17:37.204 D/osense.compress( 3543): com.xunmeng.pinduoduo do shrink, target ratio = 90, final ratio = 90, cur ratio = 86
04-29 02:17:37.441 D/osense.compress( 3543): com.android.vending do shrink, target ratio = 90, final ratio = 90, cur ratio = 88
04-29 02:17:37.551 I/OplusTouchDaemon( 3267): ts_run_service: shellback temperature updated 33 (33498)
04-29 02:17:37.554 I/SDM     ( 2125): DisplayBuiltIn::IdlePowerCollapse: IPC received, disabling partial update for one frame
04-29 02:17:37.744 D/CommonApp-338-10639( 5752): transport layer data is invalid
04-29 02:17:37.744 D/ScorePolicy( 5752): handleScoreChanged: []
04-29 02:17:37.744 D/ScorePolicy( 5752): handleScoreChanged: []
04-29 02:17:37.744 D/ScorePolicy( 5752): handleScoreChanged: []
04-29 02:17:37.854 D/PluginAppUtils(32649): getCurApplication(1)  application = com.heytap.msp.v2.MspApplication@1fe1a91
04-29 02:17:37.857 W/ActivityManager( 3543): pid 32649 com.heytap.htms sent binder code 1 with flags 1 to frozen apps and got error -32
04-29 02:17:37.857 E/MSP-LOG-APP-ModuleAgent(32649): android.os.DeadObjectException
04-29 02:17:37.857 W/ActivityManager( 3543): pid 350 received async transactions while frozen
04-29 02:17:37.858 W/ActivityManager( 3543): pid 12289 received async transactions while frozen
04-29 02:17:37.858 W/ActivityManager( 3543): pid 12680 received async transactions while frozen
04-29 02:17:37.858 W/ActivityManager( 3543): pid 17331 received async transactions while frozen
04-29 02:17:37.858 W/ActivityManager( 3543): pid 21085 received async transactions while frozen
04-29 02:17:37.858 W/ActivityManager( 3543): pid 23100 received async transactions while frozen
04-29 02:17:37.858 W/ActivityManager( 3543): pid 23230 received async transactions while frozen
04-29 02:17:37.858 W/ActivityManager( 3543): pid 30659 received async transactions while frozen
04-29 02:17:37.858 W/ActivityManager( 3543): pid 30730 received async transactions while frozen
04-29 02:17:37.885 E/ANDR-PERF-LM( 2137): APE_FEATURE: runAsyncPeriodic() 574: Improper Initialization or Engines disabled
04-29 02:17:37.896 D/BatteryChargeControl( 2234): bcc get no support from charging protocol
04-29 02:17:38.168 V/AlarmManager( 3543): sending alarm Alarm{8d9634b type 3 origWhen 231496000 whenElapsed 231496000 android} uid 1000 whenElapsed 231496000 windowLength 0 maxWhenElapsed 231496000 repeatInterval 0 action null component null tag StatsCompanionService.periodic flags 0x9 procName system_server
04-29 02:17:38.168 D/OplusProxyWakeLock( 3543): acquireProxyWakeLock, prevent uid: 10413 tag:*alar...   WorkSource{1000 chains=WorkChain{(10413), (1000, JobScheduler)}}/WorkChain{(10413), (1000, JobScheduler)}
04-29 02:17:38.174 I/statsd  ( 2001): Fate decided that an alarm will trigger subscribers.
04-29 02:17:38.176 I/OplusObrain(12075): OplusObrainClientInvoke.nativeGetTelephonyInfo
04-29 02:17:38.177 I/OplusObrain(12075): OplusObrainClientInvoke.nativeGetTrafficTypeInfoForNetworkType networkType 0
04-29 02:17:38.177 E/android.hardware.power.stats-impl.oplus( 2204): HandleFactory::read open charger_input_current_now(/proc/charger/input_current_now) failed! fd: -1 errno: 2
04-29 02:17:38.177 W/android.hardware.power.stats-impl.oplus( 2204): PruneException: Unknown binder exception (2) pruned into EX_TRANSACTION_FAILED
04-29 02:17:38.177 D/KernelStatsHelper( 3543): getKernelStats start!
04-29 02:17:38.177 W/midasd  ( 7677): handleFactory read failed.
04-29 02:17:38.179 D/OplusNetlinkSocket( 3543): handleNetlinkRecvKernelMessage:nlmsghdr:StructNlMsgHdr{ nlmsg_len{3004}, nlmsg_type{51()}, nlmsg_flags{0()}, nlmsg_seq{0}, nlmsg_pid{232199062} }
04-29 02:17:38.179 D/KernelStatsHelper( 3543): get magic :[-1, -1, -1, 77, 65, 71, 73, 67]
04-29 02:17:38.179 D/KernelStatsHelper( 3543): magic matched count:465 data_len:24180
04-29 02:17:38.179 D/OplusNetlinkSocket( 3543): handleNetlinkRecvKernelMessage:nlmsghdr:StructNlMsgHdr{ nlmsg_len{2988}, nlmsg_type{51()}, nlmsg_flags{0()}, nlmsg_seq{0}, nlmsg_pid{232199062} }
04-29 02:17:38.179 D/OplusNetlinkSocket( 3543): handleNetlinkRecvKernelMessage:nlmsghdr:StructNlMsgHdr{ nlmsg_len{2988}, nlmsg_type{51()}, nlmsg_flags{0()}, nlmsg_seq{0}, nlmsg_pid{232199062} }
04-29 02:17:38.179 D/OplusNetlinkSocket( 3543): handleNetlinkRecvKernelMessage:nlmsghdr:StructNlMsgHdr{ nlmsg_len{2988}, nlmsg_type{51()}, nlmsg_flags{0()}, nlmsg_seq{0}, nlmsg_pid{232199062} }
04-29 02:17:38.179 D/OplusNetlinkSocket( 3543): handleNetlinkRecvKernelMessage:nlmsghdr:StructNlMsgHdr{ nlmsg_len{2988}, nlmsg_type{51()}, nlmsg_flags{0()}, nlmsg_seq{0}, nlmsg_pid{232199062} }
04-29 02:17:38.180 D/OplusNetlinkSocket( 3543): handleNetlinkRecvKernelMessage:nlmsghdr:StructNlMsgHdr{ nlmsg_len{2988}, nlmsg_type{51()}, nlmsg_flags{0()}, nlmsg_seq{0}, nlmsg_pid{232199062} }
04-29 02:17:38.180 D/OplusNetlinkSocket( 3543): handleNetlinkRecvKernelMessage:nlmsghdr:StructNlMsgHdr{ nlmsg_len{2988}, nlmsg_type{51()}, nlmsg_flags{0()}, nlmsg_seq{0}, nlmsg_pid{232199062} }
04-29 02:17:38.180 D/OplusNetlinkSocket( 3543): handleNetlinkRecvKernelMessage:nlmsghdr:StructNlMsgHdr{ nlmsg_len{2988}, nlmsg_type{51()}, nlmsg_flags{0()}, nlmsg_seq{0}, nlmsg_pid{232199062} }
04-29 02:17:38.180 D/OplusNetlinkSocket( 3543): handleNetlinkRecvKernelMessage:nlmsghdr:StructNlMsgHdr{ nlmsg_len{492}, nlmsg_type{51()}, nlmsg_flags{0()}, nlmsg_seq{0}, nlmsg_pid{232199062} }
04-29 02:17:38.180 D/KernelStatsHelper( 3543): data over! check: true
04-29 02:17:38.357 D/ShellSubscriberWorkerThread(12075): the first 8 bytes empty, and RestData length > 8 
04-29 02:17:38.458 I/LinkPower( 3543): [MonitorLeafPushSock] startMonitor app:[uid:99910360 pid:-1 name:com.tencent.mm]
04-29 02:17:38.458 E/LinkPower( 3543): [NetlinkLinkPower] failed to handle netlink msg, recevice netlink NLMSG_ERROR msg!
04-29 02:17:38.768 D/CommonApp-338-10639( 5752): transport layer data is invalid
04-29 02:17:38.769 D/ScorePolicy( 5752): handleScoreChanged: []
04-29 02:17:38.769 D/ScorePolicy( 5752): handleScoreChanged: []
04-29 02:17:38.769 D/ScorePolicy( 5752): handleScoreChanged: []
04-29 02:17:38.885 E/ANDR-PERF-LM( 2137): APE_FEATURE: runAsyncPeriodic() 574: Improper Initialization or Engines disabled
04-29 02:17:38.896 D/BatteryChargeControl( 2234): bcc get no support from charging protocol
04-29 02:17:38.968 D/RadioProxyJ[0]( 5752): [62477]> getRRCStatus
04-29 02:17:38.969 D/QmiNasClient( 2705): getRRCStatus - enter
04-29 02:17:38.970 D/QmiNasClient( 2705): getRRCStatus callback - enter
04-29 02:17:38.970 D/QmiNasClient( 2705): getRRCStatus result.rsp.rrcStatusInfo.rrcStatus = 0
04-29 02:17:38.970 D/NasProxy( 2705): handleMessage msg is 4001
04-29 02:17:38.971 D/RadioProxy( 2705): getRRCStatus : response cb for instance 0
04-29 02:17:38.971 D/RadioProxyJ[0]( 5752): [62477]< getRRCStatusResponse 0
04-29 02:17:38.971 D/CoexRfService( 5752): report RRC state:false
04-29 02:17:39.100 W/OPLUS_LOG_LOAD( 3543): ==LOGS PROG INFO, prog(system_server) ==
04-29 02:17:39.100 V/AlarmManager( 3543): sending alarm Alarm{2d8e927 type 1 origWhen 1777400259099 whenElapsed 231496933 android} uid 1000 whenElapsed 231496933 windowLength 0 maxWhenElapsed 231496933 repeatInterval 0 action null component null tag StorgaeBandInfoAlarmTag flags 0x9 procName system_server
04-29 02:17:39.101 D/OplusProxyWakeLock( 3543): acquireProxyWakeLock, prevent uid: 10413 tag:*alar...   WorkSource{1000 chains=WorkChain{(10413), (1000, JobScheduler)}}/WorkChain{(10413), (1000, JobScheduler)}
04-29 02:17:39.101 E/OplusStorageUFSBandwidth( 3543): storage_io_metrics_path is /proc/oplus_storage/io_metrics/forever/
04-29 02:17:39.102 E/OplusStorageUFSBandwidth( 3543): Bandwidth - Read: 0.00 MB/s, Write: 0.50 MB/s
04-29 02:17:39.102 E/OplusStorageUFSBandwidth( 3543): Task time: 1ms
04-29 02:17:39.104 E/OplusStorageUFSBandwidth( 3543): Alarm set to trigger in 10 seconds
04-29 02:17:39.186 V/AlarmManager( 3543): sending alarm Alarm{3c32d7d type 2 origWhen 231497016 whenElapsed 231497016 com.heytap.mcs} uid 1000 whenElapsed 231497016 windowLength 0 maxWhenElapsed 231497016 repeatInterval 0 action com.heytap.onepush.action.service component null flags 0x9 procName com.heytap.mcs
04-29 02:17:39.191 D/OplusProxyWakeLock( 3543): acquireProxyWakeLock, prevent uid: 10413 tag:*alar...   WorkSource{1000 chains=WorkChain{(10413), (1000, JobScheduler)}}/WorkChain{(10413), (1000, JobScheduler)}
04-29 02:17:39.194 E/ONEPUSH:WakeLockUtil(10676): acquireWakeLock
04-29 02:17:39.196 E/ONEPUSH:WakeLockUtil(10676): releaseWakeLock
04-29 02:17:39.595 E/WifiHAL ( 2097): wifi_get_cached_scan_results: Wifi Cached Scan Result not supported by driver
04-29 02:17:39.596 E/WifiStaIfaceAidlImpl( 3543): getCachedScanData failed with service-specific exception: android.os.ServiceSpecificException:  (code 4)
04-29 02:17:39.600 D/VendorWifiService( 5752): onEvent event:9,action:1
04-29 02:17:39.607 D/ScorerUtils( 3543): isLowTraffic: txTputKBps=0, rxTputKBps=0
04-29 02:17:39.607 D/OplusWifiPower_TriggerCenter( 3543): mComponentCallback: wifistat
04-29 02:17:39.795 D/CommonApp-338-10639( 5752): transport layer data is invalid
04-29 02:17:39.795 D/ScorePolicy( 5752): handleScoreChanged: []
04-29 02:17:39.795 D/ScorePolicy( 5752): handleScoreChanged: []
04-29 02:17:39.795 D/ScorePolicy( 5752): handleScoreChanged: []
04-29 02:17:39.886 E/ANDR-PERF-LM( 2137): APE_FEATURE: runAsyncPeriodic() 574: Improper Initialization or Engines disabled
04-29 02:17:39.898 D/BatteryChargeControl( 2234): bcc get no support from charging protocol
04-29 02:17:40.076 E/PERFHAL-PERFCTRL( 2137): PERFHAL-PERFCTRL: chk_core_online_poll_loop() 748: poll() has timed out for /sys/kernel/msm_performance/events/cpu_hotplug
04-29 02:17:40.076 E/PERFHAL-PERFCTRL( 2137): PERFHAL-PERFCTRL: chk_core_online_poll_loop() 743: Block on poll()
04-29 02:17:40.105 D/osense.compress( 3543): com.heytap.health do shrink, target ratio = 82, final ratio = 90, cur ratio = 75
04-29 02:17:40.249 W/ProcessStats( 3543): Tracking association SourceState{55ca47 com.heytap.accessory/10096 BFgs #398267} whose proc state 4 is better than process ProcessState{786b3a5 com.heytap.accessory.Plugin/10096 pkg=com.heytap.accessory} proc state 14 (2 skipped)
04-29 02:17:40.816 D/CommonApp-338-10639( 5752): transport layer data is invalid
04-29 02:17:40.816 D/ScorePolicy( 5752): handleScoreChanged: []
04-29 02:17:40.816 D/ScorePolicy( 5752): handleScoreChanged: []
04-29 02:17:40.816 D/ScorePolicy( 5752): handleScoreChanged: []
04-29 02:17:40.886 E/ANDR-PERF-LM( 2137): APE_FEATURE: runAsyncPeriodic() 574: Improper Initialization or Engines disabled
04-29 02:17:40.899 D/BatteryChargeControl( 2234): bcc get no support from charging protocol
04-29 02:17:41.009 D/ShellSubscriberWorkerThread(12075): the first 8 bytes empty, and RestData length > 8 
04-29 02:17:41.102 V/AlarmManager( 3543): sending alarm Alarm{badb53b type 1 origWhen 1777400261102 whenElapsed 231498935 android} uid 1000 whenElapsed 231498935 windowLength 0 maxWhenElapsed 231498935 repeatInterval 0 action null component null tag StorgaeBandInfoAlarmTag flags 0x9 procName system_server
04-29 02:17:41.103 D/OplusProxyWakeLock( 3543): acquireProxyWakeLock, prevent uid: 10413 tag:*alar...   WorkSource{1000 chains=WorkChain{(10413), (1000, JobScheduler)}}/WorkChain{(10413), (1000, JobScheduler)}
04-29 02:17:41.104 E/OplusStorageUFSBandwidth( 3543): storage_io_metrics_path is /proc/oplus_storage/io_metrics/forever/
04-29 02:17:41.105 E/OplusStorageUFSBandwidth( 3543): Bandwidth - Read: 0.00 MB/s, Write: 0.00 MB/s
04-29 02:17:41.105 E/OplusStorageUFSBandwidth( 3543): Task time: 1ms
04-29 02:17:41.106 E/OplusStorageUFSBandwidth( 3543): Alarm set to trigger in 10 seconds
04-29 02:17:41.422 D/vendor.oplus.hardware.charger-V10-service( 2234): ret_value:119, read content:,340,334,3787,3782,26,44,45,1,1,0,47,4937,45,1,4480,600,500,0,7,1400,7,0,1,0,2,0,0,0,1,5845,93,0,2222,5166,0,0,0,0,0,0
04-29 02:17:41.423 D/vendor.oplus.hardware.charger-V10-service( 2234): gmtime: 2026-04-29-02-17-41
04-29 02:17:41.423 D/vendor.oplus.hardware.charger-V10-service( 2234): usb_online:1, ac_online:-2147483648, wireless_online:-2147483648
04-29 02:17:41.689 I/SDM     ( 2125): DisplayBuiltIn::IdlePowerCollapse: IPC received, disabling partial update for one frame
04-29 02:17:41.776 I/PSN-DmpDataWrapper( 8495): PersonalizationProvider onChange:content://com.oplus.oss.provider.PersonalizationProvider/events?event=idle
04-29 02:17:41.776 I/PSN-DmpDataWrapper( 8495): PersonalizationProvider onDmpWorkEvent:idle
04-29 02:17:41.777 I/PSN-DmpStateListener( 8495): onDmpWorkEvent DMP_IDLE
04-29 02:17:41.777 W/PSN-ai.engine.business.CardMiningStaticUpdateUseCase( 8495): execute::no need to check frequently
04-29 02:17:41.779 I/PSN-DatabasePwdHelper( 8495): getWritableDatabase: album_mining.db, retryCount: 2, passphrase isEmpty: false
04-29 02:17:41.779 I/PSN-DmpDataWrapper( 8495): queryDmpData resourceName:AIMemory startDocId:-1 limit:2147483647
04-29 02:17:41.780 I/DMP-PersonalizationProvider( 8495): query, projection:[docID, valid, identification, summaryCom, titleCom, createdTimeCom, appNameCom, sceneTypeCom, labelsCom, memoryTypeCom], uri:content://com.oplus.oss.provider.PersonalizationProvider/com.oplus.aimemory#donate_AIMemory
04-29 02:17:41.780 I/PSN-AlbumMiningJobScheduler( 8495): scheduleJobIfNeeded:no need schedule
04-29 02:17:41.781 W/DMP-PersonalizationProvider( 8495): no claw, no download buried
04-29 02:17:41.840 D/CommonApp-338-10639( 5752): transport layer data is invalid
04-29 02:17:41.840 D/ScorePolicy( 5752): handleScoreChanged: []
04-29 02:17:41.840 D/ScorePolicy( 5752): handleScoreChanged: []
04-29 02:17:41.840 D/ScorePolicy( 5752): handleScoreChanged: []
04-29 02:17:41.887 E/ANDR-PERF-LM( 2137): APE_FEATURE: runAsyncPeriodic() 574: Improper Initialization or Engines disabled
04-29 02:17:41.900 D/BatteryChargeControl( 2234): bcc get no support from charging protocol
04-29 02:17:41.972 D/RadioProxyJ[0]( 5752): [62478]> getRRCStatus
04-29 02:17:41.973 D/QmiNasClient( 2705): getRRCStatus - enter
04-29 02:17:41.974 D/QmiNasClient( 2705): getRRCStatus callback - enter
04-29 02:17:41.974 D/QmiNasClient( 2705): getRRCStatus result.rsp.rrcStatusInfo.rrcStatus = 0
04-29 02:17:41.974 D/NasProxy( 2705): handleMessage msg is 4001
04-29 02:17:41.974 D/RadioProxy( 2705): getRRCStatus : response cb for instance 0
04-29 02:17:41.975 D/RadioProxyJ[0]( 5752): [62478]< getRRCStatusResponse 0
04-29 02:17:41.975 D/CoexRfService( 5752): report RRC state:false
04-29 02:17:42.596 I/sensors-hal( 2094): qsh_conn_event_cb:756, event[0] msg_id=1025, ts=4444933009796, sensor_type = pedometer_minute  Wakeup
04-29 02:17:42.597 E/sensors-hal( 2094): handle_sns_client_event:98, pedometer_minute: report_ts=3857,counter=9656.000000 move_status =[SNS_CMC_STATIONARY] time_gap = 0 run_counter=4719.000000 walk_counter=3487.000000
04-29 02:17:42.601 I/StepApp_StepDataPreHandler( 5104): (main)onSensorChanged raw data: step=9656.0 state=3.0 minuteDelta=0.0 timestamp=231500427383543 steprun=4719.0 stepwalk=3487.0 formatted data: step=9656 state=3 timestamp=231500427383543 time=1777400262595 steprun=4719 stepwalk=3487
04-29 02:17:42.601 I/StepApp_StepDataSaver( 5104): (O_dfd_176)getNewFixedOffsetStep type is STEP
04-29 02:17:42.602 I/StepApp_StepDataSaver( 5104): (O_dfd_176)isRebootCountStep:false	 lastRealTimeStamp = 1777400160000	 bootTimestamp = 1777168762167	 mLastModifiedMinuteTime = 2026-04-29-02-16
04-29 02:17:42.602 I/StepApp_StepDataSaver( 5104): (O_dfd_176)calOffSet:sensorStep = 9656	 lastModifiedStep = 9656	 offSet = 0
04-29 02:17:42.602 I/StepApp_StepDataSaver( 5104): (O_dfd_176)getNewFixedOffsetStep type is RUN
04-29 02:17:42.602 I/StepApp_StepDataSaver( 5104): (O_dfd_176)isRebootCountStep:false	 lastRealTimeStamp = 1777400160000	 bootTimestamp = 1777168762167	 mLastModifiedMinuteTime = 2026-04-29-02-16
04-29 02:17:42.602 I/StepApp_StepDataSaver( 5104): (O_dfd_176)calOffSet:sensorStep = 4719	 lastModifiedStep = 4719	 offSet = 0
04-29 02:17:42.602 I/StepApp_StepDataSaver( 5104): (O_dfd_176)getNewFixedOffsetStep type is WALK
04-29 02:17:42.602 I/StepApp_StepDataSaver( 5104): (O_dfd_176)isRebootCountStep:false	 lastRealTimeStamp = 1777400160000	 bootTimestamp = 1777168762167	 mLastModifiedMinuteTime = 2026-04-29-02-16
04-29 02:17:42.602 I/StepApp_StepDataSaver( 5104): (O_dfd_176)calOffSet:sensorStep = 3487	 lastModifiedStep = 3487	 offSet = 0
04-29 02:17:42.623 E/WifiHAL ( 2097): wifi_get_cached_scan_results: Wifi Cached Scan Result not supported by driver
04-29 02:17:42.623 E/WifiStaIfaceAidlImpl( 3543): getCachedScanData failed with service-specific exception: android.os.ServiceSpecificException:  (code 4)
04-29 02:17:42.628 D/VendorWifiService( 5752): onEvent event:9,action:1
04-29 02:17:42.634 D/ScorerUtils( 3543): isLowTraffic: txTputKBps=0, rxTputKBps=0
04-29 02:17:42.635 D/OplusWifiPower_TriggerCenter( 3543): mComponentCallback: wifistat
04-29 02:17:42.635 I/SDM     ( 2125): DisplayBuiltIn::IdlePowerCollapse: IPC received, disabling partial update for one frame
04-29 02:17:42.735 I/SDM     ( 2125): DisplayBuiltIn::IdlePowerCollapse: IPC received, disabling partial update for one frame
04-29 02:17:42.768 W/OPLUS_LOG_LOAD( 9123): ==LOGS PROG INFO, prog(com.coloros.assistantscreen) ==
04-29 02:17:42.768 E/FileStrategy( 9123): java.io.IOException: Read-only file system
04-29 02:17:42.866 D/CommonApp-338-10639( 5752): transport layer data is invalid
04-29 02:17:42.866 D/ScorePolicy( 5752): handleScoreChanged: []
04-29 02:17:42.866 D/ScorePolicy( 5752): handleScoreChanged: []
04-29 02:17:42.866 D/ScorePolicy( 5752): handleScoreChanged: []
04-29 02:17:42.890 E/ANDR-PERF-LM( 2137): APE_FEATURE: runAsyncPeriodic() 574: Improper Initialization or Engines disabled
04-29 02:17:42.900 D/BatteryChargeControl( 2234): bcc get no support from charging protocol
04-29 02:17:43.082 E/PERFHAL-PERFCTRL( 2137): PERFHAL-PERFCTRL: chk_core_online_poll_loop() 748: poll() has timed out for /sys/kernel/msm_performance/events/cpu_hotplug
04-29 02:17:43.083 E/PERFHAL-PERFCTRL( 2137): PERFHAL-PERFCTRL: chk_core_online_poll_loop() 743: Block on poll()
04-29 02:17:43.105 V/AlarmManager( 3543): sending alarm Alarm{276e9b1 type 1 origWhen 1777400263105 whenElapsed 231500938 android} uid 1000 whenElapsed 231500938 windowLength 0 maxWhenElapsed 231500938 repeatInterval 0 action null component null tag StorgaeBandInfoAlarmTag flags 0x9 procName system_server
04-29 02:17:43.106 D/OplusProxyWakeLock( 3543): acquireProxyWakeLock, prevent uid: 10413 tag:*alar...   WorkSource{1000 chains=WorkChain{(10413), (1000, JobScheduler)}}/WorkChain{(10413), (1000, JobScheduler)}
04-29 02:17:43.106 E/OplusStorageUFSBandwidth( 3543): storage_io_metrics_path is /proc/oplus_storage/io_metrics/forever/
04-29 02:17:43.107 E/OplusStorageUFSBandwidth( 3543): Bandwidth - Read: 0.00 MB/s, Write: 0.00 MB/s
04-29 02:17:43.107 E/OplusStorageUFSBandwidth( 3543): Task time: 1ms
04-29 02:17:43.109 E/OplusStorageUFSBandwidth( 3543): Alarm set to trigger in 10 seconds
04-29 02:17:43.160 D/gaia-GaiaConnectChecker( 8929): start connect check++
04-29 02:17:43.399 D/osense.compress( 3543): com.google.android.gms do shrink, target ratio = 87, final ratio = 90, cur ratio = 82
04-29 02:17:43.598 I/SDM     ( 2125): DisplayBuiltIn::IdlePowerCollapse: IPC received, disabling partial update for one frame
04-29 02:17:43.610 W/OPLUS_LOG_LOAD( 5372): ==LOGS PROG INFO, prog(com.android.systemui) ==
04-29 02:17:43.610 W/HapContentObserver( 5372): uri: content://com.oplus.healthservice.stepprovider/day_statistic
04-29 02:17:43.611 D/HapContentObserver( 5372): key: 105566054 , task: 10019183
04-29 02:17:43.611 D/ContentResolverTask( 5372): uri: content://com.oplus.healthservice.stepprovider/day_statistic contains: false task: 10019183
04-29 02:17:43.612 I/StepApp_StepProvider( 5104): (binder:5104_9)call:package=com.oplus.metis	method=method_call_by_assistantscreen_and_health_from_table_day_step_data	arg=	extras=Bundle[mParcelledData.dataSize=296]	pid=5104
04-29 02:17:43.612 I/StepApp_StepProvider( 5104): (binder:5104_9)parserQueryData:queryData=QueryData(uri=content://com.oplus.healthservice.stepprovider/day_statistic, projection=null, selection=day_date=?, selectionArgs=[2026-04-29], sortOrder=null, startPos=null)
04-29 02:17:43.615 I/StepApp_StepProvider( 5104): (binder:5104_9)resultListString :[{"date":"2026-04-29","offset":95,"offsetRun":7,"offsetWalk":64,"step":9656,"stepRun":4719,"stepWalk":3487,"timestamp":0}]
04-29 02:17:43.888 D/CommonApp-338-10639( 5752): transport layer data is invalid
04-29 02:17:43.888 D/ScorePolicy( 5752): handleScoreChanged: []
04-29 02:17:43.888 D/ScorePolicy( 5752): handleScoreChanged: []
04-29 02:17:43.888 D/ScorePolicy( 5752): handleScoreChanged: []
04-29 02:17:43.891 E/ANDR-PERF-LM( 2137): APE_FEATURE: runAsyncPeriodic() 574: Improper Initialization or Engines disabled
04-29 02:17:43.901 D/BatteryChargeControl( 2234): bcc get no support from charging protocol
04-29 02:17:43.940 E/SQLiteLog( 9805): (1) incomplete input in "insert into log"
04-29 02:17:44.113 D/osense.compress( 3543): com.xtc.watch do shrink, target ratio = 90, final ratio = 90, cur ratio = 88
04-29 02:17:44.891 E/ANDR-PERF-LM( 2137): APE_FEATURE: runAsyncPeriodic() 574: Improper Initialization or Engines disabled
04-29 02:17:44.902 D/BatteryChargeControl( 2234): bcc get no support from charging protocol
04-29 02:17:44.912 D/CommonApp-338-10639( 5752): transport layer data is invalid
04-29 02:17:44.912 D/ScorePolicy( 5752): handleScoreChanged: []
04-29 02:17:44.912 D/ScorePolicy( 5752): handleScoreChanged: []
04-29 02:17:44.912 D/ScorePolicy( 5752): handleScoreChanged: []
04-29 02:17:44.975 D/RadioProxyJ[0]( 5752): [62479]> getRRCStatus
04-29 02:17:44.976 D/QmiNasClient( 2705): getRRCStatus - enter
04-29 02:17:44.978 D/QmiNasClient( 2705): getRRCStatus callback - enter
04-29 02:17:44.978 D/QmiNasClient( 2705): getRRCStatus result.rsp.rrcStatusInfo.rrcStatus = 0
04-29 02:17:44.978 D/NasProxy( 2705): handleMessage msg is 4001
04-29 02:17:44.978 D/RadioProxy( 2705): getRRCStatus : response cb for instance 0
04-29 02:17:44.978 D/RadioProxyJ[0]( 5752): [62479]< getRRCStatusResponse 0
04-29 02:17:44.978 D/CoexRfService( 5752): report RRC state:false
04-29 02:17:45.107 V/AlarmManager( 3543): sending alarm Alarm{65f6fed type 1 origWhen 1777400265107 whenElapsed 231502940 android} uid 1000 whenElapsed 231502940 windowLength 0 maxWhenElapsed 231502940 repeatInterval 0 action null component null tag StorgaeBandInfoAlarmTag flags 0x9 procName system_server
04-29 02:17:45.108 D/OplusProxyWakeLock( 3543): acquireProxyWakeLock, prevent uid: 10413 tag:*alar...   WorkSource{1000 chains=WorkChain{(10413), (1000, JobScheduler)}}/WorkChain{(10413), (1000, JobScheduler)}
04-29 02:17:45.108 E/OplusStorageUFSBandwidth( 3543): storage_io_metrics_path is /proc/oplus_storage/io_metrics/forever/
04-29 02:17:45.109 E/OplusStorageUFSBandwidth( 3543): Bandwidth - Read: 0.00 MB/s, Write: 0.00 MB/s
04-29 02:17:45.109 E/OplusStorageUFSBandwidth( 3543): Task time: 1ms
04-29 02:17:45.111 E/OplusStorageUFSBandwidth( 3543): Alarm set to trigger in 10 seconds
04-29 02:17:45.294 D/osense.compress( 3543): com.nearme.gamecenter do shrink, target ratio = 90, final ratio = 90, cur ratio = 88
04-29 02:17:45.653 E/WifiHAL ( 2097): wifi_get_cached_scan_results: Wifi Cached Scan Result not supported by driver
04-29 02:17:45.654 E/WifiStaIfaceAidlImpl( 3543): getCachedScanData failed with service-specific exception: android.os.ServiceSpecificException:  (code 4)
04-29 02:17:45.658 D/VendorWifiService( 5752): onEvent event:9,action:1
04-29 02:17:45.665 D/ScorerUtils( 3543): isLowTraffic: txTputKBps=0, rxTputKBps=0
04-29 02:17:45.665 D/OplusWifiPower_TriggerCenter( 3543): mComponentCallback: wifistat
04-29 02:17:45.891 E/ANDR-PERF-LM( 2137): APE_FEATURE: runAsyncPeriodic() 574: Improper Initialization or Engines disabled
04-29 02:17:45.902 D/BatteryChargeControl( 2234): bcc get no support from charging protocol
04-29 02:17:45.936 D/CommonApp-338-10639( 5752): transport layer data is invalid
04-29 02:17:45.936 D/ScorePolicy( 5752): handleScoreChanged: []
04-29 02:17:45.936 D/ScorePolicy( 5752): handleScoreChanged: []
04-29 02:17:45.936 D/ScorePolicy( 5752): handleScoreChanged: []
04-29 02:17:46.009 D/ShellSubscriberWorkerThread(12075): the first 8 bytes empty, and RestData length > 8 
04-29 02:17:46.086 E/PERFHAL-PERFCTRL( 2137): PERFHAL-PERFCTRL: chk_core_online_poll_loop() 748: poll() has timed out for /sys/kernel/msm_performance/events/cpu_hotplug
04-29 02:17:46.086 E/PERFHAL-PERFCTRL( 2137): PERFHAL-PERFCTRL: chk_core_online_poll_loop() 743: Block on poll()
04-29 02:17:46.311 D/osense.compress( 3543): com.heytap.market do shrink, target ratio = 89, final ratio = 90, cur ratio = 84
04-29 02:17:46.424 D/vendor.oplus.hardware.charger-V10-service( 2234): ret_value:119, read content:,340,332,3786,3782,27,44,45,1,1,0,44,4949,45,1,4480,600,500,0,7,1400,7,0,1,0,2,0,0,0,1,5845,93,0,2222,5166,0,0,0,0,0,0
04-29 02:17:46.424 D/vendor.oplus.hardware.charger-V10-service( 2234): gmtime: 2026-04-29-02-17-46
04-29 02:17:46.425 D/vendor.oplus.hardware.charger-V10-service( 2234): usb_online:1, ac_online:-2147483648, wireless_online:-2147483648
04-29 02:17:46.809 I/SDM     ( 2125): DisplayBuiltIn::IdlePowerCollapse: IPC received, disabling partial update for one frame
04-29 02:17:46.892 E/ANDR-PERF-LM( 2137): APE_FEATURE: runAsyncPeriodic() 574: Improper Initialization or Engines disabled
04-29 02:17:46.903 D/BatteryChargeControl( 2234): bcc get no support from charging protocol
04-29 02:17:46.960 D/CommonApp-338-10639( 5752): transport layer data is invalid
04-29 02:17:46.960 D/ScorePolicy( 5752): handleScoreChanged: []
04-29 02:17:46.960 D/ScorePolicy( 5752): handleScoreChanged: []
04-29 02:17:46.960 D/ScorePolicy( 5752): handleScoreChanged: []
04-29 02:17:47.109 V/AlarmManager( 3543): sending alarm Alarm{483afa5 type 1 origWhen 1777400267109 whenElapsed 231504942 android} uid 1000 whenElapsed 231504942 windowLength 0 maxWhenElapsed 231504942 repeatInterval 0 action null component null tag StorgaeBandInfoAlarmTag flags 0x9 procName system_server
04-29 02:17:47.110 D/OplusProxyWakeLock( 3543): acquireProxyWakeLock, prevent uid: 10413 tag:*alar...   WorkSource{1000 chains=WorkChain{(10413), (1000, JobScheduler)}}/WorkChain{(10413), (1000, JobScheduler)}
04-29 02:17:47.110 E/OplusStorageUFSBandwidth( 3543): storage_io_metrics_path is /proc/oplus_storage/io_metrics/forever/
04-29 02:17:47.112 E/OplusStorageUFSBandwidth( 3543): Bandwidth - Read: 0.00 MB/s, Write: 0.00 MB/s
04-29 02:17:47.112 E/OplusStorageUFSBandwidth( 3543): Task time: 2ms
04-29 02:17:47.113 E/OplusStorageUFSBandwidth( 3543): Alarm set to trigger in 10 seconds
04-29 02:17:47.740 W/AIUnit-h6.o1777397516816( 1863): onTrimMemory 40
04-29 02:17:47.741 I/AIUnit-Utils( 1863): getMemInfo: memoryInfo=android.app.ActivityManager$MemoryInfo@4a6eba8
04-29 02:17:47.742 I/AIUnit-Utils( 1863): getMemInfoByProc: info=MemInfo(totalMem:15841845248, availMem:4929814528)
04-29 02:17:47.743 I/AIUnit-UnitManager( 1863): onEvents: memoryEvent=MemoryEvent(aMem:[totalMem:14.75GB, availMem:4.70GB], sMem:[totalMem:14.75GB, availMem:4.59GB]. cur:ProcessMemory(name=com.oplus.aiunit, pid=1863, pss=26911))
04-29 02:17:47.743 I/MonitorHandlerThread( 1863): handleMemoryTask, now usedMemPercentage is 0.0073326655796595985, used memory = 26911 KB, total memory = 3670016.0 KB
04-29 02:17:47.746 I/SDM     ( 2125): DisplayBuiltIn::IdlePowerCollapse: IPC received, disabling partial update for one frame
04-29 02:17:47.766 I/SDM     ( 2125): DisplayBuiltIn::IdlePowerCollapse: IPC received, disabling partial update for one frame
04-29 02:17:47.784 I/SDM     ( 2125): DisplayBuiltIn::IdlePowerCollapse: IPC received, disabling partial update for one frame
04-29 02:17:47.796 I/SDM     ( 2125): DisplayBuiltIn::IdlePowerCollapse: IPC received, disabling partial update for one frame
04-29 02:17:47.815 I/SDM     ( 2125): DisplayBuiltIn::IdlePowerCollapse: IPC received, disabling partial update for one frame
04-29 02:17:47.829 I/SDM     ( 2125): DisplayBuiltIn::IdlePowerCollapse: IPC received, disabling partial update for one frame
04-29 02:17:47.846 I/SDM     ( 2125): DisplayBuiltIn::IdlePowerCollapse: IPC received, disabling partial update for one frame
04-29 02:17:47.856 D/PluginAppUtils(32649): getCurApplication(1)  application = com.heytap.msp.v2.MspApplication@1fe1a91
04-29 02:17:47.858 D/ActivityThread(32649): Too many transaction errors, throttling freezer binder callback.
04-29 02:17:47.859 E/MSP-LOG-APP-ModuleAgent(32649): android.os.DeadObjectException
04-29 02:17:47.892 E/ANDR-PERF-LM( 2137): APE_FEATURE: runAsyncPeriodic() 574: Improper Initialization or Engines disabled
04-29 02:17:47.904 D/BatteryChargeControl( 2234): bcc get no support from charging protocol
04-29 02:17:47.979 D/RadioProxyJ[0]( 5752): [62480]> getRRCStatus
04-29 02:17:47.980 D/QmiNasClient( 2705): getRRCStatus - enter
04-29 02:17:47.981 D/QmiNasClient( 2705): getRRCStatus callback - enter
04-29 02:17:47.981 D/QmiNasClient( 2705): getRRCStatus result.rsp.rrcStatusInfo.rrcStatus = 0
04-29 02:17:47.982 D/NasProxy( 2705): handleMessage msg is 4001
04-29 02:17:47.982 D/RadioProxy( 2705): getRRCStatus : response cb for instance 0
04-29 02:17:47.982 D/RadioProxyJ[0]( 5752): [62480]< getRRCStatusResponse 0
04-29 02:17:47.983 D/CoexRfService( 5752): report RRC state:false
04-29 02:17:47.983 D/CommonApp-338-10639( 5752): transport layer data is invalid
04-29 02:17:47.984 D/ScorePolicy( 5752): handleScoreChanged: []
04-29 02:17:47.984 D/ScorePolicy( 5752): handleScoreChanged: []
