04-29 02:18:05.921 D/VRR [OPlusExternalRefreshRateManager]( 3543):  Display refreshrate :90 , Switch to OTI-HW 
04-29 02:18:05.921 D/VRR [OTI-HW]( 2388): isStateReady 0
04-29 02:18:05.921 D/VRR [OTI-HW]( 2388): keep rate.
04-29 02:18:05.970 D/VRR [OPlusSAManager]( 3543): updateAutoMinfps for 4630946685746860179 with nits: 47.48857, mHistOK true, mAmbientOK true, mCctOK true, mIrOK true, mBrightnessOK true, isPkgOK true, SA min fps: 2
04-29 02:18:05.971 I/VRR-[OPlusRefreshRateSelector]( 2388): updateAutoMode success, display 0, mode 0, fakeframe 1, min fps: 30
04-29 02:18:05.983 I/SDM     ( 2125): DisplayBuiltIn::SetQSyncMode: VRR + update qsync mode 0 minfps 00C0819E
04-29 02:18:05.985 E/SDM     ( 2125): DRMConnector::Perform: Connector 68: Setting Qsync min fps 12616094
04-29 02:18:05.996 I/BufferQueueProducer(21887): matchSurface com.ss.android.ugc.aweme->ugc.aweme, VRI[SplashActivity]#6(BLAST Consumer)6->SurfaceTexture
04-29 02:18:05.996 I/BufferQueueProducer(21887): matchSurface com.ss.android.ugc.aweme->ugc.aweme, VRI[SplashActivity]#6(BLAST Consumer)6->SurfaceView
04-29 02:18:05.996 I/BufferQueueProducer(21887): matchSurface com.ss.android.ugc.aweme->ugc.aweme, VRI[SplashActivity]#6(BLAST Consumer)6->[BBQ]
04-29 02:18:06.002 D/RadioProxyJ[0]( 5752): [62486]> getRRCStatus
04-29 02:18:06.003 D/QmiNasClient( 2705): getRRCStatus - enter
04-29 02:18:06.005 D/QmiNasClient( 2705): getRRCStatus callback - enter
04-29 02:18:06.005 D/QmiNasClient( 2705): getRRCStatus result.rsp.rrcStatusInfo.rrcStatus = 0
04-29 02:18:06.005 D/NasProxy( 2705): handleMessage msg is 4001
04-29 02:18:06.005 D/RadioProxy( 2705): getRRCStatus : response cb for instance 0
04-29 02:18:06.005 D/RadioProxyJ[0]( 5752): [62486]< getRRCStatusResponse 0
04-29 02:18:06.006 D/CoexRfService( 5752): report RRC state:false
04-29 02:18:06.087 D/OplusNetKit( 3543): interface name from LP: [rmnet_data3]
04-29 02:18:06.087 D/OplusNetKit( 3543): interface name from LP: [wlan0]
04-29 02:18:06.087 D/OplusNetKit( 3543): in getLpByInterface name from LP: [rmnet_data3]
04-29 02:18:06.087 D/OplusNetKit( 3543): in getLpByInterface name from LP: [wlan0]
04-29 02:18:06.087 D/OplusNetKit( 3543): in getLpByInterface name from LP: [rmnet_data3]
04-29 02:18:06.087 D/OplusNetKit( 3543): in getLpByInterface name from LP: [wlan0]
04-29 02:18:06.110 D/OplusArpKit( 3543): sendGatewayMacAddress ifaceName=wlan0 gatewayMac=00:**:**:**:35:b2 gatewayIp=192.168.2.***
04-29 02:18:06.110 D/OplusNetKit( 3543): in getLpByInterface name from LP: [rmnet_data3]
04-29 02:18:06.110 D/OplusNetKit( 3543): in getLpByInterface name from LP: [wlan0]
04-29 02:18:06.114 E/CwbService( 2125): Panel not support apl read or getDisplayPanelAplValue timeout 10ms.
04-29 02:18:06.114 D/JobSchedulerServiceExtImpl( 3543): updateOsenseRestrictMode for 1 false false
04-29 02:18:06.115 D/SensorFeature( 2222): name=ssc_screenshot_info ,index = 22
04-29 02:18:06.115 D/SensorFeature( 2222): write 39 bytes:231523925103917,231523936215028,40442,0
04-29 02:18:06.135 I/TcpSyn  ( 5471): updateFrontUidsToKernel, uids = [10331]
04-29 02:18:06.146 D/ClipboardService( 3543): clipboardAccessAllowed: op=29 result=true callingPackage=com.ss.android.ugc.aweme
04-29 02:18:06.146 D/AppSenseConfig( 5752): getIgnoreAppList: [com.android.launcher, com.android.contacts, com.oplus.wirelesssettings, com.coloros.alarmclock, com.coloros.calculator, com.coloros.calendar, com.coloros.phonemanager, com.android.settings, com.android.phone, com.oplus.nas, com.oplus.nhs, com.oplus.appdetail, com.android.permissioncontroller, com.oplus.pscanvas, com.oplus.autotest.test.ctp, com.android.systemui, com.android.systemui.overlay.fingerprint.anim.fy, com.android.systemui.overlay.fingerprint.anim.qy, com.android.systemui.overlay.fingerprint.anim.sw, com.android.systemui.overlay.fingerprint.anim.xw, com.android.systemui.overlay.fingerprint.anim.ccyh, com.android.systemui.overlay.fingerprint.anim.halo, com.android.systemui.overlay.fingerprint.anim.jslz, com.android.systemui.overlay.fingerprint.anim.none, com.android.systemui.overlay.fingerprint.anim.xklc]
04-29 02:18:06.147 D/AppSenseConfig( 5752): getIgnoreAppList: [com.android.launcher, com.android.contacts, com.oplus.wirelesssettings, com.coloros.alarmclock, com.coloros.calculator, com.coloros.calendar, com.coloros.phonemanager, com.android.settings, com.android.phone, com.oplus.nas, com.oplus.nhs, com.oplus.appdetail, com.android.permissioncontroller, com.oplus.pscanvas, com.oplus.autotest.test.ctp, com.android.systemui, com.android.systemui.overlay.fingerprint.anim.fy, com.android.systemui.overlay.fingerprint.anim.qy, com.android.systemui.overlay.fingerprint.anim.sw, com.android.systemui.overlay.fingerprint.anim.xw, com.android.systemui.overlay.fingerprint.anim.ccyh, com.android.systemui.overlay.fingerprint.anim.halo, com.android.systemui.overlay.fingerprint.anim.jslz, com.android.systemui.overlay.fingerprint.anim.none, com.android.systemui.overlay.fingerprint.anim.xklc]
04-29 02:18:06.147 D/ActivityAdapter( 5752): taskChange: pre: 1, cur: 1, changed:true
04-29 02:18:06.147 D/ActivityAdapter( 5752): ugc uid active, uid=10331
04-29 02:18:06.147 D/MultiMediaAdapter( 5752): registerMediaTurbo
04-29 02:18:06.147 D/ActivityAdapter( 5752): app com.hai.music; com.hai.music.MainActivity; 1; COMMON; 10639 exit
04-29 02:18:06.147 D/ActivityAdapter( 5752): isEnterBGAppScene, mActiveUidMap has no app com.hai.music
04-29 02:18:06.147 D/ActivityAdapter( 5752): notifyActivityQuery: [com.ss.android.ugc.aweme; com.ss.android.ugc.aweme.main.MainActivity; 1; SHORT_VIDEO; 10331]
04-29 02:18:06.147 D/OPlusFrontAppManager( 5752): useAdapterResult, pkg=com.ss.android.ugc.aweme,activity=com.ss.android.ugc.aweme.main.MainActivity,result=false
04-29 02:18:06.147 D/OPlusFrontAppManager( 5752): decide -->> [com.ss.android.ugc.aweme; com.ss.android.ugc.aweme.main.MainActivity; 1; SHORT_VIDEO; 10331]
04-29 02:18:06.147 D/ActivityAdapter( 5752): notifyActivityQuery: [com.ss.android.ugc.aweme; com.ss.android.ugc.aweme.main.MainActivity; 1; SHORT_VIDEO; 10331]
04-29 02:18:06.147 D/OPlusFrontAppManager( 5752): useAdapterResult, pkg=com.ss.android.ugc.aweme,activity=com.ss.android.ugc.aweme.main.MainActivity,result=false
04-29 02:18:06.147 D/OPlusFrontAppManager( 5752): decide -->> [com.ss.android.ugc.aweme; com.ss.android.ugc.aweme.main.MainActivity; 1; SHORT_VIDEO; 10331]
04-29 02:18:06.147 D/ConferenceScene( 5752): pkg:com.ss.android.ugc.aweme, activity:com.ss.android.ugc.aweme.main.MainActivity, appSense:SHORT_VIDEO
04-29 02:18:06.148 D/ConferenceScene( 5752): pkg:com.hai.music, activity:com.hai.music.MainActivity, appSense:COMMON
04-29 02:18:06.148 D/SceneService( 5752): handleMessage what:1004
04-29 02:18:06.148 D/SceneService( 5752): notifyAppSceneChanged original mode:{live:0,video:0,voice call:0,video call:0,live host:0,game:0,meeting:0,news:0,file transfer:0},appInfoUnit:[{pkgName:com.ss.android.ugc.aweme,activityName:,winMode:1,event:SHORT_VIDEO,type:0,subEvent:0,pid:21887,uid:10331}]
04-29 02:18:06.148 D/SceneService( 5752): notifySceneChanged apNotify:true,instanceId:0,scene:302_0,mode:1
04-29 02:18:06.148 D/CellMap/QoeMapService( 5752): handleAppSceneChange: [{pkgName:com.ss.android.ugc.aweme,activityName:,winMode:1,event:SHORT_VIDEO,type:0,subEvent:0,pid:21887,uid:10331}]
04-29 02:18:06.148 D/FrontAppsEvent( 5752): receive msg:1001
04-29 02:18:06.148 D/FrontAppsEvent( 5752): onAppSceneUpdate, infoList:[{pkgName:com.ss.android.ugc.aweme,activityName:,winMode:1,event:SHORT_VIDEO,type:0,subEvent:0,pid:21887,uid:10331}]
04-29 02:18:06.148 D/ExtremeCommService( 5752): handleMessage what:1012
04-29 02:18:06.148 D/ExtremeCommService( 5752): updateAppInfo appInfoUnit: com.ss.android.ugc.aweme, winMode:1
04-29 02:18:06.148 D/CellMap/QoeMapService( 5752): handleAppSceneChange update: 2
04-29 02:18:06.148 D/AtomHighLoadSenseInfo( 5752): handleMessage what:1000
04-29 02:18:06.148 D/AtomHighLoadSenseInfo( 5752): handleAppSenseChanged original mode:{live:0,video:0,voice call:0,video call:0,live host:0,meeting:0}
04-29 02:18:06.148 D/AtomHighLoadSenseInfo( 5752): handleAppSenseChanged appInfoUnit:{pkgName:com.ss.android.ugc.aweme,activityName:,winMode:1,event:SHORT_VIDEO,type:0,subEvent:0,pid:21887,uid:10331}
04-29 02:18:06.148 D/CellMap/GameLatencyMapService( 5752): handleAppSceneChange: [{pkgName:com.ss.android.ugc.aweme,activityName:,winMode:1,event:SHORT_VIDEO,type:0,subEvent:0,pid:21887,uid:10331}]
04-29 02:18:06.148 D/Subsys-ScoreAppManager( 5752): handleMessage what:2
04-29 02:18:06.148 D/Subsys-ScoreAppManager( 5752): EVENT_ID_APP_SENSE_CHANGE  onFrontActivityChanged
04-29 02:18:06.148 D/AtomHighLoadSenseInfo( 5752): startSenseRecord record:SenseRecord{senseType=2,senseName='Short Video Sense',startTime=1777400286148(2026-04-29 02:18:06:148),endTime=0(null),duration=0s}
04-29 02:18:06.148 D/AtomNetworkScoreInfo( 5752): handleMessage: 1006
04-29 02:18:06.148 D/AtomNetworkScoreInfo( 5752): top app size: 1
04-29 02:18:06.148 D/Subsys-ScoreAppManager( 5752): appSceneChange fgAppUnits size 1 fgAppUnits [{pkgName:com.ss.android.ugc.aweme,activityName:,winMode:1,event:SHORT_VIDEO,type:0,subEvent:0,pid:21887,uid:10331}] mLastNetworkList[338]
04-29 02:18:06.149 D/WeakNetworkFence( 5752): registerFenceStateChanged
04-29 02:18:06.148 D/AppSenseClient( 5490): handleMessage: 100
04-29 02:18:06.149 D/AppSenseClient( 5418): handleMessage: 100
04-29 02:18:06.149 D/WeakNetworkFence( 5752): onStart()
04-29 02:18:06.149 D/FenceRecognize( 5752): startWifiRecognition
04-29 02:18:06.149 D/AppSenseClient( 5418): handleSenseEvent appInfoUnits: {pkgName:com.ss.android.ugc.aweme,activityName:com.ss.android.ugc.aweme.main.MainActivity,winMode:1,event:SHORT_VIDEO,type:0,subEvent:0,pid:21887,uid:10331},
04-29 02:18:06.149 D/AppSenseClient( 5490): handleSenseEvent appInfoUnits: {pkgName:com.ss.android.ugc.aweme,activityName:com.ss.android.ugc.aweme.main.MainActivity,winMode:1,event:SHORT_VIDEO,type:0,subEvent:0,pid:21887,uid:10331},
04-29 02:18:06.149 D/AppSenseClient( 5418): handleSenseEvent clients: 1
04-29 02:18:06.149 D/AppSenseClient( 5490): handleSenseEvent clients: 1
04-29 02:18:06.149 D/AppSenseClient( 5490): handleSenseEvent clientId: 35073893
04-29 02:18:06.149 D/AppSenseClient( 5418): handleSenseEvent clientId: 3110515
04-29 02:18:06.149 D/AppSenseClient( 5418): notifyAppEvent: pkgName: com.ss.android.ugc.aweme,activityName:com.ss.android.ugc.aweme.main.MainActivity;state: 1;event: SHORT_VIDEO;type: 0;subEvent: 0;pid: 21887;uid: 10331
04-29 02:18:06.149 D/AppSenseClient( 5490): notifyAppEvent: pkgName: com.ss.android.ugc.aweme,activityName:com.ss.android.ugc.aweme.main.MainActivity;state: 1;event: SHORT_VIDEO;type: 0;subEvent: 0;pid: 21887;uid: 10331
04-29 02:18:06.149 D/AppSenseClient( 5418): notifyAppEvent: pkgName: com.hai.music,activityName:com.hai.music.MainActivity;state: 0;event: COMMON;type: 0;subEvent: 0;pid: 18477;uid: 10639
04-29 02:18:06.149 D/AppSenseClient( 5490): notifyAppEvent: pkgName: com.hai.music,activityName:com.hai.music.MainActivity;state: 0;event: COMMON;type: 0;subEvent: 0;pid: 18477;uid: 10639
04-29 02:18:06.149 D/AppSenseClient( 5418): notifyAppChanges: [{pkgName:com.ss.android.ugc.aweme,activityName:com.ss.android.ugc.aweme.main.MainActivity,winMode:1,event:SHORT_VIDEO,type:0,subEvent:0,pid:21887,uid:10331}]
04-29 02:18:06.149 D/AppSenseClient( 5490): notifyAppChanges: [{pkgName:com.ss.android.ugc.aweme,activityName:com.ss.android.ugc.aweme.main.MainActivity,winMode:1,event:SHORT_VIDEO,type:0,subEvent:0,pid:21887,uid:10331}]
04-29 02:18:06.149 D/NhsAppSenseListener( 5490): onAppEvent enter
04-29 02:18:06.149 D/NhsAppSenseListener( 5490): new event: event=2, state=1, pkg=com.ss.android.ugc.aweme, type=0, subEvent=0
04-29 02:18:06.149 V/NhsAppSenseListener( 5490): sense event VIDEO 1
04-29 02:18:06.149 D/AtomNetworkScoreInfo( 5752): Front app state: 1
04-29 02:18:06.149 D/AppSenseClient( 3543): handleMessage: 100
04-29 02:18:06.149 D/AtomModemKpiInfo( 5752): handleMessage what:1000
04-29 02:18:06.149 D/AtomModemKpiInfo( 5752): Event state change: SHORT_VIDEO
04-29 02:18:06.149 D/NhsAppSenseListener( 5490): onAppEvent enter
04-29 02:18:06.149 D/CommonApp-338-10639( 5752): destory
04-29 02:18:06.149 D/NhsAppSenseListener( 5490): new event: event=0, state=0, pkg=com.hai.music, type=0, subEvent=0
04-29 02:18:06.149 D/CommonApp-338-10639( 5752): stopDataCollection
04-29 02:18:06.149 D/PolicyHandler( 5752): updateEventContext trigger event Event{mEventName=FAE,mNickName=frontapp,mEventVal=true,mDefaultVal=false,mId=-1,mDefaultId=-1,mInstanceId=0,mUseNameId=false}
04-29 02:18:06.149 D/NhsAppSenseListener( 5490): onAppChanged, app list size: 1
04-29 02:18:06.149 D/AppSenseClient( 3543): handleSenseEvent appInfoUnits: {pkgName:com.ss.android.ugc.aweme,activityName:com.ss.android.ugc.aweme.main.MainActivity,winMode:1,event:SHORT_VIDEO,type:0,subEvent:0,pid:21887,uid:10331},
04-29 02:18:06.149 D/AppSenseClient( 3543): handleSenseEvent clients: 1
04-29 02:18:06.149 D/AppSenseClient( 3543): handleSenseEvent clientId: 30025739
04-29 02:18:06.149 D/AppSenseService( 5752): notifySenseEvent: {pkgName:com.ss.android.ugc.aweme,activityName:com.ss.android.ugc.aweme.main.MainActivity,winMode:1,event:SHORT_VIDEO,type:0,subEvent:0,pid:21887,uid:10331},
04-29 02:18:06.149 D/AppSenseClient( 3543): notifyAppEvent: pkgName: com.ss.android.ugc.aweme,activityName:com.ss.android.ugc.aweme.main.MainActivity;state: 1;event: SHORT_VIDEO;type: 0;subEvent: 0;pid: 21887;uid: 10331
04-29 02:18:06.149 D/PerceptionBase( 5752): handleMessage enter msg.what 1
04-29 02:18:06.149 D/PerceptionBase( 5752): handleStartRecognition enter
04-29 02:18:06.149 D/AppSenseClient( 3543): notifyAppEvent: pkgName: com.hai.music,activityName:com.hai.music.MainActivity;state: 0;event: COMMON;type: 0;subEvent: 0;pid: 18477;uid: 10639
04-29 02:18:06.149 D/AppSenseClient( 3543): notifyAppChanges: [{pkgName:com.ss.android.ugc.aweme,activityName:com.ss.android.ugc.aweme.main.MainActivity,winMode:1,event:SHORT_VIDEO,type:0,subEvent:0,pid:21887,uid:10331}]
04-29 02:18:06.149 I/VideoScene( 5752): activity enter: com.ss.android.ugc.aweme.main.MainActivity
04-29 02:18:06.149 D/AppSenseClient( 5471): handleMessage: 100
04-29 02:18:06.149 D/CommonApp-338-10639( 5752): current network isn't cellular,not need disable modem report
04-29 02:18:06.149 D/AppSenseClient( 5471): handleSenseEvent appInfoUnits: {pkgName:com.ss.android.ugc.aweme,activityName:com.ss.android.ugc.aweme.main.MainActivity,winMode:1,event:SHORT_VIDEO,type:0,subEvent:0,pid:21887,uid:10331},
04-29 02:18:06.149 D/AppSenseClient( 5471): handleSenseEvent clients: 1
04-29 02:18:06.149 D/AppSenseClient( 5471): handleSenseEvent clientId: 59350097
04-29 02:18:06.149 D/AppSenseClient( 5471): notifyAppEvent: pkgName: com.ss.android.ugc.aweme,activityName:com.ss.android.ugc.aweme.main.MainActivity;state: 1;event: SHORT_VIDEO;type: 0;subEvent: 0;pid: 21887;uid: 10331
04-29 02:18:06.149 D/AppSenseClient( 5471): notifyAppEvent: pkgName: com.hai.music,activityName:com.hai.music.MainActivity;state: 0;event: COMMON;type: 0;subEvent: 0;pid: 18477;uid: 10639
04-29 02:18:06.149 D/AppSenseClient( 5471): notifyAppChanges: [{pkgName:com.ss.android.ugc.aweme,activityName:com.ss.android.ugc.aweme.main.MainActivity,winMode:1,event:SHORT_VIDEO,type:0,subEvent:0,pid:21887,uid:10331}]
04-29 02:18:06.149 D/NAS-DataSceneEvent( 5471): onAppEvent enter
04-29 02:18:06.149 D/NAS-DataSceneEvent( 5471): new event: event=2, state=1, pkg=com.ss.android.ugc.aweme, type=0, subEvent=0
04-29 02:18:06.150 D/NAS-DataSceneEvent( 5471): sense event send event
04-29 02:18:06.150 D/NAS-DataSceneEvent( 5471): onAppEvent enter
04-29 02:18:06.150 D/NAS-DataSceneEvent( 5471): new event: event=0, state=0, pkg=com.hai.music, type=0, subEvent=0
04-29 02:18:06.150 D/NAS-DataSceneEvent( 5471): onAppChanged, app list size: 1
04-29 02:18:06.150 D/NAS-DataSceneEvent( 5471): updateAppSenseChange [{pkgName:com.ss.android.ugc.aweme,activityName:com.ss.android.ugc.aweme.main.MainActivity,winMode:1,event:SHORT_VIDEO,type:0,subEvent:0,pid:21887,uid:10331}]
04-29 02:18:06.150 D/DpiService( 5471): DataScene vedio event received start = 1
04-29 02:18:06.150 D/DamilaDataService( 5490): onVideoEvent, pkgName=com.ss.android.ugc.aweme,state=1
04-29 02:18:06.150 D/WiFiPerception( 5752): onStart
04-29 02:18:06.150 D/NetlinkUtils( 5752): sendToKernel byteBuffer:java.nio.HeapByteBuffer[pos=32 lim=32 cap=32],nlmsg_pid:5752,nlmsg_type:45,cmdType:1,type:10,nla_len:12
04-29 02:18:06.150 D/NetlinkUtils( 5752): sendTransportScoreInfo result:true
04-29 02:18:06.150 D/MotionSenseInterface( 5752): handler: Handler (com.oplus.fence.perception.WiFiPerception$1) {9b982d0}, what:1
04-29 02:18:06.150 D/CommonApp-338-10639( 5752): Remaining data save time: 0
04-29 02:18:06.150 D/Subsys-ScoreAppManager( 5752): createApp
04-29 02:18:06.150 D/MotionSenseInterfaceImpl( 5752): registerMotionSense: Handler (com.oplus.fence.perception.WiFiPerception$1) {9b982d0}_1
04-29 02:18:06.150 D/MotionInitBroker( 5752): ensure: already ready or init running, ready=true, running=false
04-29 02:18:06.150 D/MotionSenseService( 5752): registerMotionSense: 
04-29 02:18:06.150 D/ShortVideoApp-338-10331( 5752): init22
04-29 02:18:06.150 D/MotionModule( 5752): registerEventCallback:com.oplus.motionsense.api.MotionSenseInterfaceImpl$1@3b5d5f9
04-29 02:18:06.150 D/MotionSenseInterfaceImpl( 5752): registerMotionSense: registered successfully
04-29 02:18:06.150 D/WiFiPerception( 5752): onMotionChange still=true
04-29 02:18:06.150 D/NetworkService[0]( 5752): getIfIndexByNetid netId:338,ifName:wlan0,ifIndex:27
04-29 02:18:06.151 D/OplusLinkBoostSceneManager( 5471): handleAppSceneChange: live broadcast off
04-29 02:18:06.151 E/OplusNetlinkConnect( 5471): parse rsp msg failed!Message missing required fields: header
04-29 02:18:06.151 I/SmartDataSwitchStateManager( 5471): update app scene from: 0 to:256
04-29 02:18:06.151 I/SmartDataSwitchGameStrategy( 5471): [NoGameState]onAppSceneChanged scene: VIDEO isEnter: true
04-29 02:18:06.152 D/NetworkService[0]( 5752): getIfIndexByNetid netId:338,ifName:wlan0,ifIndex:27
04-29 02:18:06.152 D/ShortVideoApp-338-10331( 5752): BaseApp init, mNetId 338 mIfIndex 27 network 338
04-29 02:18:06.152 E/PhoneInterfaceManager( 5418): getServiceStateForSlot retuning null for invalid slotIndex=-1
04-29 02:18:06.152 D/ShortVideoApp-338-10331( 5752): choiceScoreWay
04-29 02:18:06.152 D/ShortVideoApp-338-10331( 5752): useTraditionalScore
04-29 02:18:06.152 D/ShortVideoApp-338-10331( 5752): initState
04-29 02:18:06.152 D/ShortVideoApp-338-10331( 5752): createScenarios
04-29 02:18:06.152 D/ShortVideoScenarios( 5752): create app com.ss.android.ugc.aweme scene SHORT_VIDEO mPN com.ss.android.ugc.aweme mNetId 338
04-29 02:18:06.152 D/ShortVideoApp-338-10331( 5752): init end
04-29 02:18:06.152 D/Subsys-ScoreAppManager( 5752): unit: {pkgName:com.ss.android.ugc.aweme,activityName:,winMode:1,event:SHORT_VIDEO,type:0,subEvent:0,pid:21887,uid:10331}
04-29 02:18:06.152 D/ShortVideoApp-338-10331( 5752): CommonState enter
04-29 02:18:06.152 D/ShortVideoApp-338-10331( 5752): CommonState exit
04-29 02:18:06.152 D/ShortVideoApp-338-10331( 5752): ScenariosState enter
04-29 02:18:06.152 D/CommonApp-338-10639( 5752): CommonState exit
04-29 02:18:06.152 D/ShortVideoApp-338-10331( 5752): DefaultState EVENT_INIT_STATE_COMPLETE
04-29 02:18:06.152 D/ShortVideoApp-338-10331( 5752): startDataCollection
04-29 02:18:06.152 D/ShortVideoApp-338-10331( 5752): current network isn't cellular,not need enable modem report
04-29 02:18:06.152 D/NetlinkUtils( 5752): sendToKernel byteBuffer:java.nio.HeapByteBuffer[pos=32 lim=32 cap=32],nlmsg_pid:5752,nlmsg_type:45,cmdType:1,type:9,nla_len:12
04-29 02:18:06.153 D/NetlinkUtils( 5752): sendTransportScoreInfo result:true
04-29 02:18:06.153 D/Subsys-ScoreAppManager( 5752): handleMessage what:40
04-29 02:18:06.157 D/fastrecovery( 5471): now some special scene need to stop reset preAction
04-29 02:18:06.157 D/fastrecovery( 5471): now some special scene need to stop do preAction
04-29 02:18:06.157 D/RadioMessenger( 5752): handleMessage Request msgid 2341
04-29 02:18:06.157 D/ScorePolicyManager( 5752): removeID 210014207 policy 3342341
04-29 02:18:06.157 D/RadioMessenger( 5752): handleMessage Request msgid 2341
04-29 02:18:06.157 D/ScorePolicyManager( 5752): removeID 109785548 policy 3342341
04-29 02:18:06.158 D/RadioMessenger( 5752): handleMessage Request msgid 2341
04-29 02:18:06.158 D/ScorePolicyManager( 5752): removeID 84659363 policy 3342341
04-29 02:18:06.158 D/RadioMessenger( 5752): handleMessage Request msgid 2341
04-29 02:18:06.158 D/ScorePolicyManager( 5752): removeID 124910496 policy 3342341
04-29 02:18:06.158 D/RadioMessenger( 5752): handleMessage Request msgid 2341
04-29 02:18:06.158 D/ScorePolicyManager( 5752): removeID 66261849 policy 3342341
04-29 02:18:06.158 D/RadioMessenger( 5752): handleMessage Request msgid 2341
04-29 02:18:06.158 D/ScorePolicyManager( 5752): removeID 238717726 policy 3342341
04-29 02:18:06.158 D/RcmdCellClient( 5471): register com.oplus.nas.smartcommu.core.policy.manager.aiAgent.AiAgentManager$1@ee94033,, mExecutor android.os.HandlerExecutor@890739d
04-29 02:18:06.158 D/RadioMessenger( 5752): handleMessage Request msgid 2001
04-29 02:18:06.158 D/ScoreServiceProxy( 5471): registerScoreChanged uid 10331 period 4 threshold 4
04-29 02:18:06.159 D/ScoreServiceProxy( 5471): registerScoreChanged uid 10331 period 4 threshold 4
04-29 02:18:06.159 D/RadioMessenger( 5752): handleMessage Request msgid 2340
04-29 02:18:06.159 D/ScoreServiceProxy( 5471): registerScoreChanged uid 10331 period 16 threshold 12
04-29 02:18:06.159 D/ScorePolicyManager( 5752): ID 89264112 policy 3342341 clinetScoreClient: 89264112 3342341 10331 4 4 4 false 0 97770733 null
04-29 02:18:06.160 D/RadioMessenger( 5752): handleMessage Request msgid 2340
04-29 02:18:06.160 D/ScoreServiceProxy( 5471): registerScoreChanged uid 10331 period 32 threshold 24
04-29 02:18:06.160 D/ScoreServiceProxy( 5471): registerScoreChanged uid 10331 period 4 threshold 4
04-29 02:18:06.160 D/ScorePolicyManager( 5752): ID 141302121 policy 3342341 clinetScoreClient: 141302121 3342341 10331 4 4 4 false 0 97770733 null
04-29 02:18:06.160 D/RadioMessenger( 5752): handleMessage Request msgid 2340
04-29 02:18:06.160 D/ScoreServiceProxy( 5471): registerScoreChanged uid 10331 period 4 threshold 4
04-29 02:18:06.161 D/ScorePolicyManager( 5752): ID 100335598 policy 3342341 clinetScoreClient: 100335598 3342341 10331 16 12 16 false 0 97770733 null
04-29 02:18:06.161 D/RadioMessenger( 5752): handleMessage Request msgid 2340
04-29 02:18:06.161 D/CellFence( 5471): [CollectionManager]updateCurrentBusiness=4
04-29 02:18:06.162 D/ScorePolicyManager( 5752): ID 99462287 policy 3342341 clinetScoreClient: 99462287 3342341 10331 32 24 32 false 0 97770733 null
04-29 02:18:06.162 D/RadioMessenger( 5752): handleMessage Request msgid 2340
04-29 02:18:06.162 D/ScorePolicyManager( 5752): ID 106969884 policy 3342341 clinetScoreClient: 106969884 3342341 10331 4 4 4 false 0 97770733 null
04-29 02:18:06.162 D/RadioMessenger( 5752): handleMessage Request msgid 2340
04-29 02:18:06.163 D/ScorePolicyManager( 5752): ID 212067109 policy 3342341 clinetScoreClient: 212067109 3342341 10331 4 4 4 false 0 97770733 null
04-29 02:18:06.256 D/OplusScrollToTopManager(21887): com.ss.android.ugc.aweme/com.ss.android.ugc.aweme.splash.SplashActivity,This com.android.internal.policy.DecorView{1cb8437 V.E...... R....... 0,0-1080,2376 aid=0 alpha=1.0 viewInfo = }[SplashActivity] change focus to true
04-29 02:18:06.413 E/CwbService( 2125): Panel not support apl read or getDisplayPanelAplValue timeout 10ms.
04-29 02:18:06.414 D/SensorFeature( 2222): name=ssc_screenshot_info ,index = 22
04-29 02:18:06.414 D/SensorFeature( 2222): write 39 bytes:231524225054802,231524236165913,40443,0
04-29 02:18:06.415 D/ShortVideoApp-338-10331( 5752): init notify
04-29 02:18:06.415 D/ShortVideoApp-338-10331( 5752): notifyScoreChange appScene SHORT_VIDEO score 100
04-29 02:18:06.416 D/ShortVideoApp-338-10331( 5752): needNotify 77777
04-29 02:18:06.416 D/ScorePolicy( 5752): handleScoreChanged: [mInstanceId: -1 mPolicyId: 3342338 mLevel: 2 mValue: 100 mTechnology: 2 mNetId: 338 mUid: 10331 mPeriod: 0 mThreshold: 0 mBadReasonType: 0 mBadReason: 0 mScene: 2 mCBClientId: 0]
04-29 02:18:06.416 D/ScorePolicy( 5752): handleScoreChanged: [mInstanceId: -1 mPolicyId: 3342340 mLevel: 1 mValue: 100 mTechnology: 2 mNetId: 338 mUid: 10331 mPeriod: 0 mThreshold: 0 mBadReasonType: 0 mBadReason: 0 mScene: 2 mCBClientId: 0]
04-29 02:18:06.416 D/ScorePolicy( 5752): handleScoreChanged: []
04-29 02:18:06.416 D/ScoreClient( 5752): notifyScoreChange16843091 1006
04-29 02:18:06.416 D/ScoreClient( 5752): notifyScoreChange211762228 1001
04-29 02:18:06.416 D/ScoreClient( 5752): notifyScoreChange26898609 1
04-29 02:18:06.416 D/ScoreClient( 5752): notifyScoreChange87543577 1008
04-29 02:18:06.416 D/ExtremeCommService( 5752): handleMessage what:1006
04-29 02:18:06.416 D/ExtremeCommService( 5752): EVENT_NETWORK_QUALITY_CHANGE score level:2
04-29 02:18:06.416 D/AtomHighLoadSenseInfo( 5752): handleMessage what:1001
04-29 02:18:06.416 D/AtomHighLoadSenseInfo( 5752): handleScoreChanged results:[mInstanceId: -1 mPolicyId: 3342338 mLevel: 2 mValue: 100 mTechnology: 2 mNetId: 338 mUid: 10331 mPeriod: 0 mThreshold: 0 mBadReasonType: 0 mBadReason: 0 mScene: 2 mCBClientId: 211762228]
04-29 02:18:06.416 D/RegStateTracker( 5752): Received scoreresult[mInstanceId: -1 mPolicyId: 3342340 mLevel: 1 mValue: 100 mTechnology: 2 mNetId: 338 mUid: 10331 mPeriod: 0 mThreshold: 0 mBadReasonType: 0 mBadReason: 0 mScene: 2 mCBClientId: 26898609]
04-29 02:18:06.416 D/AtomNetworkScoreInfo( 5752): handleMessage: 1008
04-29 02:18:06.416 D/AtomNetworkScoreInfo( 5752): Received scoreresult[mInstanceId: -1 mPolicyId: 3342340 mLevel: 1 mValue: 100 mTechnology: 2 mNetId: 338 mUid: 10331 mPeriod: 0 mThreshold: 0 mBadReasonType: 0 mBadReason: 0 mScene: 2 mCBClientId: 87543577]
04-29 02:18:06.416 D/ScoreClient( 5752): notifyScoreChange56503983 1
04-29 02:18:06.416 D/NetworkScoreEvent( 5752): update event
04-29 02:18:06.417 D/ScoreLoader( 5752): clinetId 59635691 [mInstanceId: -1 mPolicyId: 3342338 mLevel: 2 mValue: 100 mTechnology: 2 mNetId: 338 mUid: 10331 mPeriod: 0 mThreshold: 0 mBadReasonType: 0 mBadReason: 0 mScene: 2 mCBClientId: 83654424]
04-29 02:18:06.417 D/ScoreLoader( 5752): clinetId 262540250 [mInstanceId: -1 mPolicyId: 3342340 mLevel: 1 mValue: 100 mTechnology: 2 mNetId: 338 mUid: 10331 mPeriod: 0 mThreshold: 0 mBadReasonType: 0 mBadReason: 0 mScene: 2 mCBClientId: 102566072, mInstanceId: -1 mPolicyId: 3342340 mLevel: 1 mValue: 100 mTechnology: 2 mNetId: 338 mUid: 10331 mPeriod: 0 mThreshold: 0 mBadReasonType: 0 mBadReason: 0 mScene: 2 mCBClientId: 90529065]
04-29 02:18:06.417 D/ScoreLoader( 5752): clinetId 97770733 [mInstanceId: -1 mPolicyId: 3342338 mLevel: 2 mValue: 100 mTechnology: 2 mNetId: 338 mUid: 10331 mPeriod: 0 mThreshold: 0 mBadReasonType: 0 mBadReason: 0 mScene: 2 mCBClientId: 213248611, mInstanceId: -1 mPolicyId: 3342338 mLevel: 2 mValue: 100 mTechnology: 2 mNetId: 338 mUid: 10331 mPeriod: 0 mThreshold: 0 mBadReasonType: 0 mBadReason: 0 mScene: 2 mCBClientId: 12063647, mInstanceId: -1 mPolicyId: 3342338 mLevel: 2 mValue: 100 mTechnology: 2 mNetId: 338 mUid: 10331 mPeriod: 0 mThreshold: 0 mBadReasonType: 0 mBadReason: 0 mScene: 2 mCBClientId: 178063098, mInstanceId: -1 mPolicyId: 3342338 mLevel: 2 mValue: 100 mTechnology: 2 mNetId: 338 mUid: 10331 mPeriod: 0 mThreshold: 0 mBadReasonType: 0 mBadReason: 0 mScene: 2 mCBClientId: 261224856, mInstanceId: -1 mPolicyId: 3342338 mLevel: 2 mValue: 100 mTechnology: 2 mNetId: 338 mUid: 10331 mPeriod: 0 mThreshold: 0 mBadReasonType: 0 mBadReason: 0 mScene: 2 mCBClientId: 227346662, mInstanceId: -1 mPolicyId: 3342340 mLevel: 1 mValue: 100 mTechnology: 2 mNetId: 338 mUid: 10331 mPeriod: 0 mThreshold: 0 mBadReasonType: 0 mBadReason: 0 mScene: 2 mCBClientId: 260742158, mInstanceId: -1 mPolicyId: 3342340 mLevel: 1 mValue: 100 mTechnology: 2 mNetId: 338 mUid: 10331 mPeriod: 0 mThreshold: 0 mBadReasonType: 0 mBadReason: 0 mScene: 2 mCBClientId: 100802278, mInstanceId: -1 mPolicyId: 3342340 mLevel: 1 mValue: 100 mTechnology: 2 mNetId: 338 mUid: 10331 mPeriod: 0 mThreshold: 0 mBadReasonType: 0 mBadReason: 0 mScene: 2 mCBClientId: 98964962, mInstanceId: -1 mPolicyId: 3342340 mLevel: 1 mValue: 100 mTechnology: 2 mNetId: 338 mUid: 10331 mPeriod: 0 mThreshold: 0 mBadReasonType: 0 mBadReason: 0 mScene: 2 mCBClientId: 233238147, mInstanceId: -1 mPolicyId: 3342340 mLevel: 1 mValue: 100 mTechnology: 2 mNetId: 338 mUid: 10331 mPeriod: 0 mThreshold: 0 mBadReasonType: 0 mBadReason: 0 mScene: 2 mCBClientId: 37336241, mInstanceId: -1 mPolicyId: 3342340 mLevel: 1 mValue: 100 mTechnology: 2 mNetId: 338 mUid: 10331 mPeriod: 0 mThreshold: 0 mBadReasonType: 0 mBadReason: 0 mScene: 2 mCBClientId: 79471863, mInstanceId: -1 mPolicyId: 3342340 mLevel: 1 mValue: 100 mTechnology: 2 mNetId: 338 mUid: 10331 mPeriod: 0 mThreshold: 0 mBadReasonType: 0 mBadReason: 0 mScene: 2 mCBClientId: 254710679, mInstanceId: -1 mPolicyId: 3342340 mLevel: 1 mValue: 100 mTechnology: 2 mNetId: 338 mUid: 10331 mPeriod: 0 mThreshold: 0 mBadReasonType: 0 mBadReason: 0 mScene: 2 mCBClientId: 74524687, mInstanceId: -1 mPolicyId: 3342340 mLevel: 1 mValue: 100 mTechnology: 2 mNetId: 338 mUid: 10331 mPeriod: 0 mThreshold: 0 mBadReasonType: 0 mBadReason: 0 mScene: 2 mCBClientId: 216974128]
04-29 02:18:06.418 D/ScoreLoader( 5752): clinetId 267487759 [mInstanceId: -1 mPolicyId: 3342340 mLevel: 1 mValue: 100 mTechnology: 2 mNetId: 338 mUid: 10331 mPeriod: 0 mThreshold: 0 mBadReasonType: 0 mBadReason: 0 mScene: 2 mCBClientId: 65252346]
04-29 02:18:06.418 D/OplusL3Monitor( 3543): network=338, score=100, onScoreChanged result = mInstanceId: -1 mPolicyId: 3342340 mLevel: 1 mValue: 100 mTechnology: 2 mNetId: 338 mUid: 10331 mPeriod: 0 mThreshold: 0 mBadReasonType: 0 mBadReason: 0 mScene: 2 mCBClientId: 90529065, screen= true
04-29 02:18:06.418 D/OplusRecoveryEventData( 5471): onScoreChanged mInstanceId: -1 mPolicyId: 3342338 mLevel: 2 mValue: 100 mTechnology: 2 mNetId: 338 mUid: 10331 mPeriod: 0 mThreshold: 0 mBadReasonType: 0 mBadReason: 0 mScene: 2 mCBClientId: 227346662
04-29 02:18:06.418 D/OLK-NAS ( 5471): get score result     mInstanceId: -1 mPolicyId: 3342340 mLevel: 1 mValue: 100 mTechnology: 2 mNetId: 338 mUid: 10331 mPeriod: 0 mThreshold: 0 mBadReasonType: 0 mBadReason: 0 mScene: 2 mCBClientId: 233238147
04-29 02:18:06.418 D/OLK-NAS ( 5471): networkScoreChange networkId: 338 better = true, score = 100
04-29 02:18:06.419 D/SmartStrategyCooperateMachine( 5471): now score is 100
04-29 02:18:06.419 E/SmartDataSwitchStateManager( 5471): null network score or unexpected tech
04-29 02:18:06.419 D/OLK-NAS ( 5471): isApiSupported pkgName:com.xingin.xhs capId:1
04-29 02:18:06.419 D/OLK-NAS ( 5471): isApiSupported supportApiBitmask:0 supportPermBits:63
04-29 02:18:06.428 D/vendor.oplus.hardware.charger-V10-service( 2234): ret_value:120, read content:,340,333,3763,3753,421,43,45,1,1,0,50,4944,44,1,4480,600,500,0,7,1400,7,0,1,0,2,0,0,0,1,5845,93,0,2220,5166,0,0,0,0,0,0
04-29 02:18:06.428 D/vendor.oplus.hardware.charger-V10-service( 2234): gmtime: 2026-04-29-02-18-06
04-29 02:18:06.428 D/vendor.oplus.hardware.charger-V10-service( 2234): usb_online:1, ac_online:-2147483648, wireless_online:-2147483648
04-29 02:18:06.472 D/VRR [OPlusSAManager]( 3543): updateAutoMinfps for 4630946685746860179 with nits: 47.48857, mHistOK true, mAmbientOK true, mCctOK true, mIrOK true, mBrightnessOK true, isPkgOK true, SA min fps: 2
04-29 02:18:06.472 I/VRR-[OPlusRefreshRateSelector]( 2388): updateAutoMode success, display 0, mode 0, fakeframe 1, min fps: 30
04-29 02:18:06.483 I/SDM     ( 2125): DisplayBuiltIn::SetQSyncMode: VRR + update qsync mode 0 minfps 00C0819E
04-29 02:18:06.485 E/SDM     ( 2125): DRMConnector::Perform: Connector 68: Setting Qsync min fps 12616094
04-29 02:18:06.534 I/sensors-hal( 2094): handle_oplus_wise_rgb_event:189, high_pwm_light:lux 1.8,cct 5300.0,brl/algo/ir 949.0/2.0/0.0,pwm/dc 0.0/0.0,rgbc 80.734940/47.210606/30.215532/151.376938,ts 231524207971332,cnt 14599,flag 40443
04-29 02:18:06.534 D/FusionLightNextGen( 3543): process end reported = 1, mode: 0, cnt: 5, lux 1.6, cct -1.0, r/g/b/c: 75.8/49.5/28.2/151.4, R/G/B: 3.0/3.0/3.0, bri 949.0, match 0.77, ir 0.005157, conf 0.0, ts 231524241298311
04-29 02:18:06.651 D/UlPriorityPolicyForeground( 5471): match: mPrioritizedUnits:[pkgName: com.ss.android.ugc.aweme level: LEVEL_1 dpiId: 0 dpiType: 0, prioLevel: LEVEL_APP]
04-29 02:18:06.651 D/UlPriorityService( 5471): handleForegroundAppsChange: Policy UlPriorityPolicyForeground match
04-29 02:18:06.651 D/UlPriorityHealth( 5471): policyState : 2 mPolicyState : 0
04-29 02:18:06.651 D/UlPriorityHealth( 5471): handlePolicyStateChanged: mPolicyState change from 0 to 10
04-29 02:18:06.713 E/CwbService( 2125): Panel not support apl read or getDisplayPanelAplValue timeout 10ms.
04-29 02:18:06.714 D/SensorFeature( 2222): name=ssc_screenshot_info ,index = 22
04-29 02:18:06.714 D/SensorFeature( 2222): write 39 bytes:231524524444542,231524535555653,40444,0
04-29 02:18:06.846 E/WifiHAL ( 2097): wifi_get_cached_scan_results: Wifi Cached Scan Result not supported by driver
04-29 02:18:06.846 E/WifiStaIfaceAidlImpl( 3543): getCachedScanData failed with service-specific exception: android.os.ServiceSpecificException:  (code 4)
04-29 02:18:06.851 D/VendorWifiService( 5752): onEvent event:9,action:1
04-29 02:18:06.853 D/ModelBase( 5752): handleMessage message id: 2
04-29 02:18:06.853 D/ModelBase( 5752): handleMessage message id: 3
04-29 02:18:06.853 D/OnnxModel( 5752): OnnxModel onOpenSession enter
04-29 02:18:06.853 D/ModelBase( 5752): handleMessage message id: 4
04-29 02:18:06.853 D/OnnxModel( 5752): onPredict enter
04-29 02:18:06.853 D/OnnxModelInterfaceImp( 5752): doPredict inputData:[[0.0, 0.0, -1.0, 0.0, 0.0, -1.0, -44.0, 286.0, 1921.0, 1.0, 100.0, 189.0, 23.0, 0.108490564, 0.0, 100.0, 0.0, 0.0, -1.0, 0.0, 1.0, 0.0, 0.0, 1.0, 0.0, 0.0, 0.0, 2.0, 1.0, 19.0, 70.0]],mOrtEnvironment:OrtEnvironment(name=ort-java,logLevel=ORT_LOGGING_LEVEL_WARNING,version=1.15.0),mOrtSession:OrtSession(numInputs=1,numOutputs=2)
04-29 02:18:06.853 W/onnxruntime( 5752):  [W:onnxruntime:, execution_frame.cc:857 VerifyOutputSizes] Expected shape from model of {-1,1} does not match actual shape of {1,2} for output probabilities
04-29 02:18:06.853 D/ModelBase( 5752): handleMessage message id: 5
04-29 02:18:06.853 D/ModelBase( 5752):     Value (Map): {label=0, probabilities=[F@c74d8b5}
04-29 02:18:06.853 D/OnnxModel( 5752): getFormatResult outputName = [probabilities]
04-29 02:18:06.853 D/ModelBase( 5752): handleMessage message id: 6
04-29 02:18:06.853 D/OnnxModel( 5752): OnnxModel onCloseSession enter
04-29 02:18:06.854 D/ScorerUtils( 3543): isLowTraffic: txTputKBps=39, rxTputKBps=18
04-29 02:18:06.854 D/OplusWifiPower_TriggerCenter( 3543): mComponentCallback: wifistat
04-29 02:18:06.918 D/BatteryChargeControl( 2234): bcc get no support from charging protocol
04-29 02:18:07.013 E/CwbService( 2125): Panel not support apl read or getDisplayPanelAplValue timeout 10ms.
04-29 02:18:07.014 D/SensorFeature( 2222): name=ssc_screenshot_info ,index = 22
04-29 02:18:07.014 D/SensorFeature( 2222): write 39 bytes:231524824226417,231524835337528,40445,0
04-29 02:18:07.068 I/sensors-hal( 2094): handle_oplus_wise_rgb_event:189, high_pwm_light:lux 1.9,cct 5300.0,brl/algo/ir 949.0/2.0/0.0,pwm/dc 0.0/0.0,rgbc 78.288422/49.458729/28.201162/151.376938,ts 231524807506228,cnt 14609,flag 40445
04-29 02:18:07.112 E/PERFHAL-PERFCTRL( 2137): PERFHAL-PERFCTRL: chk_core_online_poll_loop() 748: poll() has timed out for /sys/kernel/msm_performance/events/cpu_hotplug
04-29 02:18:07.113 E/PERFHAL-PERFCTRL( 2137): PERFHAL-PERFCTRL: chk_core_online_poll_loop() 743: Block on poll()
04-29 02:18:07.119 E/OplusArpPeer_euclid_psw( 3543): ARP read failure: android.system.ErrnoException: read failed: EAGAIN (Try again)
04-29 02:18:07.119 D/Osense-BaseDecisionMaker( 3543): notifyDelayedSceneToPolicy
04-29 02:18:07.121 E/OplusArpPeer_euclid_psw( 3543):  OplusArpPeer close
04-29 02:18:07.152 V/AlarmManager( 3543): sending alarm Alarm{729c41 type 1 origWhen 1777400287152 whenElapsed 231524985 android} uid 1000 whenElapsed 231524985 windowLength 0 maxWhenElapsed 231524985 repeatInterval 0 action null component null tag StorgaeBandInfoAlarmTag flags 0x9 procName system_server
04-29 02:18:07.152 D/OplusProxyWakeLock( 3543): acquireProxyWakeLock, prevent uid: 10413 tag:*alar...   WorkSource{1000 chains=WorkChain{(10413), (1000, JobScheduler)}}/WorkChain{(10413), (1000, JobScheduler)}
04-29 02:18:07.153 E/OplusStorageUFSBandwidth( 3543): storage_io_metrics_path is /proc/oplus_storage/io_metrics/forever/
04-29 02:18:07.154 E/OplusStorageUFSBandwidth( 3543): Bandwidth - Read: 2.50 MB/s, Write: 1.50 MB/s
04-29 02:18:07.154 E/OplusStorageUFSBandwidth( 3543): Task time: 1ms
04-29 02:18:07.154 E/OplusStorageUFSBandwidth( 3543): Alarm set to trigger in 10 seconds
04-29 02:18:07.164 D/signatureInfo(16902): signing string is
04-29 02:18:07.164 D/signatureInfo(16902): POST
04-29 02:18:07.164 D/signatureInfo(16902): /trigger/verify/
04-29 02:18:07.164 D/signatureInfo(16902): 
04-29 02:18:07.164 D/signatureInfo(16902): x-euler-nonce:2034aa2e-5a07-4825-8f11-1325ee641f20
04-29 02:18:07.164 D/signatureInfo(16902): x-euler-timestamp:1777400287164
04-29 02:18:07.164 D/signatureInfo(16902): 
04-29 02:18:07.164 D/signatureInfo(16902): x-euler-nonce;x-euler-timestamp
04-29 02:18:07.164 D/signatureInfo(16902): 075ef8e792604dfb91d5e321cb088a6a7bc93e5b496f0b7fc358995d975343eb
04-29 02:18:07.164 W/KeyStoreHigherApiISessionTicketCache(16902): loadServiceSessionTicketInfo: load service ticket from memory.
04-29 02:18:07.165 D/libc-netbsd(16902): [oplusDnsOpenProxy]: __netdClientDispatch.connect errno = 111
04-29 02:18:07.165 D/DNS_CACHE(16902): oplus_oplus_getaddrinfo_proxy open dns proxy failed, use android flow: 10098
04-29 02:18:07.168 D/libc-netbsd(16902): [oplusDnsOpenProxy]: __netdClientDispatch.connect errno = 111
04-29 02:18:07.171 I/MMKV    (16902): <MMKV_IO.cpp:456::writeActualSize> [mmkv.default] increase sequence to 407668, crc 763369241, actualSize 956
04-29 02:18:07.206 D/osense.compress( 3543): com.xunmeng.pinduoduo do shrink, target ratio = 90, final ratio = 90, cur ratio = 88
04-29 02:18:07.248 D/AudioBoost( 2359): receive message kWhatAddActiveAudioTrack  pid: 21887
04-29 02:18:07.248 V/[AudioBoost][uitls]( 2359): size 9 
04-29 02:18:07.248 V/[AudioBoost][uitls]( 2359): map add key AGrap, value 0
04-29 02:18:07.248 V/[AudioBoost][uitls]( 2359): map add key Playe, value 0
04-29 02:18:07.248 V/[AudioBoost][uitls]( 2359): map add key AOutle, value 0
04-29 02:18:07.248 V/[AudioBoost][uitls]( 2359): map add key VDecod, value 0
04-29 02:18:07.248 V/[AudioBoost][uitls]( 2359): map add key MediaCodec_loop, value 0
04-29 02:18:07.248 V/[AudioBoost][uitls]( 2359): map add key VOutle, value 0
04-29 02:18:07.248 V/[AudioBoost][uitls]( 2359): map add key ADecod, value 0
04-29 02:18:07.248 V/[AudioBoost][uitls]( 2359): map add key RTC_RXAudioMute, value 0
04-29 02:18:07.248 V/[AudioBoost][uitls]( 2359): map add key rtm_audio_raw_f, value 0
04-29 02:18:07.248 D/[AudioBoost][uitls]( 2359): jsonString2Map size 9 
04-29 02:18:07.250 D/AudioBoost( 2359): hit a new pending boost task pid=> 21887 tid => 22202 threadName => PlayerCommon
04-29 02:18:07.250 D/AudioBoost( 2359): audioSchedBoost, pid=21887, tid=22202, enable=1, ret=0
04-29 02:18:07.253 D/AudioBoost( 2359): hit a new pending boost task pid=> 21887 tid => 13254 threadName => AOutle2-V2
04-29 02:18:07.253 D/AudioBoost( 2359): audioSchedBoost, pid=21887, tid=13254, enable=1, ret=0
04-29 02:18:07.253 D/AudioBoost( 2359): hit a new pending boost task pid=> 21887 tid => 13250 threadName => VOutle2-V2
04-29 02:18:07.253 D/AudioBoost( 2359): audioSchedBoost, pid=21887, tid=13250, enable=1, ret=0
04-29 02:18:07.253 D/AudioBoost( 2359): hit a new pending boost task pid=> 21887 tid => 13249 threadName => VDecod2-V2
04-29 02:18:07.253 D/AudioBoost( 2359): audioSchedBoost, pid=21887, tid=13249, enable=1, ret=0
04-29 02:18:07.254 D/RealConnection:(16902): Platform.get().getSelectedProtocol(sslSocket):http/1.1
04-29 02:18:07.254 D/RealConnection:(16902): supportsTlsExtensions:true
04-29 02:18:07.254 D/RealConnection:(16902): maybeProtocol:http/1.1
04-29 02:18:07.254 D/RealConnection:(16902): protocol:http/1.1
04-29 02:18:07.255 D/AudioBoost( 2359): hit a new pending boost task pid=> 21887 tid => 12414 threadName => AOutle2-V1
04-29 02:18:07.255 D/AudioBoost( 2359): audioSchedBoost, pid=21887, tid=12414, enable=1, ret=0
04-29 02:18:07.255 D/AudioBoost( 2359): hit a new pending boost task pid=> 21887 tid => 12413 threadName => VOutle2-V1
04-29 02:18:07.255 D/AudioBoost( 2359): audioSchedBoost, pid=21887, tid=12413, enable=1, ret=0
04-29 02:18:07.255 D/AudioBoost( 2359): hit a new pending boost task pid=> 21887 tid => 12412 threadName => VDecod2-V1
04-29 02:18:07.255 D/AudioBoost( 2359): audioSchedBoost, pid=21887, tid=12412, enable=1, ret=0
04-29 02:18:07.256 I/oplus_bt_dual_sync( 5803): [oplus_bt_dual_sync.cc:151] stack_down_sync_action: type=9, len=8
04-29 02:18:07.256 I/oplus_bt_stack_a2dp_recovery( 5803): [oplus_bt_stack_a2dp_recovery.cc:435] oplus_avrcp_use_a2dp_status: enable = false
04-29 02:18:07.312 E/CwbService( 2125): Panel not support apl read or getDisplayPanelAplValue timeout 10ms.
04-29 02:18:07.313 D/SensorFeature( 2222): name=ssc_screenshot_info ,index = 22
04-29 02:18:07.313 D/SensorFeature( 2222): write 39 bytes:231525123959646,231525135070757,40446,0
04-29 02:18:07.374 D/signatureInfo(16902): signing string is
04-29 02:18:07.374 D/signatureInfo(16902): POST
04-29 02:18:07.374 D/signatureInfo(16902): /trigger/verify/
04-29 02:18:07.374 D/signatureInfo(16902): 
04-29 02:18:07.374 D/signatureInfo(16902): x-euler-nonce:42fb0d37-66ec-445f-9355-010c638382f4
04-29 02:18:07.374 D/signatureInfo(16902): x-euler-timestamp:1777400287373
04-29 02:18:07.374 D/signatureInfo(16902): 
04-29 02:18:07.374 D/signatureInfo(16902): x-euler-nonce;x-euler-timestamp
04-29 02:18:07.374 D/signatureInfo(16902): 4b75904b01472ca0bfde778893946f1e95c563d905b8a0cedb44e6881a3b7652
04-29 02:18:07.374 W/KeyStoreHigherApiISessionTicketCache(16902): loadServiceSessionTicketInfo: load service ticket from memory.
04-29 02:18:07.439 D/ShortVideoApp-338-10331( 5752): notifyScoreChange appScene SHORT_VIDEO score 100
04-29 02:18:07.439 D/ScorePolicy( 5752): handleScoreChanged: [mInstanceId: -1 mPolicyId: 3342338 mLevel: 2 mValue: 100 mTechnology: 2 mNetId: 338 mUid: 10331 mPeriod: 0 mThreshold: 0 mBadReasonType: 0 mBadReason: 8 mScene: 2 mCBClientId: 0]
04-29 02:18:07.439 D/ScorePolicy( 5752): handleScoreChanged: []
04-29 02:18:07.439 D/ScorePolicy( 5752): handleScoreChanged: []
04-29 02:18:07.439 D/ScoreClient( 5752): notifyScoreChange16843091 1006
04-29 02:18:07.440 D/ScoreClient( 5752): notifyScoreChange211762228 1001
04-29 02:18:07.440 D/ScoreLoader( 5752): clinetId 59635691 [mInstanceId: -1 mPolicyId: 3342338 mLevel: 2 mValue: 100 mTechnology: 2 mNetId: 338 mUid: 10331 mPeriod: 0 mThreshold: 0 mBadReasonType: 0 mBadReason: 8 mScene: 2 mCBClientId: 83654424]
04-29 02:18:07.440 D/ExtremeCommService( 5752): handleMessage what:1006
04-29 02:18:07.440 D/ExtremeCommService( 5752): EVENT_NETWORK_QUALITY_CHANGE score level:2
04-29 02:18:07.440 D/AtomHighLoadSenseInfo( 5752): handleMessage what:1001
04-29 02:18:07.440 D/AtomHighLoadSenseInfo( 5752): handleScoreChanged results:[mInstanceId: -1 mPolicyId: 3342338 mLevel: 2 mValue: 100 mTechnology: 2 mNetId: 338 mUid: 10331 mPeriod: 0 mThreshold: 0 mBadReasonType: 0 mBadReason: 8 mScene: 2 mCBClientId: 211762228]
04-29 02:18:07.440 D/ScoreLoader( 5752): clinetId 97770733 [mInstanceId: -1 mPolicyId: 3342338 mLevel: 2 mValue: 100 mTechnology: 2 mNetId: 338 mUid: 10331 mPeriod: 0 mThreshold: 0 mBadReasonType: 0 mBadReason: 8 mScene: 2 mCBClientId: 213248611, mInstanceId: -1 mPolicyId: 3342338 mLevel: 2 mValue: 100 mTechnology: 2 mNetId: 338 mUid: 10331 mPeriod: 0 mThreshold: 0 mBadReasonType: 0 mBadReason: 8 mScene: 2 mCBClientId: 12063647, mInstanceId: -1 mPolicyId: 3342338 mLevel: 2 mValue: 100 mTechnology: 2 mNetId: 338 mUid: 10331 mPeriod: 0 mThreshold: 0 mBadReasonType: 0 mBadReason: 8 mScene: 2 mCBClientId: 178063098, mInstanceId: -1 mPolicyId: 3342338 mLevel: 2 mValue: 100 mTechnology: 2 mNetId: 338 mUid: 10331 mPeriod: 0 mThreshold: 0 mBadReasonType: 0 mBadReason: 8 mScene: 2 mCBClientId: 261224856, mInstanceId: -1 mPolicyId: 3342338 mLevel: 2 mValue: 100 mTechnology: 2 mNetId: 338 mUid: 10331 mPeriod: 0 mThreshold: 0 mBadReasonType: 0 mBadReason: 8 mScene: 2 mCBClientId: 227346662]
04-29 02:18:07.441 D/OplusRecoveryEventData( 5471): onScoreChanged mInstanceId: -1 mPolicyId: 3342338 mLevel: 2 mValue: 100 mTechnology: 2 mNetId: 338 mUid: 10331 mPeriod: 0 mThreshold: 0 mBadReasonType: 0 mBadReason: 8 mScene: 2 mCBClientId: 227346662
04-29 02:18:07.441 D/SmartStrategyCooperateMachine( 5471): now score is 100
04-29 02:18:07.613 E/CwbService( 2125): Panel not support apl read or getDisplayPanelAplValue timeout 10ms.
04-29 02:18:07.613 D/SensorFeature( 2222): name=ssc_screenshot_info ,index = 22
04-29 02:18:07.614 D/SensorFeature( 2222): write 39 bytes:231525424239229,231525435350340,40447,0
04-29 02:18:07.617 W/binder:3543_15( 3543): type=1400 audit(0.0:197307): avc:  denied  { getopt } for  scontext=u:r:system_server:s0 tcontext=u:r:shell:s0 tclass=unix_stream_socket permissive=0
04-29 02:18:07.621 D/PackageInstallerSessionExtImpl( 3543): no pre: undesired name
04-29 02:18:07.621 D/OplusInstallAccelerateManager( 3543): startAccelerate()
04-29 02:18:07.621 D/OplusInstallAccelerateManager( 3543): operateCpuBouncingIfNeeded()
04-29 02:18:07.621 D/OplusInstallAccelerateManager( 3543): originatingPackageName = unknown
04-29 02:18:07.621 D/OplusInstallAccelerateManager( 3543): initiatingPackageName = com.android.shell
04-29 02:18:07.621 D/OplusInstallAccelerateManager( 3543): installerPackageName = unknown
04-29 02:18:07.621 D/OplusInstallAccelerateManager( 3543): disableCpuBouncing()
04-29 02:18:07.621 D/UAH-UahAdaptHelper( 3543): adaptSetNotification identity = OplusInstallAccelerateManagersrc = 111 , type 0 ,p1 = 0 ,p2 = 0 ,p3 = 0 ,p4 =start install
04-29 02:18:07.621 I/[UAH_CLIENT]( 3543): uahRuleCtl, ruleId:111, status:0
04-29 02:18:07.624 D/PackageInstallerSessionExtImpl( 3543): not get pre-parsed ret
04-29 02:18:07.688 I/PackageInstallerSessionExtImpl( 3543): not Mainline update session, skip
04-29 02:18:07.689 D/PackageInstallerSessionExtImpl( 3543): hasPreExtract: false
04-29 02:18:07.689 I/Watchdog( 3543): Pausing HandlerChecker: i/o thread for reason: extract_native_libraries. Pause count: 1
04-29 02:18:07.690 D/FileSystemUtils( 3543): Total number of LOAD segments 4
04-29 02:18:07.690 D/FileSystemUtils( 3543): Size before punching holes st_blocks: 193504, st_blksize: 4096, st_size: 98975182
04-29 02:18:07.690 D/FileSystemUtils( 3543): Size after punching holes st_blocks: 193504, st_blksize: 4096, st_size: 98975182
04-29 02:18:07.690 D/FileSystemUtils( 3543): Extra field length: 15205,  Size before punching holes st_blocks: 193504, st_blksize: 4096, st_size: 98975182
04-29 02:18:07.690 D/FileSystemUtils( 3543): Extra field length: 15205 content near offset: 0000000000000000000000000000000000000000000000000000000000000000000000000000000000000000000000000000000000000000000000000000000000000000000000000000000000000000000000000000000000000000000000000000000000000000000000000000000000000000000000000000000000000000000000000000000000000000000000000000000000000000000000000000000000000000000000000000000000000000000000000000000000000000000000000000000000000000000000000000000000000000000000000000000000000000000000000000000000000000000000000000000000000000000000000000000000000000000000000000000000000000000000000000000000000000000000000000000000000000000000000000000000000000000000000000000000000000000000000000000000000000000000000000000000000000000000000000000000000000000000000000000000000000000000000000000000000000000000000000000000000000000000000000000000000000000000000000000000000000000000000000000000000000000000000000000000000000000000000000000000000000000000000000000000000000000000000000000000000000000000000000000000000000
04-29 02:18:07.690 D/FileSystemUtils( 3543): Punching hole in file - start: 23760896 len:12288
04-29 02:18:07.691 D/FileSystemUtils( 3543): punchHolesInApk:: Size after punching holes st_blocks: 193480, st_blksize: 4096, st_size: 98975182
04-29 02:18:07.691 D/FileSystemUtils( 3543): Total number of LOAD segments 3
04-29 02:18:07.691 D/FileSystemUtils( 3543): Size before punching holes st_blocks: 193480, st_blksize: 4096, st_size: 98975182
04-29 02:18:07.691 D/FileSystemUtils( 3543): Size after punching holes st_blocks: 193480, st_blksize: 4096, st_size: 98975182
04-29 02:18:07.691 D/FileSystemUtils( 3543): Extra field length: 15270,  Size before punching holes st_blocks: 193480, st_blksize: 4096, st_size: 98975182
