04-29 02:18:00.107 D/osense.compress( 3543): com.heytap.health do shrink, target ratio = 82, final ratio = 90, cur ratio = 74
04-29 02:18:00.115 I/SDM     ( 2125): DisplayBuiltIn::IdlePowerCollapse: IPC received, disabling partial update for one frame
04-29 02:18:00.271 D/CommonApp-338-10639( 5752): transport layer data is invalid
04-29 02:18:00.271 D/ScorePolicy( 5752): handleScoreChanged: []
04-29 02:18:00.271 D/ScorePolicy( 5752): handleScoreChanged: []
04-29 02:18:00.271 D/ScorePolicy( 5752): handleScoreChanged: []
04-29 02:18:00.799 E/WifiHAL ( 2097): wifi_get_cached_scan_results: Wifi Cached Scan Result not supported by driver
04-29 02:18:00.800 E/WifiStaIfaceAidlImpl( 3543): getCachedScanData failed with service-specific exception: android.os.ServiceSpecificException:  (code 4)
04-29 02:18:00.804 D/VendorWifiService( 5752): onEvent event:9,action:1
04-29 02:18:00.811 D/ScorerUtils( 3543): isLowTraffic: txTputKBps=0, rxTputKBps=0
04-29 02:18:00.811 D/OplusWifiPower_TriggerCenter( 3543): mComponentCallback: wifistat
04-29 02:18:00.915 D/BatteryChargeControl( 2234): bcc get no support from charging protocol
04-29 02:18:00.915 E/ANDR-PERF-LM( 2137): APE_FEATURE: runAsyncPeriodic() 574: Improper Initialization or Engines disabled
04-29 02:18:00.960 I/SDM     ( 2125): DisplayBuiltIn::IdlePowerCollapse: IPC received, disabling partial update for one frame
04-29 02:18:01.000 D/ShellSubscriberWorkerThread(12075): the first 8 bytes empty, and RestData length > 8 
04-29 02:18:01.107 E/PERFHAL-PERFCTRL( 2137): PERFHAL-PERFCTRL: chk_core_online_poll_loop() 748: poll() has timed out for /sys/kernel/msm_performance/events/cpu_hotplug
04-29 02:18:01.107 E/PERFHAL-PERFCTRL( 2137): PERFHAL-PERFCTRL: chk_core_online_poll_loop() 743: Block on poll()
04-29 02:18:01.126 V/AlarmManager( 3543): sending alarm Alarm{36102da type 1 origWhen 1777400281126 whenElapsed 231518959 android} uid 1000 whenElapsed 231518959 windowLength 0 maxWhenElapsed 231518959 repeatInterval 0 action null component null tag StorgaeBandInfoAlarmTag flags 0x9 procName system_server
04-29 02:18:01.126 D/OplusProxyWakeLock( 3543): acquireProxyWakeLock, prevent uid: 10413 tag:*alar...   WorkSource{1000 chains=WorkChain{(10413), (1000, JobScheduler)}}/WorkChain{(10413), (1000, JobScheduler)}
04-29 02:18:01.126 E/OplusStorageUFSBandwidth( 3543): storage_io_metrics_path is /proc/oplus_storage/io_metrics/forever/
04-29 02:18:01.127 E/OplusStorageUFSBandwidth( 3543): Bandwidth - Read: 0.00 MB/s, Write: 0.00 MB/s
04-29 02:18:01.127 E/OplusStorageUFSBandwidth( 3543): Task time: 1ms
04-29 02:18:01.127 E/OplusStorageUFSBandwidth( 3543): Alarm set to trigger in 10 seconds
04-29 02:18:01.295 D/CommonApp-338-10639( 5752): transport layer data is invalid
04-29 02:18:01.295 D/ScorePolicy( 5752): handleScoreChanged: []
04-29 02:18:01.295 D/ScorePolicy( 5752): handleScoreChanged: []
04-29 02:18:01.295 D/ScorePolicy( 5752): handleScoreChanged: []
04-29 02:18:01.322 I/system_server( 3543): Background concurrent mark compact GC freed 90MB AllocSpace bytes, 270(5536KB) LOS objects, 37% free,161MB(M:153MB,L:8460KB)/257MB, paused 5.490ms,4.543ms total 509.852ms
04-29 02:18:01.427 D/vendor.oplus.hardware.charger-V10-service( 2234): ret_value:120, read content:,340,333,3786,3782,43,44,45,1,1,0,144,4871,45,1,4480,600,500,0,7,1400,7,0,1,0,2,0,0,0,1,5845,93,0,2222,5166,0,0,0,0,0,0
04-29 02:18:01.427 D/vendor.oplus.hardware.charger-V10-service( 2234): gmtime: 2026-04-29-02-18-01
04-29 02:18:01.428 D/vendor.oplus.hardware.charger-V10-service( 2234): usb_online:1, ac_online:-2147483648, wireless_online:-2147483648
04-29 02:18:01.744 D/osense.compress( 3543): com.tencent.mobileqq do shrink, target ratio = 90, final ratio = 90, cur ratio = 85
04-29 02:18:01.915 E/ANDR-PERF-LM( 2137): APE_FEATURE: runAsyncPeriodic() 574: Improper Initialization or Engines disabled
04-29 02:18:01.916 D/BatteryChargeControl( 2234): bcc get no support from charging protocol
04-29 02:18:02.167 I/SDM     ( 2125): DisplayBuiltIn::IdlePowerCollapse: IPC received, disabling partial update for one frame
04-29 02:18:02.320 D/CommonApp-338-10639( 5752): transport layer data is invalid
04-29 02:18:02.321 D/NetworkDnsData( 5471): receive: uid=0, isRecursion=0, dnsServer=, index=1, latency=5961, code=0
04-29 02:18:02.321 D/NetworkDnsData( 5471): receive: uid=0, isRecursion=0, dnsServer=, index=1, latency=6008, code=0
04-29 02:18:02.321 D/NetworkDnsData( 5471): receive: uid=0, isRecursion=0, dnsServer=, index=1, latency=5932, code=0
04-29 02:18:02.321 D/ScorePolicy( 5752): handleScoreChanged: []
04-29 02:18:02.321 D/NetworkDnsData( 5471): receive: uid=10210, isRecursion=0, dnsServer=, index=27, latency=15, code=0
04-29 02:18:02.321 D/NetworkDnsData( 5471): receive: uid=1073, isRecursion=0, dnsServer=, index=27, latency=9, code=0
04-29 02:18:02.321 D/ScorePolicy( 5752): handleScoreChanged: []
04-29 02:18:02.321 D/NetworkDnsData( 5471): receive: uid=1073, isRecursion=0, dnsServer=, index=27, latency=8, code=0
04-29 02:18:02.321 D/ScorePolicy( 5752): handleScoreChanged: []
04-29 02:18:02.321 D/NetworkDnsData( 5471): receive: uid=1073, isRecursion=0, dnsServer=, index=27, latency=8, code=0
04-29 02:18:02.322 D/NetworkDnsData( 5471): receive: uid=1073, isRecursion=0, dnsServer=, index=27, latency=9, code=0
04-29 02:18:02.322 D/NetworkDnsData( 5471): receive: uid=1073, isRecursion=0, dnsServer=, index=27, latency=9, code=0
04-29 02:18:02.322 D/NetworkDnsData( 5471): receive: uid=0, isRecursion=0, dnsServer=, index=1, latency=5560, code=0
04-29 02:18:02.322 D/NetworkDnsData( 5471): receive: uid=0, isRecursion=0, dnsServer=, index=1, latency=5577, code=0
04-29 02:18:02.322 D/NetworkDnsData( 5471): receive: uid=0, isRecursion=0, dnsServer=, index=1, latency=5577, code=0
04-29 02:18:02.322 D/NetworkDnsData( 5471): receive: uid=0, isRecursion=0, dnsServer=, index=1, latency=5575, code=0
04-29 02:18:02.322 D/NetworkDnsData( 5471): receive: uid=0, isRecursion=0, dnsServer=, index=1, latency=5561, code=0
04-29 02:18:02.322 D/NetworkDnsData( 5471): receive: uid=0, isRecursion=0, dnsServer=, index=1, latency=5577, code=0
04-29 02:18:02.322 D/NetworkDnsData( 5471): receive: uid=0, isRecursion=0, dnsServer=, index=1, latency=5561, code=0
04-29 02:18:02.322 D/NetworkDnsData( 5471): receive: uid=0, isRecursion=0, dnsServer=, index=1, latency=5576, code=0
04-29 02:18:02.322 D/NetworkDnsData( 5471): receive: uid=0, isRecursion=0, dnsServer=, index=1, latency=5576, code=0
04-29 02:18:02.322 D/NetworkDnsData( 5471): receive: uid=0, isRecursion=0, dnsServer=, index=1, latency=5612, code=0
04-29 02:18:02.322 D/NetworkDnsData( 5471): receive: uid=10098, isRecursion=0, dnsServer=, index=27, latency=32, code=0
04-29 02:18:02.322 D/NetworkDnsData( 5471): receive: uid=0, isRecursion=0, dnsServer=, index=1, latency=5204, code=0
04-29 02:18:02.322 D/NetworkDnsData( 5471): receive: uid=0, isRecursion=0, dnsServer=, index=1, latency=5206, code=0
04-29 02:18:02.322 D/NetworkDnsData( 5471): receive: uid=0, isRecursion=0, dnsServer=, index=1, latency=5204, code=0
04-29 02:18:02.322 D/NetworkDnsData( 5471): receive: uid=0, isRecursion=0, dnsServer=, index=1, latency=5205, code=0
04-29 02:18:02.322 D/NetworkDnsData( 5471): receive: uid=99910360, isRecursion=0, dnsServer=, index=27, latency=10, code=0
04-29 02:18:02.322 D/NetworkDnsData( 5471): receive: uid=0, isRecursion=0, dnsServer=, index=1, latency=5757, code=0
04-29 02:18:02.322 D/NetworkDnsData( 5471): receive: uid=0, isRecursion=0, dnsServer=, index=1, latency=5757, code=0
04-29 02:18:02.322 D/NetworkDnsData( 5471): receive: uid=0, isRecursion=0, dnsServer=, index=1, latency=5757, code=0
04-29 02:18:02.322 D/NetworkDnsData( 5471): receive: uid=0, isRecursion=0, dnsServer=, index=1, latency=5771, code=0
04-29 02:18:02.322 D/NetworkDnsData( 5471): receive: uid=0, isRecursion=0, dnsServer=, index=1, latency=5772, code=0
04-29 02:18:02.322 D/NetworkDnsData( 5471): receive: uid=0, isRecursion=0, dnsServer=, index=1, latency=5771, code=0
04-29 02:18:02.322 D/NetworkDnsData( 5471): receive: uid=0, isRecursion=0, dnsServer=, index=1, latency=5757, code=0
04-29 02:18:02.322 D/NetworkDnsData( 5471): receive: uid=0, isRecursion=0, dnsServer=, index=1, latency=5771, code=0
04-29 02:18:02.322 D/NetworkDnsData( 5471): receive: uid=0, isRecursion=0, dnsServer=, index=27, latency=5893, code=0
04-29 02:18:02.322 D/NetworkDnsData( 5471): receive: uid=10360, isRecursion=0, dnsServer=, index=27, latency=32, code=0
04-29 02:18:02.322 D/NetworkDnsData( 5471): receive: uid=10413, isRecursion=0, dnsServer=, index=27, latency=17, code=0
04-29 02:18:02.322 D/NetworkDnsData( 5471): receive: uid=0, isRecursion=0, dnsServer=, index=1, latency=5610, code=0
04-29 02:18:02.322 D/NetworkDnsData( 5471): receive: uid=0, isRecursion=0, dnsServer=, index=1, latency=5610, code=0
04-29 02:18:02.322 D/NetworkDnsData( 5471): receive: uid=0, isRecursion=0, dnsServer=, index=1, latency=5610, code=0
04-29 02:18:02.322 D/NetworkDnsData( 5471): receive: uid=0, isRecursion=0, dnsServer=, index=1, latency=5610, code=0
04-29 02:18:02.322 D/NetworkDnsData( 5471): receive: uid=1000, isRecursion=0, dnsServer=, index=27, latency=18, code=0
04-29 02:18:02.322 D/NetworkDnsData( 5471): receive: uid=0, isRecursion=0, dnsServer=, index=1, latency=5213, code=0
04-29 02:18:02.322 D/NetworkDnsData( 5471): receive: uid=0, isRecursion=0, dnsServer=, index=1, latency=5213, code=0
04-29 02:18:02.322 D/NetworkDnsData( 5471): receive: uid=0, isRecursion=0, dnsServer=, index=1, latency=5212, code=0
04-29 02:18:02.322 D/NetworkDnsData( 5471): receive: uid=0, isRecursion=0, dnsServer=, index=1, latency=5212, code=0
04-29 02:18:02.322 D/NetworkDnsData( 5471): receive: uid=10098, isRecursion=0, dnsServer=, index=27, latency=14, code=0
04-29 02:18:02.322 D/NetworkDnsData( 5471): receive: uid=0, isRecursion=0, dnsServer=, index=1, latency=5678, code=0
04-29 02:18:02.322 D/NetworkDnsData( 5471): receive: uid=0, isRecursion=0, dnsServer=, index=1, latency=5679, code=0
04-29 02:18:02.322 D/NetworkDnsData( 5471): receive: uid=0, isRecursion=0, dnsServer=, index=1, latency=5678, code=0
04-29 02:18:02.322 D/NetworkDnsData( 5471): receive: uid=0, isRecursion=0, dnsServer=, index=1, latency=5678, code=0
04-29 02:18:02.662 D/osense.compress( 3543): com.tencent.mm do shrink, target ratio = 90, final ratio = 90, cur ratio = 87
04-29 02:18:02.916 E/ANDR-PERF-LM( 2137): APE_FEATURE: runAsyncPeriodic() 574: Improper Initialization or Engines disabled
04-29 02:18:02.916 D/BatteryChargeControl( 2234): bcc get no support from charging protocol
04-29 02:18:02.999 D/RadioProxyJ[0]( 5752): [62485]> getRRCStatus
04-29 02:18:03.000 D/QmiNasClient( 2705): getRRCStatus - enter
04-29 02:18:03.002 D/QmiNasClient( 2705): getRRCStatus callback - enter
04-29 02:18:03.002 D/QmiNasClient( 2705): getRRCStatus result.rsp.rrcStatusInfo.rrcStatus = 0
04-29 02:18:03.002 D/NasProxy( 2705): handleMessage msg is 4001
04-29 02:18:03.002 D/RadioProxy( 2705): getRRCStatus : response cb for instance 0
04-29 02:18:03.003 D/RadioProxyJ[0]( 5752): [62485]< getRRCStatusResponse 0
04-29 02:18:03.003 D/CoexRfService( 5752): report RRC state:false
04-29 02:18:03.127 V/AlarmManager( 3543): sending alarm Alarm{d5c72a6 type 1 origWhen 1777400283127 whenElapsed 231520960 android} uid 1000 whenElapsed 231520960 windowLength 0 maxWhenElapsed 231520960 repeatInterval 0 action null component null tag StorgaeBandInfoAlarmTag flags 0x9 procName system_server
04-29 02:18:03.128 D/OplusProxyWakeLock( 3543): acquireProxyWakeLock, prevent uid: 10413 tag:*alar...   WorkSource{1000 chains=WorkChain{(10413), (1000, JobScheduler)}}/WorkChain{(10413), (1000, JobScheduler)}
04-29 02:18:03.128 E/OplusStorageUFSBandwidth( 3543): storage_io_metrics_path is /proc/oplus_storage/io_metrics/forever/
04-29 02:18:03.130 E/OplusStorageUFSBandwidth( 3543): Bandwidth - Read: 0.00 MB/s, Write: 0.00 MB/s
04-29 02:18:03.130 E/OplusStorageUFSBandwidth( 3543): Task time: 2ms
04-29 02:18:03.131 E/OplusStorageUFSBandwidth( 3543): Alarm set to trigger in 10 seconds
04-29 02:18:03.161 D/gaia-GaiaConnectChecker( 8929): start connect check++
04-29 02:18:03.344 D/CommonApp-338-10639( 5752): transport layer data is invalid
04-29 02:18:03.344 D/ScorePolicy( 5752): handleScoreChanged: []
04-29 02:18:03.344 D/ScorePolicy( 5752): handleScoreChanged: []
04-29 02:18:03.344 D/ScorePolicy( 5752): handleScoreChanged: []
04-29 02:18:03.768 W/Settings( 3543): Setting notification_bubbles has moved from android.provider.Settings.Global to android.provider.Settings.Secure, returning read-only value.
04-29 02:18:03.768 W/Settings( 3543): Setting apply_ramping_ringer has moved from android.provider.Settings.Global to android.provider.Settings.System, returning read-only value.
04-29 02:18:03.770 W/SettingsStatsUtil( 3543): Can not parse value to float: +network
04-29 02:18:03.772 W/SettingsStatsUtil( 3543): Can not parse value to float: +network
04-29 02:18:03.830 E/WifiHAL ( 2097): wifi_get_cached_scan_results: Wifi Cached Scan Result not supported by driver
04-29 02:18:03.830 E/WifiStaIfaceAidlImpl( 3543): getCachedScanData failed with service-specific exception: android.os.ServiceSpecificException:  (code 4)
04-29 02:18:03.836 D/VendorWifiService( 5752): onEvent event:9,action:1
04-29 02:18:03.842 D/ScorerUtils( 3543): isLowTraffic: txTputKBps=0, rxTputKBps=0
04-29 02:18:03.842 D/OplusWifiPower_TriggerCenter( 3543): mComponentCallback: wifistat
04-29 02:18:03.916 E/ANDR-PERF-LM( 2137): APE_FEATURE: runAsyncPeriodic() 574: Improper Initialization or Engines disabled
04-29 02:18:03.917 D/BatteryChargeControl( 2234): bcc get no support from charging protocol
04-29 02:18:04.110 E/PERFHAL-PERFCTRL( 2137): PERFHAL-PERFCTRL: chk_core_online_poll_loop() 748: poll() has timed out for /sys/kernel/msm_performance/events/cpu_hotplug
04-29 02:18:04.110 E/PERFHAL-PERFCTRL( 2137): PERFHAL-PERFCTRL: chk_core_online_poll_loop() 743: Block on poll()
04-29 02:18:04.368 D/CommonApp-338-10639( 5752): transport layer data is invalid
04-29 02:18:04.369 D/ScorePolicy( 5752): handleScoreChanged: []
04-29 02:18:04.369 D/ScorePolicy( 5752): handleScoreChanged: []
04-29 02:18:04.369 D/ScorePolicy( 5752): handleScoreChanged: []
04-29 02:18:04.869 D/LocationManagerService( 3543): network provider added registration from 1000/android[OplusLBS]/1B05E9EA -> Request[@+1s0ms BALANCED, WorkSource{1000 android}] permissionLevel: 2 permitted: true
04-29 02:18:04.869 V/LocationManagerService( 3543): network provider package android permitted = true
04-29 02:18:04.873 I/OplusLocationStatistics( 3543): startRequesting
04-29 02:18:04.873 I/LocationRequestStatistics( 3543): startRequesting, PackageProviderKey = PackageProviderKey: network: android: OplusLBS
04-29 02:18:04.873 V/OplusLocationBlacklistUtil( 3543): block status: android = false
04-29 02:18:04.875 E/AppOps  ( 3543): attributionTag OplusLBS not declared in manifest of android
04-29 02:18:04.876 D/LocationManagerService( 3543): network provider request changed to ProviderRequest[@+1s0ms, WorkSource{1000 android}]
04-29 02:18:04.877 W/LocationFreezeProc( 3543): ignore LocationRequest 1000/android
04-29 02:18:04.877 I/OplusLocationStatistics( 3543): recordNlpNavigatingStarted
04-29 02:18:04.889 D/SubsysEventListenerManager-SubsysTelephonyCallback[0]( 5752): onCellInfoChanged
04-29 02:18:04.890 I/PCDR-pcdr_lte_nr_pingpong_opt[0]( 5471): handleCellInfoChange compoundIdStr:460_01_8462344_34631446689
04-29 02:18:04.890 D/CellMap/CellMonitor( 5752): handleCellChange: [CellInfoNr:{ mRegistered=YES mTimeStamp=231522720731695ns mCellConnectionStatus=0 CellIdentityNr:{ mPci = 190 mTac = 8462344 mNrArfcn = 428910 mBands = [1] mMcc = 460 mMnc = 01 mNci = 34631446689 mAlphaLong = 涓浗鑱旈€?mAlphaShort = 涓浗鑱旈€?mAdditionalPlmns = {} } CellSignalStrengthNr:{ csiRsrp = 2147483647 csiRsrq = 2147483647 csiCqiTableIndex = 2147483647 csiCqiReport = [] ssRsrp = -92 ssRsrq = -10 ssSinr = 16 level = 1 parametersUseForLevel = 0 timingAdvance = 2147483647 } }]
04-29 02:18:04.890 D/CellChangeEvent( 5752): update event
04-29 02:18:04.890 D/PolicyHandler( 5752): updateEventContext trigger event Event{mEventName=CellChangeEvent,mNickName=cellchange,mEventVal=true,mDefaultVal=false,mId=-1,mDefaultId=-1,mInstanceId=0,mUseNameId=false}
04-29 02:18:04.890 D/TimerEvent( 5752): TimerEvent reset to false
04-29 02:18:04.890 D/AtomAction( 5752): startAction
04-29 02:18:04.890 E/MetricsAction( 5752): startMetricsCollect no metrics data id 54502
04-29 02:18:04.890 D/AtomMetricsApp( 5752): doAction mPrimaryRuleExpireTime <= 0
04-29 02:18:04.890 D/PolicyHandler( 5752): updateEventContext mEventList Event{mEventName=TimerEvent,mNickName=timer,mEventVal=false,mDefaultVal=false,mId=-1,mDefaultId=-1,mInstanceId=0,mUseNameId=false}
04-29 02:18:04.890 D/CellMap/CellMonitor( 5752): handleAllSubCellChange slotId: 0, cellInfo: [CellInfoNr:{ mRegistered=YES mTimeStamp=231522720731695ns mCellConnectionStatus=0 CellIdentityNr:{ mPci = 190 mTac = 8462344 mNrArfcn = 428910 mBands = [1] mMcc = 460 mMnc = 01 mNci = 34631446689 mAlphaLong = 涓浗鑱旈€?mAlphaShort = 涓浗鑱旈€?mAdditionalPlmns = {} } CellSignalStrengthNr:{ csiRsrp = 2147483647 csiRsrq = 2147483647 csiCqiTableIndex = 2147483647 csiCqiReport = [] ssRsrp = -92 ssRsrq = -10 ssSinr = 16 level = 1 parametersUseForLevel = 0 timingAdvance = 2147483647 } }]
04-29 02:18:04.891 I/metis_v2_MetroAwarenessCollector( 9916): onCellInfoChanged: cell size=1
04-29 02:18:04.891 I/metis_v2_MetroAwarenessCollector( 9916): doCheckRecommendMetro metroCellMap.size = 0
04-29 02:18:04.892 W/Settings( 5418): Setting airplane_mode_on has moved from android.provider.Settings.System to android.provider.Settings.Global, returning read-only value.
04-29 02:18:04.892 I/ContextAware_DailyStatisticsRecorder( 9916): Increase context change count: metro_cell_count, value: 1
04-29 02:18:04.892 I/ContextAware_DailyStatisticsRecorder( 9916): Increase context change count: metro_cell_cost_time_ms, value: 0
04-29 02:18:04.893 D/HLog-UpMgr( 9916): [metis]CheckWhetherUploadBody Mgr:com.oplus.sdp.z9.c@842f246
04-29 02:18:04.893 D/HLog-MultiConfigManage( 9916): [metis]checkAllPushTask
04-29 02:18:04.893 D/HLog-MultiConfigManage( 9916): [metis]checkAllPushTask existPushInfo : 
04-29 02:18:04.895 D/baidu_location_service( 9805): startOfflineLocate
04-29 02:18:04.899 D/libc-netbsd( 9805): [oplusDnsOpenProxy]: __netdClientDispatch.connect errno = 111
04-29 02:18:04.899 D/DNS_CACHE( 9805): oplus_oplus_getaddrinfo_proxy open dns proxy failed, use android flow: 10244
04-29 02:18:04.917 E/ANDR-PERF-LM( 2137): APE_FEATURE: runAsyncPeriodic() 574: Improper Initialization or Engines disabled
04-29 02:18:04.917 D/BatteryChargeControl( 2234): bcc get no support from charging protocol
04-29 02:18:04.922 D/libc-netbsd( 9805): [oplusDnsOpenProxy]: __netdClientDispatch.connect errno = 111
04-29 02:18:04.923 D/NetworkService[0]( 5752): getIfIndexByNetid netId:338,ifName:wlan0,ifIndex:27
04-29 02:18:05.016 D/NLP     ( 9805):  nr.getTac() : 8462344
04-29 02:18:05.020 D/libc-netbsd( 9805): [oplusDnsOpenProxy]: __netdClientDispatch.connect errno = 111
04-29 02:18:05.020 D/DNS_CACHE( 9805): oplus_oplus_getaddrinfo_proxy open dns proxy failed, use android flow: 10244
04-29 02:18:05.035 D/libc-netbsd( 9805): [oplusDnsOpenProxy]: __netdClientDispatch.connect errno = 111
04-29 02:18:05.036 D/NetworkService[0]( 5752): getIfIndexByNetid netId:338,ifName:wlan0,ifIndex:27
04-29 02:18:05.097 I/ActivityManager( 3543): Force stopping com.hai.music appid=10639 user=0: from pid 19880
04-29 02:18:05.099 W/UserAwareMgr( 3543): top app is killed
04-29 02:18:05.099 I/UserAwareMgr( 3543): process killed: {pkgName='com.hai.music', serviceName='', procName=com.hai.music, pid=18477, uid=10639, appId=0, owner='null', flags='tp', renderTid=18535, hwuiTids=[18596, 18597], glTids=null, threadInfos=null, mVideoActivityList=[], mStates=0}
04-29 02:18:05.099 I/UserAwareMgr( 3543): handleProcessKilled, pkgName: com.hai.music, pid: 18477
04-29 02:18:05.099 I/ActivityManager( 3543): Killing 18477:com.hai.music/u0a639 (adj 0): stop com.hai.music due to from pid 19880
04-29 02:18:05.102 D/OplusLinkBoostSceneManager( 5471): sceneStateUpdate: 5023,com.hai.music,switch:[false, true, true, false]
04-29 02:18:05.102 D/OplusLinkBoostGame( 5471): onSceneUpdated: 5023,com.hai.music,switchOn: false
04-29 02:18:05.102 D/OplusLinkBoostMeeting( 5471): onSceneUpdated: 5023,com.hai.music,switchOn: true
04-29 02:18:05.102 D/OplusLinkBoostCommon( 5471): onSceneUpdated: 5023,com.hai.music
04-29 02:18:05.102 D/OplusLinkBoostConcert( 5471): onSceneUpdated: 5023,com.hai.music,switchOn: true,rus:true
04-29 02:18:05.102 I/OplusHansManager ( 3543): onUidGone(), 10639 com.hai.music exit SM
04-29 02:18:05.103 I/OplusHansManager ( 3543): onUidGone(), 10639 com.hai.music alarm removed
04-29 02:18:05.103 D/InetDiagMessage( 3543): Destroyed 0 sockets, proto=IPPROTO_TCP, family=AF_INET, states=14
04-29 02:18:05.103 I/OPM     ( 3543): handleUidGone uid: 10639, disabled: false
04-29 02:18:05.104 D/HoloAudio::SpecailizerPLService_Aidl( 2775): callClient:clientID:1 exist:1, event:18, isOneWay:0
04-29 02:18:05.104 D/HoloAudio::SpecailizerPLService_Aidl( 2775): getMssEnable --- com.hai.music[0]
04-29 02:18:05.104 I/OPM     ( 3543): handleAppExit info: ApplicationExitInfo(timestamp=2026/4/29 02:18 pid=18477 realUid=10639 packageUid=10639 definingUid=10639 user=0 process=com.hai.music reason=10 (USER REQUESTED) subreason=21 (FORCE STOP) status=0 importance=100 pss=0.00 rss=527MB description=stop com.hai.music due to from pid 19880 state=empty trace=null
04-29 02:18:05.104 I/metis_v2_AppDiedObserver( 9916): shortcutAppDiedCallback, fenceKey = app_died_shortcut
04-29 02:18:05.104 D/InetDiagMessage( 3543): Destroyed 0 sockets, proto=IPPROTO_TCP, family=AF_INET6, states=14
04-29 02:18:05.104 D/InetDiagMessage( 3543): Destroyed live tcp sockets for uids={10639} in 2ms
04-29 02:18:05.103 V/OsAgent ( 5341): broadcastSystemEvent - 7
04-29 02:18:05.105 D/ActivityAdapter( 5752): ugc uid gone, uid=10639
04-29 02:18:05.105 D/InetDiagMessage( 3543): Destroyed 0 sockets, proto=IPPROTO_TCP, family=AF_INET, states=14
04-29 02:18:05.105 W/ActivityTaskManager( 3543): Force removing ActivityRecord{130954631 u0 com.hai.music/.MainActivity t24511 f}}: app died, no saved state
04-29 02:18:05.106 D/InetDiagMessage( 3543): Destroyed 0 sockets, proto=IPPROTO_TCP, family=AF_INET6, states=14
04-29 02:18:05.106 D/InetDiagMessage( 3543): Destroyed live tcp sockets for uids={20639} in 2ms
04-29 02:18:05.106 D/AudioBoost( 2359): audioSchedBoost, pid=2359, tid=2359, enable=1, ret=0
04-29 02:18:05.106 D/AudioFlingerExtImpl( 2359): AudioFlingerExtImpl oplusSetParameters: keyvalue onForegroundActivitiesChanged=com.hai.music:foreground:0|10639:18477
04-29 02:18:05.106 D/AudioFlingerExtImpl( 2359): updateForegroundInfo, mapInf mForegroundMap(0), uidPidMapInf mForegroundUidPidMap(0)
04-29 02:18:05.106 D/AudioBoost( 2359): audioSchedBoost, pid=2359, tid=2359, enable=0, ret=0
04-29 02:18:05.106 V/WindowManagerShell( 5372): Transition requested (#5668): android.os.BinderProxy@c514b7e TransitionRequestInfo { type = CLOSE, triggerTask = TaskInfo{userId=0 taskId=24511 effectiveUid=10639 displayId=0 isRunning=false baseIntent=Intent { act=android.intent.action.MAIN cat=[android.intent.category.LAUNCHER] flg=0x30000000 cmp=com.hai.music/.MainActivity mCallingUid=2000 } baseActivity=null topActivity=null origActivity=null realActivity=ComponentInfo{com.hai.music/com.hai.music.MainActivity}
04-29 02:18:05.106 V/WindowManagerShell( 5372):  numActivities=0 lastActiveTime=231354697 supportsSplitScreenMultiWindow=true supportsMultiWindow=true supportsPocketStudioMultiWindow=true isInFlexibleEmbedded = false uid = -1 pid = -1 resizeMode=1 isResizeable=true minWidth=-1 minHeight=-1 defaultMinSize=220 token=WCT{android.window.IWindowContainerToken$Stub$Proxy@511b8df} topActivityType=1 pictureInPictureParams=null shouldDockBigOverlays=false launchIntoPipHostTaskId=-1 lastParentTaskIdBeforePip=-1 displayCutoutSafeInsets=Rect(0, 0 - 0, 0)
04-29 02:18:05.106 V/WindowManagerShell( 5372):  topActivityInfo=null launchCookies=[] positionInParent=Point(0, 0) parentTaskId=-1 isFocused=true isVisible=true isVisibleRequested=true isTopActivityNoDisplay=false isSleeping=false locusId=null displayAreaFeatureId=1 isTopActivityTransparent=false isActivityStackTransparent=true lastNonFullscreenBounds=Rect(276, 684 - 804, 1764) capturedLink=null capturedLinkTimestamp=0 requestedVisibleTypes=-9 topActivityRequestOpenInBrowserEducationTimestamp=0
04-29 02:18:05.106 V/WindowManagerShell( 5372):  appCompatTaskInfo=AppCompatTaskInfo { topActivityInSizeCompat=false topActivityInOplusCompatMode=false eligibleForLetterboxEducation= false isLetterboxEducationEnabled= false isLetterboxDoubleTapEnabled= false eligibleForUserAspectRatioButton= false topActivityBoundsLetterboxed= false isFromLetterboxDoubleTap= false topActivityLetterboxVerticalPosition= -1 topActivityLetterboxHorizontalPosition= -1 topActivityLetterboxWidth=-1 topActivityLetterboxHeight=-1 topActivityAppBounds=Rect(0, 0 - 0, 0) isUserFullscreenOverrideEnabled=false isSystemFullscreenOverrideEnabled=false hasMinAspectRatioOverride=false topActivityLetterboxBounds=null cameraCompatTaskInfo=CameraCompatTaskInfo { freeformCameraCompatMode=undefined}} topActivityMainWindowFrame=null topActivityLetterboxInsets=Rect(0, 0 - 0, 0)
04-29 02:18:05.106 V/WindowManagerShell( 5372):  mOplusExtraBundle = Bundle[mParcelledData.dataSize=1172]}, pipChange = null, remoteTransition = null, displayChange = null, flags = 0, debugId = 5668 }
04-29 02:18:05.107 D/ActivityTaskManager( 3543): removeAppToken: ActivityRecord{130954631 u0 com.hai.music/.MainActivity t24511 f}} delayed=true parent=Task{f1c935a #24511 type=standard A=10639:com.hai.music} animating=true Callers=com.android.server.wm.DisplayContent.removeAppToken:1759 com.android.server.wm.ActivityRecord.removeFromHistory:4970 com.android.server.wm.ActivityRecord.handleAppDied:5329 com.android.server.wm.WindowProcessController.handleAppDied:1709 
04-29 02:18:05.107 D/LocationTransport( 9805): get the LocationTransport Instance
04-29 02:18:05.107 D/BackgroundInstallControlService( 3543): Package event received: 0
04-29 02:18:05.107 D/LocationTransport( 9805): get the LocationTransport Instance
04-29 02:18:05.107 D/WindowManager( 3543): NFW_findFocusedWindowIfNeeded:null mCurrentFocus:Window{6327aea u0 com.hai.music/com.hai.music.MainActivity}
04-29 02:18:05.107 I/OplusLocationStatistics( 3543): NLP update locatin successed.
04-29 02:18:05.107 I/OplusLocationStatistics( 3543): setNlpRequestDuration: 230
04-29 02:18:05.107 V/WindowManager( 3543): Changing focus from Window{6327aea u0 com.hai.music/com.hai.music.MainActivity} to null,diplayid=0
04-29 02:18:05.107 I/LocationManagerService( 3543): incoming location [Location[network 22.92****,113.36**** hAcc=35.0 et=+2d16h18m42s940ms]]
04-29 02:18:05.107 E/AppOps  ( 3543): attributionTag OplusLBS not declared in manifest of android
04-29 02:18:05.107 D/FlexibleWindowManagerService( 3543): [resetSiblingEmbeddedTasksToFullScreen]size of embedded tasks is illegal
04-29 02:18:05.108 I/LocationManagerService( 3543): incoming location [Location[network 22.92****,113.36**** hAcc=35.0 et=+2d16h18m42s940ms]]
04-29 02:18:05.108 I/[UAH_CLIENT]( 3543): UahEventAcquire, cmdid:0, pkg:com.ss.android.ugc.aweme, identity:com.android.server.wm
04-29 02:18:05.108 I/OplusHansManager ( 3543): front pkg: com.ss.android.ugc.aweme, uid: 10331, prev pkg: com.hai.music, prev uid: 10639
04-29 02:18:05.109 V/LocationManagerService( 3543): passive provider registration 10185/com.coloros.weather.service/B470E4B2 dropped delivery - too close
04-29 02:18:05.109 V/LocationManagerService( 3543): passive provider registration 1000/android[SensorNotificationService]/0371DE19 dropped delivery - too close
04-29 02:18:05.109 E/AppOps  ( 3543): attributionTag OplusLBS not declared in manifest of android
04-29 02:18:05.110 V/LocationManagerService( 3543): passive provider registration 10116/com.oplus.metis/B6114994 dropped delivery - too close
04-29 02:18:05.110 E/AppOps  ( 3543): attributionTag OplusLBS not declared in manifest of android
04-29 02:18:05.110 D/SensorServiceExtImpl( 3543): notifyApplicationLaunchStage processName=com.hai.music, uid=10639, pid=18477, stage=-1
04-29 02:18:05.110 I/LocationRequestStatistics( 3543): deliverLocation, PackageProviderKey = PackageProviderKey: network: android: OplusLBS
04-29 02:18:05.110 I/18169PAS[16002130][4e8b173].PhoneStateInfoCollector_Travel(18169): onLocationChanged: 
04-29 02:18:05.111 I/GnssAidl( 2090): ===> injectLocation line 239 
04-29 02:18:05.111 I/18169PAS[16002130][4e8b173].PhoneStateInfoCollector_Travel(18169): , mock = false, provider = network, time = 2026-04-29 02:18:05
04-29 02:18:05.112 I/LocSvc_api_v02( 2090): ---> locClientSendReq line 2409 QMI_LOC_INJECT_POSITION_REQ_V02
04-29 02:18:05.112 D/OplusLocationAidl(15846): injectLocation: injectLocation()
04-29 02:18:05.113 D/QcomLocationAidlImpl(15846): injectLocation: enter default injectLocation()
04-29 02:18:05.113 D/vendor.oplus.hardware.location_aidl-service(15846): checkAndLoopSuid: location_oplus_injectLocation]: checkAndLoopSuid sOplusLocConn = 0xb400007ec66a4000, sIsLoopupSuid = 0!
04-29 02:18:05.113 W/LocationFreezeProc( 3543): removeLocationRequest [android.location.LocationManager$LocationListenerTransport@4caf894]
04-29 02:18:05.113 E/AppOps  ( 3543): attributionTag OplusLBS not declared in manifest of android
04-29 02:18:05.113 I/OplusLocationStatistics( 3543): stopRequesting
04-29 02:18:05.113 I/LocationRequestStatistics( 3543): stopRequesting, PackageProviderKey = PackageProviderKey: network: android: OplusLBS
04-29 02:18:05.113 D/LocationManagerService( 3543): network provider removed registration from 1000/android[OplusLBS]/1B05E9EA
04-29 02:18:05.113 W/LocationFreezeProc( 3543): remove [network]'s Location Request[android.location.LocationManager$LocationListenerTransport@4caf894] Done from 1000/android[OplusLBS]/1B05E9EA
04-29 02:18:05.113 D/LocationManagerService( 3543): network provider request changed to ProviderRequest[OFF]
04-29 02:18:05.113 D/vendor.oplus.hardware.location_aidl-service(15846): execute: Task[injectLocation] will be run!
04-29 02:18:05.113 D/vendor.oplus.hardware.location_aidl-service(15846): sendInjectLocationRequest: Send inject location request
04-29 02:18:05.113 D/vendor.oplus.hardware.location_aidl-service(15846): sendInjectLocationRequest: [sendInjectLocationRequest]: location inject req [229220715, 1133600955, 0.000000, 0]
04-29 02:18:05.113 D/vendor.oplus.hardware.location_aidl-service(15846): waitForAck: location_oplus: Wait request[50] ack for [2] sec, pid = 15846
04-29 02:18:05.113 I/LocationFreezeProc( 3543): Remove: Don't find the app's name, do nothing! [android.location.LocationManager$LocationListenerTransport@4caf894]
04-29 02:18:05.114 I/OplusHansManager ( 3543): unfreeze uid: 10331 com.ss.android.ugc.aweme pids: [13329, 12491, 21887] reason: TopActivity scene: LcdOn
04-29 02:18:05.114 D/RefreshRate( 3543): boostRefreshId choose max:currentRefreshRate:120.00001 targetRefreshRate:90.0 mCurrentPickRate:120.00001
04-29 02:18:05.114 I/OplusHansManager ( 3543): uid=10331, pkg=com.ss.android.ugc.aweme F exit(), F stay=162, reason=TopActivity, FrozenActionKeepProxy=false
04-29 02:18:05.114 I/OplusHansManager ( 3543): uid=10331, pkg=com.ss.android.ugc.aweme M exit(), M stay=0
04-29 02:18:05.114 D/RefreshRate( 3543): Trigger app switch boost, ar=ActivityRecord{251237729 u0 com.ss.android.ugc.aweme/.splash.SplashActivity t24509},currDisplayRate=120.00001,boostId=3
04-29 02:18:05.114 D/OplusHansManager ( 3543): onUidHansStateChanged: uid = 10331, isFreeze = false, frozenStatus = 0
04-29 02:18:05.114 D/NativeFreezeManager( 3543): freezeForAppSwitchScene mAppLaunchFzDxEnable enter, mFgAppPkgname com.ss.android.ugc.aweme
04-29 02:18:05.114 I/OplusHansManager ( 3543): up_BC uid=10331 pkg=com.ss.android.ugc.aweme
04-29 02:18:05.114 D/RefreshRate( 3543): setDisplayConfigSpecs complete: targetMode={id=4, width=1080, height=2376, fps=120.00001, vsync=120.00001, synthetic=false, alternativeRefreshRates=[60.000004, 90.0], supportedHdrTypes=[1, 2, 3, 4]},srcMode={id=4, width=1080, height=2376, fps=120.00001, vsync=120.00001, synthetic=false, alternativeRefreshRates=[60.000004, 90.0], supportedHdrTypes=[1, 2, 3, 4]},sfModId=4,rate=120.00001
04-29 02:18:05.114 D/RefreshRate( 3543): startAppSwitchBoost targetMode={id=4, width=1080, height=2376, fps=120.00001, vsync=120.00001, synthetic=false, alternativeRefreshRates=[60.000004, 90.0], supportedHdrTypes=[1, 2, 3, 4]} record=ActivityRecord{251237729 u0 com.ss.android.ugc.aweme/.splash.SplashActivity t24509}: votes=PRIORITY_START_ANIMATION_BOOST -> Vote{mRefreshRate=120.0, mMinRefreshRate=120.0, mRequestSource=null};PRIORITY_WINDOW_REQUEST -> Vote{mRefreshRate=120.0, mMinRefreshRate=120.0, mRequestSource=null};
04-29 02:18:05.114 D/RefreshRate( 3543): do setDisplayConfigSpecs  
04-29 02:18:05.114 D/JobSchedulerServiceExtImpl( 3543): updateOsenseRestrictMode for 1 true false
04-29 02:18:05.114 I/OplusCameraManagerGlobal( 3543): reportAppFreeze E
04-29 02:18:05.114 D/closeloop( 3543): closeloopwrite (1) to (/proc/oplus_cl/cl_glthread) success
04-29 02:18:05.114 D/ActivityTaskManager( 3543): setAppVisibility(Token{459269d ActivityRecord{251237729 u0 com.ss.android.ugc.aweme/.splash.SplashActivity t24509}}, visible=true):  visible=false mVisibleRequested=false
04-29 02:18:05.114 D/SurfaceFlinger( 2388): VRR [SurfaceFlinger] setDesiredDisplayModeSpecs, from process 3543, 4, 0, primaryRanges = [ 120.000008, 120.000008, 120.000008, 120.000008 ], appRequestRanges = [ 120.000008, 120.000008, 120.000008 120.000008 ]
04-29 02:18:05.114 D/WindowManager( 3543): NFW_setClientVisible:ActivityRecord{251237729 u0 com.ss.android.ugc.aweme/.splash.SplashActivity t24509} clientVisible:true
04-29 02:18:05.114 I/RefreshRateSelector( 2388): Display 4630946685746860179 policy changed
04-29 02:18:05.114 I/RefreshRateSelector( 2388): Previous: {defaultModeId=4, allowGroupSwitching=false, primaryRanges={physical=[0.00 Hz, 120.00 Hz], render=[0.00 Hz, 120.00 Hz]}, appRequestRanges={physical=[0.00 Hz, 120.00 Hz], render=[0.00 Hz, 120.00 Hz]} idleScreenConfig=nullptr}
04-29 02:18:05.114 I/RefreshRateSelector( 2388): Current:  DisplayManagerPolicy{defaultModeId=4, allowGroupSwitching=false, primaryRanges={physical=[120.00 Hz, 120.00 Hz], render=[120.00 Hz, 120.00 Hz]}, appRequestRanges={physical=[120.00 Hz, 120.00 Hz], render=[120.00 Hz, 120.00 Hz]} idleScreenConfig=nullptr}
04-29 02:18:05.114 I/RefreshRateSelector( 2388): 1 mode changes were performed under the previous policy
04-29 02:18:05.114 D/SurfaceFlinger( 2388): VRR [SurfaceFlinger] applyRefreshRateSelectorPolicy: 4 (120.00 Hz), policy: {defaultModeId=4, allowGroupSwitching=false, primaryRanges={physical=[120.00 Hz, 120.00 Hz], render=[120.00 Hz, 120.00 Hz]}, appRequestRanges={physical=[120.00 Hz, 120.00 Hz], render=[120.00 Hz, 120.00 Hz]} idleScreenConfig=nullptr}
04-29 02:18:05.114 D/SurfaceFlinger( 2388): VRR [SurfaceFlinger] setDesiredActiveMode: displayId: 4630946685746860179, renderRate: 120, vsyncRate: 120, event: 1
04-29 02:18:05.114 D/DisplayModeController( 2388): setDesiredMode 4630946685746860179 {mode={fps=120.00 Hz, modePtr={id=4, vsyncRate=120.00 Hz, peakRefreshRate=120.00 Hz}}, emitEvent=true, force=false}
04-29 02:18:05.115 D/VRR [OTI]( 2388): handleIdle from 1 to 0
04-29 02:18:05.115 D/VRR [OTI-HW]( 2388): isStateReady 0
04-29 02:18:05.115 D/VRR [OTI-HW]( 2388): keep rate.
04-29 02:18:05.115 D/VRR [OTI-ADFR]( 2388): targetRate change from 60 to 0
04-29 02:18:05.115 D/VRR [RefreshRateDirector]( 2388): requestRefreshRateByOti insert [ oti-adfr, {fps=0, modePtr={id=4, vsyncRate=120.00 Hz, peakRefreshRate=120.00 Hz}} ]
04-29 02:18:05.115 I/VRR-[OPlusRefreshRateSelector]( 2388): setIdleModeExternal success, idle fps: 0
04-29 02:18:05.115 D/ActivityTaskManager( 3543): setVisibility(Token{459269d ActivityRecord{251237729 u0 com.ss.android.ugc.aweme/.splash.SplashActivity t24509}}, visible=true) defer commitVisibility for transition collecting
04-29 02:18:05.115 D/VRI[SplashActivity](21887): dispatchAppVisibility visible:true mUpcomingWindowFocus:false
04-29 02:18:05.115 D/DisplayModeDirector( 3543): setAppRequest displayId : 0  modeId: 4  requestedRefreshRate: 120.00001  requestedMinRefreshRateRange: 120.00001  requestedMaxRefreshRateRange: 120.00001
04-29 02:18:05.115 I/UserAwareMgr( 3543): handleTopAppChanged: com.ss.android.ugc.aweme, pid: 21887, uid: 10331
04-29 02:18:05.115 I/SDM     ( 2125): DisplayBuiltIn::SetQSyncMode: VRR + update qsync mode 0 minfps 00C20080
04-29 02:18:05.115 D/ActivityTaskManager( 3543): onWindowFocusChanged Task{78b0174 #24509 type=standard A=10331:com.ss.android.ugc.aweme} would transfer to compact
04-29 02:18:05.115 I/OplusBinderProxy( 3543): un_pb uid: 10331 pid: 21887 rst: true , Desc: android.database.IContentObserver/-1
04-29 02:18:05.115 I/OplusBinderProxy( 3543): un_pb uid: 10331 pid: 21887 rst: true , Desc: android.app.IApplicationThread/42
04-29 02:18:05.115 I/OplusBinderProxy( 3543): un_pb uid: 10331 pid: 12491 rst: true , Desc: android.app.IApplicationThread/42
04-29 02:18:05.115 I/OplusBinderProxy( 3543): un_pb uid: 10331 pid: 21887 rst: true , Desc: android.view.accessibility.IAccessibilityManagerClient/4
04-29 02:18:05.115 D/ActivityTaskManager( 3543): NFW_setLastResumedActivityUncheckLocked:true r:ActivityRecord{251237729 u0 com.ss.android.ugc.aweme/.splash.SplashActivity t24509} currentFocus:null
04-29 02:18:05.115 I/OplusBinderProxy( 3543): un_pb uid: 10331 pid: 13329 rst: true , Desc: android.app.IApplicationThread/42
04-29 02:18:05.115 I/OplusBinderProxy( 3543): un_pb uid: 10331 pid: 12491 rst: true , Desc: android.view.accessibility.IAccessibilityManagerClient/4
04-29 02:18:05.115 I/OplusBinderProxy( 3543): proxyBinder uid: 10331 pkg: com.ss.android.ugc.aweme proxy: false calling: OFreezer
04-29 02:18:05.115 D/WindowManager( 3543): NFW_findFocusedWindowIfNeeded:null mCurrentFocus:null
04-29 02:18:05.115 D/FlexibleTaskController( 3543): onTaskFocusChanged prevTask:Task{f1c935a #24511 type=standard A=10639:com.hai.music} ,currentTask:Task{78b0174 #24509 type=standard A=10331:com.ss.android.ugc.aweme}, reason: resumeTopActivity - onActivityStateChanged
04-29 02:18:05.115 I/OplusHansManager ( 3543): up_alarm 10331
04-29 02:18:05.115 D/OplusFlexibleDCSManager( 3543): onNextPkgChanged pkg = com.ss.android.ugc.aweme
04-29 02:18:05.115 D/OplusAlarmAdjustment( 3543): unproxyAlarmsByUid(), uid=10331, pkgName=com.ss.android.ugc.aweme, requester=1
04-29 02:18:05.116 I/[UAH_CLIENT]( 3543): UahEventAcquire, cmdid:0, pkg:com.ss.android.ugc.aweme, identity:com.android.server.wm
04-29 02:18:05.116 I/OplusJoystickManager( 3543): handleApplicationSwitch deprecated!
04-29 02:18:05.116 I/GameManagerServiceExt-GameManagerServiceExt( 3543): on FG change: com.hai.music|com.ss.android.ugc.aweme
04-29 02:18:05.116 I/OplusHansManager ( 3543): up_BtScan: uid 10331 isUnProxy true
04-29 02:18:05.116 I/OplusHansManager ( 3543): up_job: 10331
04-29 02:18:05.116 I/OplusHansManager ( 3543): up_service: 10331
04-29 02:18:05.116 D/OplusEapManager( 3543): mTargetExitName :com.hai.music
04-29 02:18:05.116 D/FlexibleTaskController( 3543): isFullToFlexibleAnimating: false
04-29 02:18:05.116 D/WindowManager( 3543): rotation(ROTATION_0) no changed  displayId = 0, lastOrientation = 1
04-29 02:18:05.117 D/VRR [OPlusRefreshRateService]( 3543): handleFrontAppChange pkgName: null
04-29 02:18:05.117 I/OPM     ( 3543): handlePackageLaunched pkg: com.ss.android.ugc.aweme, uid: 10331, pid: 21887
04-29 02:18:05.117 I/OPM-Process( 3543): resume pkg: com.ss.android.ugc.aweme, uid:10331, prev pkg: com.hai.music, prev uid: 10639
04-29 02:18:05.117 V/DCSEX-AppSwitchManager( 5104): OnAppSwitchObserver: onAppExit, resuming = com.ss.android.ugc.aweme, target = com.hai.music, is ResumingFirstStart =  false, is ResumingMultiApp =  false, extensionInfo =  Bundle[mParcelledData.dataSize=600]
04-29 02:18:05.117 D/OplusFeatureColorMode( 3543): ColorMode getColorMode =0
04-29 02:18:05.117 D/ColorDisplayServiceExtImpl( 3543): getWCGVersion1App, packageName=com.ss.android.ugc.aweme, sSupportWCG1 = true, sSupportWCG3 = false, nRet = 0
04-29 02:18:05.117 I/OplusHansManager ( 3543): uid=10331, pkg=com.ss.android.ugc.aweme R exit(), R stay=0
04-29 02:18:05.117 D/OplusFeatureDMR[display=0]( 3543): onConfigChanged threadId=70 threadName=OplusDisplayWorkHandler physicalDisplayId=4630946685746860179 modeId=4  
04-29 02:18:05.117 I/PluginSeedling--Origin( 5372): LiveAlertInteractorImpl-->notifyEntryDataChanged ENTRY_STATUS_BAR, result:, noe: false
04-29 02:18:05.117 D/OplusAppSwitchRuleInfo( 3543): generateAppEnterInfo - launch_source_type =  , launch_source_traceid = 
04-29 02:18:05.117 W/Battery ( 6283): AppSwitchDetectorV2: OnAppSwitchObserver: onAppExit , info = OplusAppExitInfo = {  targetName = com.hai.music hasResumingActivity = true resumingPackageName = com.ss.android.ugc.aweme resumingActivityName = com.ss.android.ugc.aweme.main.MainActivity resumingWindowMode = 1 isResumingMultiApp = false isResumingFirstStart = false extension = Bundle[mParcelledData.dataSize=600]} lastReg=1777375095282
04-29 02:18:05.117 W/Battery ( 6283): AppSwitchManager: onAppSwitch: [m4.o$d@168888b]
04-29 02:18:05.117 I/PluginSeedling--Origin( 5372): LiveAlertInteractorImpl-->notifyEntryDataChanged ENTRY_NOTIFICATION, result:, noe: false
04-29 02:18:05.117 I/PluginSeedling--Notification( 5372): NotificationRepository-->onDataChanged, []
04-29 02:18:05.117 D/OplusAppSwitchRuleInfo( 3543): generateAppEnterInfo - launch_source_type =  , launch_source_traceid = 
04-29 02:18:05.117 I/VRR [AVT]( 2388): setFrameRate with [0, oti-adfr]
04-29 02:18:05.117 D/VRR-[OPlusVSyncReactor]( 2388): Set Avt Period and update immediately with period 0.
04-29 02:18:05.117 D/OplusAppSwitchRuleInfo( 3543): generateAppEnterInfo - launch_source_type =  , launch_source_traceid = 
04-29 02:18:05.117 I/VRR-[OPlusRefreshRateSelector]( 2388): updateDispTePeriod magic_mode: 5a878000, fps: 120
04-29 02:18:05.117 I/OplusLocationStatistics( 3543): recordNlpNavigatingStopped
04-29 02:18:05.117 I/OplusLocationStatistics( 3543): Nlp locaiton has update or Error has recored! Do nothing
04-29 02:18:05.117 I/SDM     ( 2125): HWDeviceDRM::OPlusGetHighPrecisionFps: VRR +  OPlusGetHighPrecisionFps: 8880128
04-29 02:18:05.117 I/SDM     ( 2125): DisplayBuiltIn::SetQSyncMode: VRR + update qsync mode 0 high_precision_fps 00878000
04-29 02:18:05.117 D/DisplayModeDirector( 3543): setAppRequest displayId : 0  modeId: 4  requestedRefreshRate: 0.0  requestedMinRefreshRateRange: 0.0  requestedMaxRefreshRateRange: 120.00001
04-29 02:18:05.117 D/OplusEapManager( 3543): mTargetEnterName :com.ss.android.ugc.aweme
04-29 02:18:05.118 D/OplusLatencyOptimizerManager( 3543): enter pkg: com.ss.android.ugc.aweme isPrevBlackAppTop: false mIsBlackAppTop: false
04-29 02:18:05.118 D/OplusWifiPower_TriggerCenter( 3543): mComponentCallback: fgapplist
04-29 02:18:05.118 D/OplusAppSwitchRuleInfo( 3543): generateAppEnterInfo - launch_source_type =  , launch_source_traceid = 
04-29 02:18:05.118 I/TaskOrganizerController( 3543): onTaskInfoChanged taskid 24511 config { mBounds=Rect(0, 0 - 1080, 2376) mAppBounds=Rect(0, 0 - 1080, 2376) mMaxBounds=Rect(0, 0 - 1080, 2376) mDisplayRotation=ROTATION_0 mWindowingMode=fullscreen mActivityType=standard mAlwaysOnTop=undefined mRotation=ROTATION_0}
04-29 02:18:05.118 D/OplusActionTxRate( 3543): enableTxRate start
04-29 02:18:05.118 D/vendor.oplus.hardware.location_aidl-service(15846): respCb: Response callback received: 0 95
04-29 02:18:05.118 D/OplusFlexibleDragToSplitAnimController( 3543): visibleFlexibleTaskInfos delete:24511
04-29 02:18:05.118 E/FlexibleWindowManagerService( 3543): notifyTaskObserverToAttachController not need to notify!
04-29 02:18:05.118 I/FlexibleWindowManagerService( 3543): onFlexibleWindowTaskInfoChanged, return for cur task not embedded
04-29 02:18:05.118 I/TaskOrganizerController( 3543): onTaskInfoChanged taskid 24509 config { mBounds=Rect(0, 0 - 1080, 2376) mAppBounds=Rect(0, 0 - 1080, 2376) mMaxBounds=Rect(0, 0 - 1080, 2376) mDisplayRotation=ROTATION_0 mWindowingMode=fullscreen mActivityType=standard mAlwaysOnTop=undefined mRotation=ROTATION_0}
04-29 02:18:05.118 E/SDM     ( 2125): DRMConnector::Perform: Connector 68: Setting Qsync min fps 12714112
04-29 02:18:05.118 I/SDM     ( 2125): HWDeviceDRM::OPlusGetHighPrecisionFps: VRR +  OPlusGetHighPrecisionFps: 8880128
04-29 02:18:05.118 I/SDM     ( 2125): HWDeviceDRM::OPlusGetHighPrecisionFps: VRR +  OPlusGetHighPrecisionFps: 8880128
04-29 02:18:05.118 E/SDM     ( 2125): DRMConnector::Perform: Connector 68: Setting high_precision_fps 8880128
04-29 02:18:05.118 D/OplusFlexibleDragToSplitAnimController( 3543): visibleFlexibleTaskInfos delete:24509
04-29 02:18:05.118 E/FlexibleWindowManagerService( 3543): notifyTaskObserverToAttachController not need to notify!
04-29 02:18:05.118 I/FlexibleWindowManagerService( 3543): onFlexibleWindowTaskInfoChanged, return for cur task not embedded
04-29 02:18:05.118 D/ColorModeChangeItem(21887): preExecute mColorMode=0
04-29 02:18:05.119 D/VRR [OPlusRefreshRateService]( 3543):  setDirectorStates [flag: 1, state: 1, directorStateOff: 1]
04-29 02:18:05.119 D/VRR [OPlusRefreshRateService]( 3543): handleFrontAppChange pkgName: com.ss.android.ugc.aweme
04-29 02:18:05.119 D/VRR [RefreshRateDirector]( 2388): updateState mState = 0
04-29 02:18:05.119 I/Osense-BaseDecisionMaker( 3543): notifySceneToAthenaPolicy: SCENE_APP_SWITCH, bundle: Bundle[{prevPkgName=com.hai.music, curUid=10331, isGame=false, curPkgName=com.ss.android.ugc.aweme, prevUid=10639}]
04-29 02:18:05.119 I/Osense-BaseDecisionMaker( 3543): scene: SCENE_APP_SWITCH, excutingPolicy: freezer
04-29 02:18:05.119 D/Osense-BaseDecisionMaker( 3543): invoke freezer policy,type: fast
04-29 02:18:05.119 D/CoreBackPreview( 3543):  return markWindowHasDrawn mComposed: false  mWaitTransition: false
04-29 02:18:05.119 D/OplusAlarmAdjustMap( 3543): removeProxyUid, uid=10331, requester=1
04-29 02:18:05.119 D/ActivityTaskManager( 3543): Clearing startingData for activity=ActivityRecord{104490018 u0 com.android.launcher/.Launcher t2} mStartingData=null mStartingSurface=null
04-29 02:18:05.119 D/VRR [OPlusSAManager]( 3543): updateAutoMinfps for 4630946685746860179 with nits: 47.48857, mHistOK true, mAmbientOK true, mCctOK true, mIrOK true, mBrightnessOK true, isPkgOK true, SA min fps: 3
04-29 02:18:05.119 D/SurfaceComposerClient( 3543): Transaction::apply InputWindowCommands.focusRequests timestamp=175985008222449, windowName=<null>
04-29 02:18:05.119 W/Battery ( 6283): ThermalControlUtils: mForegroundPkg=com.ss.android.ugc.aweme mLastWindowMode=1
04-29 02:18:05.120 D/SubsysLocationManager( 5752): onLocationChanged(passive)
04-29 02:18:05.120 I/18169PAS[16002130][4e8b173].ScheduleTaskManager_Travel(18169): doRemoveAlarmTaskLock: timestamp = ****-04-29 02:**:**
04-29 02:18:05.120 D/BorderPortEvent( 5752): onLocationChanged location.
04-29 02:18:05.120 D/BorderPortEvent( 5752): checkIsBorderPort cloub policy:false
04-29 02:18:05.120 D/SubsysThreadPool( 5752): execute task
04-29 02:18:05.120 D/AtomPassiveLocationInfo( 5752): handleMessage what:1
04-29 02:18:05.120 D/ExitGarageFilterEventImpl( 5752): handleMessage what:1
04-29 02:18:05.120 D/ExitGarageFilterEventImpl( 5752): onLocationChanged
04-29 02:18:05.120 D/ExitGarageFilterEventImpl( 5752): handleMessage what:1
04-29 02:18:05.120 D/ExitGarageFilterEventImpl( 5752): onLocationChanged
04-29 02:18:05.120 D/GeoFenceDetectionService-ConcertSyncService( 5752): handleMessage what:2004
04-29 02:18:05.120 D/GeoFenceDetectionService-ConcertSyncService( 5752): Location changed too small, distance:0.4140443801879883
04-29 02:18:05.120 D/GeoFenceDetectionService-AttractionSyncService( 5752): handleMessage what:2004
04-29 02:18:05.120 D/GeoFenceDetectionService-AttractionSyncService( 5752): Location changed too small, distance:0.4140443801879883
04-29 02:18:05.120 D/GeoFenceDetectionService-AirportSyncService( 5752): handleMessage what:2004
04-29 02:18:05.120 D/GeoFenceDetectionService-AirportSyncService( 5752): Location changed too small, distance:0.4140443801879883
04-29 02:18:05.120 D/GpsService( 5752): onLocationChanged
04-29 02:18:05.121 W/ProcessStats( 3543): Tracking association SourceState{3c8cb92 com.heytap.market/10110 Service #398273} whose proc state 8 is better than process ProcessState{857da8b com.heytap.htms:cloudclient/10174 pkg=com.heytap.htms} proc state 15 (0 skipped)
04-29 02:18:05.122 D/BootPressureHolder( 3543):  clear delayed queue records for com.hai.music
04-29 02:18:05.122 I/PendingIntentControllerExtImpl( 3543): Filter media button PendingIntent - pkg: com.hai.music, action: android.intent.action.MEDIA_BUTTON
04-29 02:18:05.122 I/PendingIntentControllerExtImpl( 3543): Filter media button PendingIntent - pkg: com.hai.music, action: android.intent.action.MEDIA_BUTTON
04-29 02:18:05.122 I/PendingIntentControllerExtImpl( 3543): Filter media button PendingIntent - pkg: com.hai.music, action: android.intent.action.MEDIA_BUTTON
04-29 02:18:05.122 D/OplusAppSwitchListener( 3543): App Activity Change
04-29 02:18:05.122 D/OplusAppSwitchListener( 3543): Detect com.hai.music switch to background
04-29 02:18:05.122 D/OplusFeatureReduceBrightness( 3543): onAppExit , info = com.hai.music
04-29 02:18:05.122 I/PendingIntentControllerExtImpl( 3543): Filter media button PendingIntent - pkg: com.hai.music, action: android.intent.action.MEDIA_BUTTON
04-29 02:18:05.122 D/OplusAppSwitchListener( 3543): Detect com.ss.android.ugc.aweme switch to foreground
04-29 02:18:05.122 D/OplusFeatureReduceBrightness( 3543): onAppEnter , info = com.ss.android.ugc.aweme
04-29 02:18:05.122 D/OplusFeatureReduceBrightness( 3543): reduce onAppEnter pkg=com.ss.android.ugc.aweme
